Component: ARM Compiler 6.14 Tool: armlink [5db06800]

==============================================================================

Image Symbol Table

    Local Symbols

    Symbol Name                              Value     Ov Type        Size  Object(Section)

    ../clib/microlib/division.c              0x00000000   Number         0  uidiv.o ABSOLUTE
    ../clib/microlib/init/entry.s            0x00000000   Number         0  entry.o ABSOLUTE
    ../clib/microlib/init/entry.s            0x00000000   Number         0  entry2.o ABSOLUTE
    ../clib/microlib/init/entry.s            0x00000000   Number         0  entry5.o ABSOLUTE
    ../clib/microlib/init/entry.s            0x00000000   Number         0  entry7a.o ABSOLUTE
    ../clib/microlib/init/entry.s            0x00000000   Number         0  entry7b.o ABSOLUTE
    ../clib/microlib/init/entry.s            0x00000000   Number         0  entry8a.o ABSOLUTE
    ../clib/microlib/init/entry.s            0x00000000   Number         0  entry8b.o ABSOLUTE
    ../clib/microlib/init/entry.s            0x00000000   Number         0  entry9a.o ABSOLUTE
    ../clib/microlib/init/entry.s            0x00000000   Number         0  entry9b.o ABSOLUTE
    ../clib/microlib/init/entry.s            0x00000000   Number         0  entry10a.o ABSOLUTE
    ../clib/microlib/init/entry.s            0x00000000   Number         0  entry10b.o ABSOLUTE
    ../clib/microlib/init/entry.s            0x00000000   Number         0  entry11a.o ABSOLUTE
    ../clib/microlib/init/entry.s            0x00000000   Number         0  entry11b.o ABSOLUTE
    adc.c                                    0x00000000   Number         0  adc.o ABSOLUTE
    bgr.c                                    0x00000000   Number         0  bgr.o ABSOLUTE
    dc.s                                     0x00000000   Number         0  dc.o ABSOLUTE
    ddl.c                                    0x00000000   Number         0  ddl.o ABSOLUTE
    gpio.c                                   0x00000000   Number         0  gpio.o ABSOLUTE
    handlers.s                               0x00000000   Number         0  handlers.o ABSOLUTE
    init.s                                   0x00000000   Number         0  init.o ABSOLUTE
    interrupts_hc32l13x.c                    0x00000000   Number         0  interrupts_hc32l13x.o ABSOLUTE
    main.c                                   0x00000000   Number         0  main.o ABSOLUTE
    startup_hc32l13x.s                       0x00000000   Number         0  startup_hc32l13x.o ABSOLUTE
    sysctrl.c                                0x00000000   Number         0  sysctrl.o ABSOLUTE
    system_hc32l13x.c                        0x00000000   Number         0  system_hc32l13x.o ABSOLUTE
    RESET                                    0x00000000   Section      192  startup_hc32l13x.o(RESET)
    .ARM.Collect$$$$00000000                 0x000000c0   Section        0  entry.o(.ARM.Collect$$$$00000000)
    .ARM.Collect$$$$00000001                 0x000000c0   Section        4  entry2.o(.ARM.Collect$$$$00000001)
    .ARM.Collect$$$$00000004                 0x000000c4   Section        4  entry5.o(.ARM.Collect$$$$00000004)
    .ARM.Collect$$$$00000008                 0x000000c8   Section        0  entry7b.o(.ARM.Collect$$$$00000008)
    .ARM.Collect$$$$0000000A                 0x000000c8   Section        0  entry8b.o(.ARM.Collect$$$$0000000A)
    .ARM.Collect$$$$0000000B                 0x000000c8   Section        8  entry9a.o(.ARM.Collect$$$$0000000B)
    __lit__00000000                          0x000000d0   Data           4  entry2.o(.ARM.Collect$$$$00002712)
    .ARM.Collect$$$$0000000D                 0x000000d0   Section        0  entry10a.o(.ARM.Collect$$$$0000000D)
    .ARM.Collect$$$$0000000F                 0x000000d0   Section        0  entry11a.o(.ARM.Collect$$$$0000000F)
    .ARM.Collect$$$$00002712                 0x000000d0   Section        4  entry2.o(.ARM.Collect$$$$00002712)
    .text                                    0x000000d4   Section       60  startup_hc32l13x.o(.text)
    .text                                    0x00000110   Section        0  uidiv.o(.text)
    .text                                    0x0000013c   Section       36  init.o(.text)
    [Anonymous Symbol]                       0x00000160   Section        0  system_hc32l13x.o(.text.$Sub$$main)
    [Anonymous Symbol]                       0x0000016e   Section        0  interrupts_hc32l13x.o(.text.ADC_IRQHandler)
    [Anonymous Symbol]                       0x00000178   Section        0  adc.o(.text.Adc_CfgSglChannel)
    [Anonymous Symbol]                       0x00000190   Section        0  adc.o(.text.Adc_ClrIrqStatus)
    __arm_cp.1_0                             0x0000019c   Number         4  adc.o(.text.Adc_ClrIrqStatus)
    [Anonymous Symbol]                       0x000001a0   Section        0  adc.o(.text.Adc_EnableIrq)
    [Anonymous Symbol]                       0x000001b0   Section        0  adc.o(.text.Adc_GetIrqStatus)
    __arm_cp.0_0                             0x000001c0   Number         4  adc.o(.text.Adc_GetIrqStatus)
    [Anonymous Symbol]                       0x000001c4   Section        0  adc.o(.text.Adc_GetSglResult)
    __arm_cp.21_0                            0x000001cc   Number         4  adc.o(.text.Adc_GetSglResult)
    [Anonymous Symbol]                       0x000001d0   Section        0  main.o(.text.Adc_IRQHandler)
    __arm_cp.4_0                             0x000001f0   Number         4  main.o(.text.Adc_IRQHandler)
    [Anonymous Symbol]                       0x000001f4   Section        0  adc.o(.text.Adc_Init)
    __arm_cp.4_0                             0x00000248   Number         4  adc.o(.text.Adc_Init)
    [Anonymous Symbol]                       0x0000024c   Section        0  adc.o(.text.Adc_SGL_Start)
    [Anonymous Symbol]                       0x00000254   Section        0  adc.o(.text.Adc_SGL_Stop)
    __arm_cp.9_0                             0x0000025c   Number         4  adc.o(.text.Adc_SGL_Stop)
    [Anonymous Symbol]                       0x00000260   Section        0  main.o(.text.App_AdcInit)
    [Anonymous Symbol]                       0x0000029e   Section        0  main.o(.text.App_AdcPortInit)
    [Anonymous Symbol]                       0x000002b2   Section        0  main.o(.text.App_AdcSglCfg)
    [Anonymous Symbol]                       0x000002d0   Section        0  bgr.o(.text.Bgr_BgrEnable)
    __arm_cp.0_0                             0x000002e4   Number         4  bgr.o(.text.Bgr_BgrEnable)
    [Anonymous Symbol]                       0x000002e8   Section        0  interrupts_hc32l13x.o(.text.CLKTRIM_IRQHandler)
    [Anonymous Symbol]                       0x000002f0   Section        0  interrupts_hc32l13x.o(.text.DMAC_IRQHandler)
    [Anonymous Symbol]                       0x000002f8   Section        0  interrupts_hc32l13x.o(.text.EnableNvic)
    __arm_cp.0_0                             0x0000036c   Number         4  interrupts_hc32l13x.o(.text.EnableNvic)
    __arm_cp.0_1                             0x00000370   Number         4  interrupts_hc32l13x.o(.text.EnableNvic)
    __arm_cp.0_2                             0x00000374   Number         4  interrupts_hc32l13x.o(.text.EnableNvic)
    __arm_cp.0_3                             0x00000378   Number         4  interrupts_hc32l13x.o(.text.EnableNvic)
    __arm_cp.0_4                             0x0000037c   Number         4  interrupts_hc32l13x.o(.text.EnableNvic)
    [Anonymous Symbol]                       0x00000380   Section        0  interrupts_hc32l13x.o(.text.FLASH_RAM_IRQHandler)
    [Anonymous Symbol]                       0x0000038c   Section        0  gpio.o(.text.Gpio_SetAnalogMode)
    __arm_cp.10_0                            0x0000039c   Number         4  gpio.o(.text.Gpio_SetAnalogMode)
    [Anonymous Symbol]                       0x000003a0   Section        0  interrupts_hc32l13x.o(.text.HardFault_Handler)
    [Anonymous Symbol]                       0x000003b0   Section        0  interrupts_hc32l13x.o(.text.I2C0_IRQHandler)
    [Anonymous Symbol]                       0x000003b8   Section        0  interrupts_hc32l13x.o(.text.I2C1_IRQHandler)
    [Anonymous Symbol]                       0x000003c0   Section        0  interrupts_hc32l13x.o(.text.LCD_IRQHandler)
    [Anonymous Symbol]                       0x000003c8   Section        0  interrupts_hc32l13x.o(.text.LPTIM_IRQHandler)
    [Anonymous Symbol]                       0x000003d0   Section        0  interrupts_hc32l13x.o(.text.LPUART0_IRQHandler)
    [Anonymous Symbol]                       0x000003d8   Section        0  interrupts_hc32l13x.o(.text.LPUART1_IRQHandler)
    [Anonymous Symbol]                       0x000003e0   Section        0  interrupts_hc32l13x.o(.text.LVD_IRQHandler)
    [Anonymous Symbol]                       0x000003e8   Section        0  interrupts_hc32l13x.o(.text.PCA_IRQHandler)
    [Anonymous Symbol]                       0x000003f0   Section        0  interrupts_hc32l13x.o(.text.PCNT_IRQHandler)
    [Anonymous Symbol]                       0x000003f8   Section        0  interrupts_hc32l13x.o(.text.PORTA_IRQHandler)
    [Anonymous Symbol]                       0x00000400   Section        0  interrupts_hc32l13x.o(.text.PORTB_IRQHandler)
    [Anonymous Symbol]                       0x00000408   Section        0  interrupts_hc32l13x.o(.text.PORTC_IRQHandler)
    [Anonymous Symbol]                       0x00000410   Section        0  interrupts_hc32l13x.o(.text.PORTD_IRQHandler)
    [Anonymous Symbol]                       0x00000418   Section        0  interrupts_hc32l13x.o(.text.RTC_IRQHandler)
    [Anonymous Symbol]                       0x00000420   Section        0  interrupts_hc32l13x.o(.text.SPI0_IRQHandler)
    [Anonymous Symbol]                       0x00000428   Section        0  interrupts_hc32l13x.o(.text.SPI1_IRQHandler)
    [Anonymous Symbol]                       0x00000430   Section        0  ddl.o(.text.SetBit)
    [Anonymous Symbol]                       0x00000446   Section        0  interrupts_hc32l13x.o(.text.SysTick_Handler)
    [Anonymous Symbol]                       0x00000450   Section        0  sysctrl.o(.text.Sysctrl_GetHClkFreq)
    __arm_cp.8_0                             0x0000052c   Number         4  sysctrl.o(.text.Sysctrl_GetHClkFreq)
    __arm_cp.8_2                             0x00000530   Number         4  sysctrl.o(.text.Sysctrl_GetHClkFreq)
    __arm_cp.8_4                             0x00000534   Number         4  sysctrl.o(.text.Sysctrl_GetHClkFreq)
    __arm_cp.8_5                             0x00000538   Number         4  sysctrl.o(.text.Sysctrl_GetHClkFreq)
    __arm_cp.8_6                             0x0000053c   Number         4  sysctrl.o(.text.Sysctrl_GetHClkFreq)
    __arm_cp.8_7                             0x00000540   Number         4  sysctrl.o(.text.Sysctrl_GetHClkFreq)
    __arm_cp.8_8                             0x00000544   Number         4  sysctrl.o(.text.Sysctrl_GetHClkFreq)
    [Anonymous Symbol]                       0x00000548   Section        0  sysctrl.o(.text.Sysctrl_SetPeripheralGate)
    __arm_cp.18_0                            0x00000558   Number         4  sysctrl.o(.text.Sysctrl_SetPeripheralGate)
    [Anonymous Symbol]                       0x0000055c   Section        0  system_hc32l13x.o(.text.SystemCoreClockUpdate)
    [Anonymous Symbol]                       0x00000568   Section        0  system_hc32l13x.o(.text.SystemInit)
    __arm_cp.1_0                             0x000005a4   Number         4  system_hc32l13x.o(.text.SystemInit)
    __arm_cp.1_1                             0x000005a8   Number         4  system_hc32l13x.o(.text.SystemInit)
    __arm_cp.1_2                             0x000005ac   Number         4  system_hc32l13x.o(.text.SystemInit)
    __arm_cp.1_3                             0x000005b0   Number         4  system_hc32l13x.o(.text.SystemInit)
    __arm_cp.1_4                             0x000005b4   Number         4  system_hc32l13x.o(.text.SystemInit)
    __arm_cp.1_5                             0x000005b8   Number         4  system_hc32l13x.o(.text.SystemInit)
    [Anonymous Symbol]                       0x000005bc   Section        0  interrupts_hc32l13x.o(.text.TIM0_IRQHandler)
    [Anonymous Symbol]                       0x000005c4   Section        0  interrupts_hc32l13x.o(.text.TIM1_IRQHandler)
    [Anonymous Symbol]                       0x000005cc   Section        0  interrupts_hc32l13x.o(.text.TIM2_IRQHandler)
    [Anonymous Symbol]                       0x000005d4   Section        0  interrupts_hc32l13x.o(.text.TIM3_IRQHandler)
    [Anonymous Symbol]                       0x000005dc   Section        0  interrupts_hc32l13x.o(.text.TIM4_IRQHandler)
    [Anonymous Symbol]                       0x000005e4   Section        0  interrupts_hc32l13x.o(.text.TIM5_IRQHandler)
    [Anonymous Symbol]                       0x000005ec   Section        0  interrupts_hc32l13x.o(.text.TIM6_IRQHandler)
    [Anonymous Symbol]                       0x000005f4   Section        0  interrupts_hc32l13x.o(.text.UART0_IRQHandler)
    [Anonymous Symbol]                       0x000005fc   Section        0  interrupts_hc32l13x.o(.text.UART1_IRQHandler)
    [Anonymous Symbol]                       0x00000604   Section        0  interrupts_hc32l13x.o(.text.VC0_IRQHandler)
    [Anonymous Symbol]                       0x0000060c   Section        0  interrupts_hc32l13x.o(.text.VC1_IRQHandler)
    [Anonymous Symbol]                       0x00000614   Section        0  interrupts_hc32l13x.o(.text.WDT_IRQHandler)
    [Anonymous Symbol]                       0x0000061c   Section        0  ddl.o(.text.ddl_memclr)
    [Anonymous Symbol]                       0x00000630   Section        0  ddl.o(.text.delay10us)
    __arm_cp.10_0                            0x00000670   Number         4  ddl.o(.text.delay10us)
    __arm_cp.10_1                            0x00000674   Number         4  ddl.o(.text.delay10us)
    __arm_cp.10_2                            0x00000678   Number         4  ddl.o(.text.delay10us)
    __arm_cp.10_3                            0x0000067c   Number         4  ddl.o(.text.delay10us)
    [Anonymous Symbol]                       0x00000680   Section        0  main.o(.text.main)
    i.__scatterload_copy                     0x0000068e   Section       14  handlers.o(i.__scatterload_copy)
    i.__scatterload_null                     0x0000069c   Section        2  handlers.o(i.__scatterload_null)
    i.__scatterload_zeroinit                 0x0000069e   Section       14  handlers.o(i.__scatterload_zeroinit)
    STACK                                    0x20000010   Section      512  startup_hc32l13x.o(STACK)

    Global Symbols

    Symbol Name                              Value     Ov Type        Size  Object(Section)

    BuildAttributes$$THM_ISAv3M$S$PE$A:L22$X:L11$S22$IEEE1$IW$~IW$USESV6$~STKCKD$USESV7$WCHAR32$ENUMINT$~SHL$OSPACE$EBA8$MICROLIB$REQ8$PRES8$EABIv2 0x00000000   Number         0  anon$$obj.o ABSOLUTE
    __Vectors                                0x00000000   Data           0  startup_hc32l13x.o(RESET)
    ClkTrim_IRQHandler                        - Undefined Weak Reference
    Dmac_IRQHandler                           - Undefined Weak Reference
    Flash_IRQHandler                          - Undefined Weak Reference
    I2c0_IRQHandler                           - Undefined Weak Reference
    I2c1_IRQHandler                           - Undefined Weak Reference
    Lcd_IRQHandler                            - Undefined Weak Reference
    LpTim_IRQHandler                          - Undefined Weak Reference
    LpUart0_IRQHandler                        - Undefined Weak Reference
    LpUart1_IRQHandler                        - Undefined Weak Reference
    Lvd_IRQHandler                            - Undefined Weak Reference
    Pca_IRQHandler                            - Undefined Weak Reference
    Pcnt_IRQHandler                           - Undefined Weak Reference
    PortA_IRQHandler                          - Undefined Weak Reference
    PortB_IRQHandler                          - Undefined Weak Reference
    PortC_IRQHandler                          - Undefined Weak Reference
    PortD_IRQHandler                          - Undefined Weak Reference
    Ram_IRQHandler                            - Undefined Weak Reference
    Rtc_IRQHandler                            - Undefined Weak Reference
    Spi0_IRQHandler                           - Undefined Weak Reference
    Spi1_IRQHandler                           - Undefined Weak Reference
    SysTick_IRQHandler                        - Undefined Weak Reference
    Tim0_IRQHandler                           - Undefined Weak Reference
    Tim1_IRQHandler                           - Undefined Weak Reference
    Tim2_IRQHandler                           - Undefined Weak Reference
    Tim3_IRQHandler                           - Undefined Weak Reference
    Tim4_IRQHandler                           - Undefined Weak Reference
    Tim5_IRQHandler                           - Undefined Weak Reference
    Tim6_IRQHandler                           - Undefined Weak Reference
    Uart0_IRQHandler                          - Undefined Weak Reference
    Uart1_IRQHandler                          - Undefined Weak Reference
    Vc0_IRQHandler                            - Undefined Weak Reference
    Vc1_IRQHandler                            - Undefined Weak Reference
    Wdt_IRQHandler                            - Undefined Weak Reference
    __cpp_initialize__aeabi_                  - Undefined Weak Reference
    __cxa_finalize                            - Undefined Weak Reference
    __decompress                              - Undefined Weak Reference
    _clock_init                               - Undefined Weak Reference
    _microlib_exit                            - Undefined Weak Reference
    __Vectors_End                            0x000000c0   Data           0  startup_hc32l13x.o(RESET)
    __Vectors_Size                           0x000000c0   Number         0  startup_hc32l13x.o ABSOLUTE
    __main                                   0x000000c1   Thumb Code     0  entry.o(.ARM.Collect$$$$00000000)
    _main_stk                                0x000000c1   Thumb Code     0  entry2.o(.ARM.Collect$$$$00000001)
    _main_scatterload                        0x000000c5   Thumb Code     0  entry5.o(.ARM.Collect$$$$00000004)
    __main_after_scatterload                 0x000000c9   Thumb Code     0  entry5.o(.ARM.Collect$$$$00000004)
    _main_clock                              0x000000c9   Thumb Code     0  entry7b.o(.ARM.Collect$$$$00000008)
    _main_cpp_init                           0x000000c9   Thumb Code     0  entry8b.o(.ARM.Collect$$$$0000000A)
    _main_init                               0x000000c9   Thumb Code     0  entry9a.o(.ARM.Collect$$$$0000000B)
    __rt_final_cpp                           0x000000d1   Thumb Code     0  entry10a.o(.ARM.Collect$$$$0000000D)
    __rt_final_exit                          0x000000d1   Thumb Code     0  entry11a.o(.ARM.Collect$$$$0000000F)
    Reset_Handler                            0x000000d5   Thumb Code    26  startup_hc32l13x.o(.text)
    NMI_Handler                              0x000000ef   Thumb Code     2  startup_hc32l13x.o(.text)
    SVC_Handler                              0x000000f3   Thumb Code     2  startup_hc32l13x.o(.text)
    PendSV_Handler                           0x000000f5   Thumb Code     2  startup_hc32l13x.o(.text)
    __aeabi_uidiv                            0x00000111   Thumb Code     0  uidiv.o(.text)
    __aeabi_uidivmod                         0x00000111   Thumb Code    44  uidiv.o(.text)
    __scatterload                            0x0000013d   Thumb Code    28  init.o(.text)
    __scatterload_rt2                        0x0000013d   Thumb Code     0  init.o(.text)
    main                                     0x00000161   Thumb Code    14  system_hc32l13x.o(.text.$Sub$$main)
    ADC_IRQHandler                           0x0000016f   Thumb Code     8  interrupts_hc32l13x.o(.text.ADC_IRQHandler)
    Adc_CfgSglChannel                        0x00000179   Thumb Code    24  adc.o(.text.Adc_CfgSglChannel)
    Adc_ClrIrqStatus                         0x00000191   Thumb Code    16  adc.o(.text.Adc_ClrIrqStatus)
    Adc_EnableIrq                            0x000001a1   Thumb Code    16  adc.o(.text.Adc_EnableIrq)
    Adc_GetIrqStatus                         0x000001b1   Thumb Code    20  adc.o(.text.Adc_GetIrqStatus)
    Adc_GetSglResult                         0x000001c5   Thumb Code    12  adc.o(.text.Adc_GetSglResult)
    Adc_IRQHandler                           0x000001d1   Thumb Code    36  main.o(.text.Adc_IRQHandler)
    Adc_Init                                 0x000001f5   Thumb Code    88  adc.o(.text.Adc_Init)
    Adc_SGL_Start                            0x0000024d   Thumb Code     8  adc.o(.text.Adc_SGL_Start)
    Adc_SGL_Stop                             0x00000255   Thumb Code    12  adc.o(.text.Adc_SGL_Stop)
    App_AdcInit                              0x00000261   Thumb Code    62  main.o(.text.App_AdcInit)
    App_AdcPortInit                          0x0000029f   Thumb Code    20  main.o(.text.App_AdcPortInit)
    App_AdcSglCfg                            0x000002b3   Thumb Code    28  main.o(.text.App_AdcSglCfg)
    Bgr_BgrEnable                            0x000002d1   Thumb Code    24  bgr.o(.text.Bgr_BgrEnable)
    CLKTRIM_IRQHandler                       0x000002e9   Thumb Code     8  interrupts_hc32l13x.o(.text.CLKTRIM_IRQHandler)
    DMAC_IRQHandler                          0x000002f1   Thumb Code     8  interrupts_hc32l13x.o(.text.DMAC_IRQHandler)
    EnableNvic                               0x000002f9   Thumb Code   136  interrupts_hc32l13x.o(.text.EnableNvic)
    FLASH_RAM_IRQHandler                     0x00000381   Thumb Code    12  interrupts_hc32l13x.o(.text.FLASH_RAM_IRQHandler)
    Gpio_SetAnalogMode                       0x0000038d   Thumb Code    20  gpio.o(.text.Gpio_SetAnalogMode)
    HardFault_Handler                        0x000003a1   Thumb Code    16  interrupts_hc32l13x.o(.text.HardFault_Handler)
    I2C0_IRQHandler                          0x000003b1   Thumb Code     8  interrupts_hc32l13x.o(.text.I2C0_IRQHandler)
    I2C1_IRQHandler                          0x000003b9   Thumb Code     8  interrupts_hc32l13x.o(.text.I2C1_IRQHandler)
    LCD_IRQHandler                           0x000003c1   Thumb Code     8  interrupts_hc32l13x.o(.text.LCD_IRQHandler)
    LPTIM_IRQHandler                         0x000003c9   Thumb Code     8  interrupts_hc32l13x.o(.text.LPTIM_IRQHandler)
    LPUART0_IRQHandler                       0x000003d1   Thumb Code     8  interrupts_hc32l13x.o(.text.LPUART0_IRQHandler)
    LPUART1_IRQHandler                       0x000003d9   Thumb Code     8  interrupts_hc32l13x.o(.text.LPUART1_IRQHandler)
    LVD_IRQHandler                           0x000003e1   Thumb Code     8  interrupts_hc32l13x.o(.text.LVD_IRQHandler)
    PCA_IRQHandler                           0x000003e9   Thumb Code     8  interrupts_hc32l13x.o(.text.PCA_IRQHandler)
    PCNT_IRQHandler                          0x000003f1   Thumb Code     8  interrupts_hc32l13x.o(.text.PCNT_IRQHandler)
    PORTA_IRQHandler                         0x000003f9   Thumb Code     8  interrupts_hc32l13x.o(.text.PORTA_IRQHandler)
    PORTB_IRQHandler                         0x00000401   Thumb Code     8  interrupts_hc32l13x.o(.text.PORTB_IRQHandler)
    PORTC_IRQHandler                         0x00000409   Thumb Code     8  interrupts_hc32l13x.o(.text.PORTC_IRQHandler)
    PORTD_IRQHandler                         0x00000411   Thumb Code     8  interrupts_hc32l13x.o(.text.PORTD_IRQHandler)
    RTC_IRQHandler                           0x00000419   Thumb Code     8  interrupts_hc32l13x.o(.text.RTC_IRQHandler)
    SPI0_IRQHandler                          0x00000421   Thumb Code     8  interrupts_hc32l13x.o(.text.SPI0_IRQHandler)
    SPI1_IRQHandler                          0x00000429   Thumb Code     8  interrupts_hc32l13x.o(.text.SPI1_IRQHandler)
    SetBit                                   0x00000431   Thumb Code    22  ddl.o(.text.SetBit)
    SysTick_Handler                          0x00000447   Thumb Code     8  interrupts_hc32l13x.o(.text.SysTick_Handler)
    Sysctrl_GetHClkFreq                      0x00000451   Thumb Code   248  sysctrl.o(.text.Sysctrl_GetHClkFreq)
    Sysctrl_SetPeripheralGate                0x00000549   Thumb Code    20  sysctrl.o(.text.Sysctrl_SetPeripheralGate)
    SystemCoreClockUpdate                    0x0000055d   Thumb Code    12  system_hc32l13x.o(.text.SystemCoreClockUpdate)
    SystemInit                               0x00000569   Thumb Code    84  system_hc32l13x.o(.text.SystemInit)
    TIM0_IRQHandler                          0x000005bd   Thumb Code     8  interrupts_hc32l13x.o(.text.TIM0_IRQHandler)
    TIM1_IRQHandler                          0x000005c5   Thumb Code     8  interrupts_hc32l13x.o(.text.TIM1_IRQHandler)
    TIM2_IRQHandler                          0x000005cd   Thumb Code     8  interrupts_hc32l13x.o(.text.TIM2_IRQHandler)
    TIM3_IRQHandler                          0x000005d5   Thumb Code     8  interrupts_hc32l13x.o(.text.TIM3_IRQHandler)
    TIM4_IRQHandler                          0x000005dd   Thumb Code     8  interrupts_hc32l13x.o(.text.TIM4_IRQHandler)
    TIM5_IRQHandler                          0x000005e5   Thumb Code     8  interrupts_hc32l13x.o(.text.TIM5_IRQHandler)
    TIM6_IRQHandler                          0x000005ed   Thumb Code     8  interrupts_hc32l13x.o(.text.TIM6_IRQHandler)
    UART0_IRQHandler                         0x000005f5   Thumb Code     8  interrupts_hc32l13x.o(.text.UART0_IRQHandler)
    UART1_IRQHandler                         0x000005fd   Thumb Code     8  interrupts_hc32l13x.o(.text.UART1_IRQHandler)
    VC0_IRQHandler                           0x00000605   Thumb Code     8  interrupts_hc32l13x.o(.text.VC0_IRQHandler)
    VC1_IRQHandler                           0x0000060d   Thumb Code     8  interrupts_hc32l13x.o(.text.VC1_IRQHandler)
    WDT_IRQHandler                           0x00000615   Thumb Code     8  interrupts_hc32l13x.o(.text.WDT_IRQHandler)
    ddl_memclr                               0x0000061d   Thumb Code    20  ddl.o(.text.ddl_memclr)
    delay10us                                0x00000631   Thumb Code    80  ddl.o(.text.delay10us)
    $Super$$main                             0x00000681   Thumb Code    14  main.o(.text.main)
    __scatterload_copy                       0x0000068f   Thumb Code    14  handlers.o(i.__scatterload_copy)
    __scatterload_null                       0x0000069d   Thumb Code     2  handlers.o(i.__scatterload_null)
    __scatterload_zeroinit                   0x0000069f   Thumb Code    14  handlers.o(i.__scatterload_zeroinit)
    Region$$Table$$Base                      0x000006ac   Number         0  anon$$obj.o(Region$$Table)
    Region$$Table$$Limit                     0x000006cc   Number         0  anon$$obj.o(Region$$Table)
    SystemCoreClock                          0x20000000   Data           4  system_hc32l13x.o(.data.SystemCoreClock)
    u32AdcRestult                            0x20000008   Data           4  main.o(.bss.u32AdcRestult)
    __initial_sp                             0x20000210   Data           0  startup_hc32l13x.o(STACK)



==============================================================================

Memory Map of the image

  Image Entry point : 0x000000c1

  Load Region LR_IROM1 (Base: 0x00000000, Size: 0x000006d8, Max: 0x00010000, ABSOLUTE)

    Execution Region ER_IROM1 (Exec base: 0x00000000, Load base: 0x00000000, Size: 0x000006cc, Max: 0x00010000, ABSOLUTE)

    Exec Addr    Load Addr    Size         Type   Attr      Idx    E Section Name        Object

    0x00000000   0x00000000   0x000000c0   Data   RO            3    RESET               startup_hc32l13x.o
    0x000000c0   0x000000c0   0x00000000   Code   RO          345  * .ARM.Collect$$$$00000000  mc_p.l(entry.o)
    0x000000c0   0x000000c0   0x00000004   Code   RO          350    .ARM.Collect$$$$00000001  mc_p.l(entry2.o)
    0x000000c4   0x000000c4   0x00000004   Code   RO          353    .ARM.Collect$$$$00000004  mc_p.l(entry5.o)
    0x000000c8   0x000000c8   0x00000000   Code   RO          355    .ARM.Collect$$$$00000008  mc_p.l(entry7b.o)
    0x000000c8   0x000000c8   0x00000000   Code   RO          357    .ARM.Collect$$$$0000000A  mc_p.l(entry8b.o)
    0x000000c8   0x000000c8   0x00000008   Code   RO          358    .ARM.Collect$$$$0000000B  mc_p.l(entry9a.o)
    0x000000d0   0x000000d0   0x00000000   Code   RO          360    .ARM.Collect$$$$0000000D  mc_p.l(entry10a.o)
    0x000000d0   0x000000d0   0x00000000   Code   RO          362    .ARM.Collect$$$$0000000F  mc_p.l(entry11a.o)
    0x000000d0   0x000000d0   0x00000004   Code   RO          351    .ARM.Collect$$$$00002712  mc_p.l(entry2.o)
    0x000000d4   0x000000d4   0x0000003c   Code   RO            4    .text               startup_hc32l13x.o
    0x00000110   0x00000110   0x0000002c   Code   RO          348    .text               mc_p.l(uidiv.o)
    0x0000013c   0x0000013c   0x00000024   Code   RO          364    .text               mc_p.l(init.o)
    0x00000160   0x00000160   0x0000000e   Code   RO           93    .text.$Sub$$main    system_hc32l13x.o
    0x0000016e   0x0000016e   0x00000008   Code   RO           65    .text.ADC_IRQHandler  interrupts_hc32l13x.o
    0x00000176   0x00000176   0x00000002   PAD
    0x00000178   0x00000178   0x00000018   Code   RO          245    .text.Adc_CfgSglChannel  adc.o
    0x00000190   0x00000190   0x00000010   Code   RO          211    .text.Adc_ClrIrqStatus  adc.o
    0x000001a0   0x000001a0   0x00000010   Code   RO          213    .text.Adc_EnableIrq  adc.o
    0x000001b0   0x000001b0   0x00000014   Code   RO          209    .text.Adc_GetIrqStatus  adc.o
    0x000001c4   0x000001c4   0x0000000c   Code   RO          251    .text.Adc_GetSglResult  adc.o
    0x000001d0   0x000001d0   0x00000024   Code   RO          112    .text.Adc_IRQHandler  main.o
    0x000001f4   0x000001f4   0x00000058   Code   RO          217    .text.Adc_Init      adc.o
    0x0000024c   0x0000024c   0x00000008   Code   RO          225    .text.Adc_SGL_Start  adc.o
    0x00000254   0x00000254   0x0000000c   Code   RO          227    .text.Adc_SGL_Stop  adc.o
    0x00000260   0x00000260   0x0000003e   Code   RO          108    .text.App_AdcInit   main.o
    0x0000029e   0x0000029e   0x00000014   Code   RO          106    .text.App_AdcPortInit  main.o
    0x000002b2   0x000002b2   0x0000001c   Code   RO          110    .text.App_AdcSglCfg  main.o
    0x000002ce   0x000002ce   0x00000002   PAD
    0x000002d0   0x000002d0   0x00000018   Code   RO          331    .text.Bgr_BgrEnable  bgr.o
    0x000002e8   0x000002e8   0x00000008   Code   RO           79    .text.CLKTRIM_IRQHandler  interrupts_hc32l13x.o
    0x000002f0   0x000002f0   0x00000008   Code   RO           25    .text.DMAC_IRQHandler  interrupts_hc32l13x.o
    0x000002f8   0x000002f8   0x00000088   Code   RO           11    .text.EnableNvic    interrupts_hc32l13x.o
    0x00000380   0x00000380   0x0000000c   Code   RO           77    .text.FLASH_RAM_IRQHandler  interrupts_hc32l13x.o
    0x0000038c   0x0000038c   0x00000014   Code   RO          291    .text.Gpio_SetAnalogMode  gpio.o
    0x000003a0   0x000003a0   0x00000010   Code   RO           13    .text.HardFault_Handler  interrupts_hc32l13x.o
    0x000003b0   0x000003b0   0x00000008   Code   RO           41    .text.I2C0_IRQHandler  interrupts_hc32l13x.o
    0x000003b8   0x000003b8   0x00000008   Code   RO           43    .text.I2C1_IRQHandler  interrupts_hc32l13x.o
    0x000003c0   0x000003c0   0x00000008   Code   RO           75    .text.LCD_IRQHandler  interrupts_hc32l13x.o
    0x000003c8   0x000003c8   0x00000008   Code   RO           51    .text.LPTIM_IRQHandler  interrupts_hc32l13x.o
    0x000003d0   0x000003d0   0x00000008   Code   RO           33    .text.LPUART0_IRQHandler  interrupts_hc32l13x.o
    0x000003d8   0x000003d8   0x00000008   Code   RO           35    .text.LPUART1_IRQHandler  interrupts_hc32l13x.o
    0x000003e0   0x000003e0   0x00000008   Code   RO           73    .text.LVD_IRQHandler  interrupts_hc32l13x.o
    0x000003e8   0x000003e8   0x00000008   Code   RO           59    .text.PCA_IRQHandler  interrupts_hc32l13x.o
    0x000003f0   0x000003f0   0x00000008   Code   RO           67    .text.PCNT_IRQHandler  interrupts_hc32l13x.o
    0x000003f8   0x000003f8   0x00000008   Code   RO           17    .text.PORTA_IRQHandler  interrupts_hc32l13x.o
    0x00000400   0x00000400   0x00000008   Code   RO           19    .text.PORTB_IRQHandler  interrupts_hc32l13x.o
    0x00000408   0x00000408   0x00000008   Code   RO           21    .text.PORTC_IRQHandler  interrupts_hc32l13x.o
    0x00000410   0x00000410   0x00000008   Code   RO           23    .text.PORTD_IRQHandler  interrupts_hc32l13x.o
    0x00000418   0x00000418   0x00000008   Code   RO           63    .text.RTC_IRQHandler  interrupts_hc32l13x.o
    0x00000420   0x00000420   0x00000008   Code   RO           37    .text.SPI0_IRQHandler  interrupts_hc32l13x.o
    0x00000428   0x00000428   0x00000008   Code   RO           39    .text.SPI1_IRQHandler  interrupts_hc32l13x.o
    0x00000430   0x00000430   0x00000016   Code   RO          145    .text.SetBit        ddl.o
    0x00000446   0x00000446   0x00000008   Code   RO           15    .text.SysTick_Handler  interrupts_hc32l13x.o
    0x0000044e   0x0000044e   0x00000002   PAD
    0x00000450   0x00000450   0x000000f8   Code   RO          173    .text.Sysctrl_GetHClkFreq  sysctrl.o
    0x00000548   0x00000548   0x00000014   Code   RO          193    .text.Sysctrl_SetPeripheralGate  sysctrl.o
    0x0000055c   0x0000055c   0x0000000c   Code   RO           89    .text.SystemCoreClockUpdate  system_hc32l13x.o
    0x00000568   0x00000568   0x00000054   Code   RO           91    .text.SystemInit    system_hc32l13x.o
    0x000005bc   0x000005bc   0x00000008   Code   RO           45    .text.TIM0_IRQHandler  interrupts_hc32l13x.o
    0x000005c4   0x000005c4   0x00000008   Code   RO           47    .text.TIM1_IRQHandler  interrupts_hc32l13x.o
    0x000005cc   0x000005cc   0x00000008   Code   RO           49    .text.TIM2_IRQHandler  interrupts_hc32l13x.o
    0x000005d4   0x000005d4   0x00000008   Code   RO           27    .text.TIM3_IRQHandler  interrupts_hc32l13x.o
    0x000005dc   0x000005dc   0x00000008   Code   RO           53    .text.TIM4_IRQHandler  interrupts_hc32l13x.o
    0x000005e4   0x000005e4   0x00000008   Code   RO           55    .text.TIM5_IRQHandler  interrupts_hc32l13x.o
    0x000005ec   0x000005ec   0x00000008   Code   RO           57    .text.TIM6_IRQHandler  interrupts_hc32l13x.o
    0x000005f4   0x000005f4   0x00000008   Code   RO           29    .text.UART0_IRQHandler  interrupts_hc32l13x.o
    0x000005fc   0x000005fc   0x00000008   Code   RO           31    .text.UART1_IRQHandler  interrupts_hc32l13x.o
    0x00000604   0x00000604   0x00000008   Code   RO           69    .text.VC0_IRQHandler  interrupts_hc32l13x.o
    0x0000060c   0x0000060c   0x00000008   Code   RO           71    .text.VC1_IRQHandler  interrupts_hc32l13x.o
    0x00000614   0x00000614   0x00000008   Code   RO           61    .text.WDT_IRQHandler  interrupts_hc32l13x.o
    0x0000061c   0x0000061c   0x00000014   Code   RO          125    .text.ddl_memclr    ddl.o
    0x00000630   0x00000630   0x00000050   Code   RO          143    .text.delay10us     ddl.o
    0x00000680   0x00000680   0x0000000e   Code   RO          104    .text.main          main.o
    0x0000068e   0x0000068e   0x0000000e   Code   RO          368    i.__scatterload_copy  mc_p.l(handlers.o)
    0x0000069c   0x0000069c   0x00000002   Code   RO          369    i.__scatterload_null  mc_p.l(handlers.o)
    0x0000069e   0x0000069e   0x0000000e   Code   RO          370    i.__scatterload_zeroinit  mc_p.l(handlers.o)
    0x000006ac   0x000006ac   0x00000020   Data   RO          367    Region$$Table       anon$$obj.o


    Execution Region RW_IRAM1 (Exec base: 0x20000000, Load base: 0x000006d0, Size: 0x00000210, Max: 0x00002000, ABSOLUTE)

    Exec Addr    Load Addr    Size         Type   Attr      Idx    E Section Name        Object

    0x20000000   0x000006d0   0x00000004   Data   RW           95    .data.SystemCoreClock  system_hc32l13x.o
    0x20000004   0x000006d4   0x00000004   PAD
    0x20000008        -       0x00000004   Zero   RW          114    .bss.u32AdcRestult  main.o
    0x2000000c   0x000006d4   0x00000004   PAD
    0x20000010        -       0x00000200   Zero   RW            1    STACK               startup_hc32l13x.o


==============================================================================

Image component sizes


      Code (inc. data)   RO Data    RW Data    ZI Data      Debug   Object Name

       196         20          0          0          0      17539   adc.o
        24          4          0          0          0       1153   bgr.o
       122         16          0          0          0       3471   ddl.o
        20          4          0          0          0      44278   gpio.o
       420         20          0          0          0       6304   interrupts_hc32l13x.o
       160          4          0          0          4       5230   main.o
        60         22        192          0        512        620   startup_hc32l13x.o
       268         38          0          0          0      50067   sysctrl.o
       110         24          0          4          0       4242   system_hc32l13x.o

    ----------------------------------------------------------------------
      1386        152        224          4        524     132904   Object Totals
         0          0         32          0          0          0   (incl. Generated)
         6          0          0          0          8          0   (incl. Padding)

    ----------------------------------------------------------------------

      Code (inc. data)   RO Data    RW Data    ZI Data      Debug   Library Member Name

         0          0          0          0          0          0   entry.o
         0          0          0          0          0          0   entry10a.o
         0          0          0          0          0          0   entry11a.o
         8          4          0          0          0          0   entry2.o
         4          0          0          0          0          0   entry5.o
         0          0          0          0          0          0   entry7b.o
         0          0          0          0          0          0   entry8b.o
         8          4          0          0          0          0   entry9a.o
        30          0          0          0          0          0   handlers.o
        36          8          0          0          0         68   init.o
        44          0          0          0          0         72   uidiv.o

    ----------------------------------------------------------------------
       130         16          0          0          0        140   Library Totals
         0          0          0          0          0          0   (incl. Padding)

    ----------------------------------------------------------------------

      Code (inc. data)   RO Data    RW Data    ZI Data      Debug   Library Name

       130         16          0          0          0        140   mc_p.l

    ----------------------------------------------------------------------
       130         16          0          0          0        140   Library Totals

    ----------------------------------------------------------------------

==============================================================================


      Code (inc. data)   RO Data    RW Data    ZI Data      Debug   

      1516        168        224          4        524     133084   Grand Totals
      1516        168        224          4        524     133084   ELF Image Totals
      1516        168        224          4          0          0   ROM Totals

==============================================================================

    Total RO  Size (Code + RO Data)                 1740 (   1.70kB)
    Total RW  Size (RW Data + ZI Data)               528 (   0.52kB)
    Total ROM Size (Code + RO Data + RW Data)       1744 (   1.70kB)

==============================================================================

