Component: ARM Compiler 6.14 Tool: armlink [5db06800]

==============================================================================

Image Symbol Table

    Local Symbols

    Symbol Name                              Value     Ov Type        Size  Object(Section)

    ../clib/microlib/division.c              0x00000000   Number         0  uidiv.o ABSOLUTE
    ../clib/microlib/division.c              0x00000000   Number         0  idiv.o ABSOLUTE
    ../clib/microlib/init/entry.s            0x00000000   Number         0  entry.o ABSOLUTE
    ../clib/microlib/init/entry.s            0x00000000   Number         0  entry2.o ABSOLUTE
    ../clib/microlib/init/entry.s            0x00000000   Number         0  entry5.o ABSOLUTE
    ../clib/microlib/init/entry.s            0x00000000   Number         0  entry7a.o ABSOLUTE
    ../clib/microlib/init/entry.s            0x00000000   Number         0  entry7b.o ABSOLUTE
    ../clib/microlib/init/entry.s            0x00000000   Number         0  entry8a.o ABSOLUTE
    ../clib/microlib/init/entry.s            0x00000000   Number         0  entry8b.o ABSOLUTE
    ../clib/microlib/init/entry.s            0x00000000   Number         0  entry9a.o ABSOLUTE
    ../clib/microlib/init/entry.s            0x00000000   Number         0  entry9b.o ABSOLUTE
    ../clib/microlib/init/entry.s            0x00000000   Number         0  entry10a.o ABSOLUTE
    ../clib/microlib/init/entry.s            0x00000000   Number         0  entry10b.o ABSOLUTE
    ../clib/microlib/init/entry.s            0x00000000   Number         0  entry11a.o ABSOLUTE
    ../clib/microlib/init/entry.s            0x00000000   Number         0  entry11b.o ABSOLUTE
    ../clib/microlib/longlong.c              0x00000000   Number         0  llshl.o ABSOLUTE
    ../clib/microlib/longlong.c              0x00000000   Number         0  llsshr.o ABSOLUTE
    ../clib/microlib/longlong.c              0x00000000   Number         0  llushr.o ABSOLUTE
    ../clib/microlib/stdlib/qsort.c          0x00000000   Number         0  qsort.o ABSOLUTE
    ../clib/microlib/string/memset.c         0x00000000   Number         0  memseta.o ABSOLUTE
    ../clib/microlib/stubs.s                 0x00000000   Number         0  iusefp.o ABSOLUTE
    ../fplib/microlib/d2f.c                  0x00000000   Number         0  d2f.o ABSOLUTE
    ../fplib/microlib/f2d.c                  0x00000000   Number         0  f2d.o ABSOLUTE
    ../fplib/microlib/fpadd.c                0x00000000   Number         0  fadd.o ABSOLUTE
    ../fplib/microlib/fpadd.c                0x00000000   Number         0  dadd.o ABSOLUTE
    ../fplib/microlib/fpcmp.c                0x00000000   Number         0  fcmplt.o ABSOLUTE
    ../fplib/microlib/fpcmp.c                0x00000000   Number         0  fcmpgt.o ABSOLUTE
    ../fplib/microlib/fpdiv.c                0x00000000   Number         0  fdiv.o ABSOLUTE
    ../fplib/microlib/fpepilogue.c           0x00000000   Number         0  fepilogue.o ABSOLUTE
    ../fplib/microlib/fpepilogue.c           0x00000000   Number         0  depilogue.o ABSOLUTE
    ../fplib/microlib/fpfix.c                0x00000000   Number         0  ffixi.o ABSOLUTE
    ../fplib/microlib/fpflt.c                0x00000000   Number         0  ffltui.o ABSOLUTE
    ../fplib/microlib/fpmul.c                0x00000000   Number         0  fmul.o ABSOLUTE
    ../fplib/microlib/fpmul.c                0x00000000   Number         0  dmul.o ABSOLUTE
    5p3k_receiver.c                          0x00000000   Number         0  5p3k_receiver.o ABSOLUTE
    CN121_API.c                              0x00000000   Number         0  cn121_api.o ABSOLUTE
    CN121_ECG_Filter.c                       0x00000000   Number         0  cn121_ecg_filter.o ABSOLUTE
    CN121_HR_smooth.c                        0x00000000   Number         0  cn121_hr_smooth.o ABSOLUTE
    CN121_qrs_Det.c                          0x00000000   Number         0  cn121_qrs_det.o ABSOLUTE
    CN121_utils.c                            0x00000000   Number         0  cn121_utils.o ABSOLUTE
    adc.c                                    0x00000000   Number         0  adc.o ABSOLUTE
    bgr.c                                    0x00000000   Number         0  bgr.o ABSOLUTE
    bt.c                                     0x00000000   Number         0  bt.o ABSOLUTE
    dc.s                                     0x00000000   Number         0  dc.o ABSOLUTE
    ddl.c                                    0x00000000   Number         0  ddl.o ABSOLUTE
    dmac.c                                   0x00000000   Number         0  dmac.o ABSOLUTE
    flash.c                                  0x00000000   Number         0  flash.o ABSOLUTE
    gpio.c                                   0x00000000   Number         0  gpio.o ABSOLUTE
    handlers.s                               0x00000000   Number         0  handlers.o ABSOLUTE
    init.s                                   0x00000000   Number         0  init.o ABSOLUTE
[...]
    __arm_cp.1_0                             0x00000918   Number         4  adc.o(.text.Adc_ClrIrqStatus)
    [Anonymous Symbol]                       0x0000091c   Section        0  adc.o(.text.Adc_EnableIrq)
    [Anonymous Symbol]                       0x0000092c   Section        0  adc.o(.text.Adc_GetIrqStatus)
    __arm_cp.0_0                             0x0000093c   Number         4  adc.o(.text.Adc_GetIrqStatus)
    [Anonymous Symbol]                       0x00000940   Section        0  adc.o(.text.Adc_GetSglResult)
    __arm_cp.21_0                            0x00000948   Number         4  adc.o(.text.Adc_GetSglResult)
    [Anonymous Symbol]                       0x0000094c   Section        0  main.o(.text.Adc_IRQHandler)
    [Anonymous Symbol]                       0x00000978   Section        0  adc.o(.text.Adc_Init)
    __arm_cp.4_0                             0x000009cc   Number         4  adc.o(.text.Adc_Init)
    [Anonymous Symbol]                       0x000009d0   Section        0  adc.o(.text.Adc_SGL_Start)
    [Anonymous Symbol]                       0x000009d8   Section        0  adc.o(.text.Adc_SGL_Stop)
    __arm_cp.9_0                             0x000009e0   Number         4  adc.o(.text.Adc_SGL_Stop)
    [Anonymous Symbol]                       0x000009e4   Section        0  cn121_utils.o(.text.App_AdcInit)
    [Anonymous Symbol]                       0x00000a24   Section        0  cn121_utils.o(.text.App_AdcPortInit)
    [Anonymous Symbol]                       0x00000a38   Section        0  cn121_utils.o(.text.App_AdcSglCfg)
    [Anonymous Symbol]                       0x00000a50   Section        0  cn121_utils.o(.text.App_ClockCfg)
    [Anonymous Symbol]                       0x00000a90   Section        0  cn121_utils.o(.text.App_LEDPortCfg)
    [Anonymous Symbol]                       0x00000ac6   Section        0  cn121_utils.o(.text.App_Timer0Cfg)
    [Anonymous Symbol]                       0x00000b28   Section        0  5p3k_receiver.o(.text.App_Timer3Cfg)
    __arm_cp.1_0                             0x00000b9c   Number         4  5p3k_receiver.o(.text.App_Timer3Cfg)
    [Anonymous Symbol]                       0x00000ba0   Section        0  5p3k_receiver.o(.text.App_Timer3PortCfg)
    [Anonymous Symbol]                       0x00000bd8   Section        0  cn121_utils.o(.text.App_UartCfg)
    __arm_cp.27_0                            0x00000c8c   Number         4  cn121_utils.o(.text.App_UartCfg)
    [Anonymous Symbol]                       0x00000c90   Section        0  bgr.o(.text.Bgr_BgrEnable)
    __arm_cp.0_0                             0x00000ca4   Number         4  bgr.o(.text.Bgr_BgrEnable)
    [Anonymous Symbol]                       0x00000ca8   Section        0  bt.o(.text.Bt_ClearIntFlag)
    __arm_cp.1_0                             0x00000cb8   Number         4  bt.o(.text.Bt_ClearIntFlag)
    [Anonymous Symbol]                       0x00000cbc   Section        0  bt.o(.text.Bt_GetIntFlag)
    __arm_cp.0_0                             0x00000ccc   Number         4  bt.o(.text.Bt_GetIntFlag)
    [Anonymous Symbol]                       0x00000cd0   Section        0  bt.o(.text.Bt_M0_ARRSet)
    __arm_cp.16_0                            0x00000ce4   Number         4  bt.o(.text.Bt_M0_ARRSet)
    [Anonymous Symbol]                       0x00000ce8   Section        0  bt.o(.text.Bt_M0_Cnt16Set)
    __arm_cp.14_0                            0x00000cfc   Number         4  bt.o(.text.Bt_M0_Cnt16Set)
    __arm_cp.14_1                            0x00000d00   Number         4  bt.o(.text.Bt_M0_Cnt16Set)
    [Anonymous Symbol]                       0x00000d04   Section        0  bt.o(.text.Bt_M0_Run)
    [Anonymous Symbol]                       0x00000d14   Section        0  bt.o(.text.Bt_Mode0_EnableIrq)
    [Anonymous Symbol]                       0x00000d28   Section        0  bt.o(.text.Bt_Mode0_Init)
    __arm_cp.9_0                             0x00000da8   Number         4  bt.o(.text.Bt_Mode0_Init)
    [Anonymous Symbol]                       0x00000dac   Section        0  interrupts_hc32l13x.o(.text.CLKTRIM_IRQHandler)
    [Anonymous Symbol]                       0x00000db4   Section        0  cn121_api.o(.text.CN121_AutoFR)
    [Anonymous Symbol]                       0x00000e10   Section        0  cn121_api.o(.text.CN121_AutoFR_Trig)
    __arm_cp.11_0                            0x00000e48   Number         4  cn121_api.o(.text.CN121_AutoFR_Trig)
    __arm_cp.11_1                            0x00000e4c   Number         4  cn121_api.o(.text.CN121_AutoFR_Trig)
    __arm_cp.11_2                            0x00000e50   Number         4  cn121_api.o(.text.CN121_AutoFR_Trig)
    [Anonymous Symbol]                       0x00000e54   Section        0  cn121_api.o(.text.CN121_Data_Proc)
    __arm_cp.24_2                            0x00000f6c   Number         4  cn121_api.o(.text.CN121_Data_Proc)
    [Anonymous Symbol]                       0x00000f70   Section        0  cn121_api.o(.text.CN121_FR_Off)
    [Anonymous Symbol]                       0x00000fbc   Section        0  cn121_api.o(.text.CN121_FR_On)
    [Anonymous Symbol]                       0x00001008   Section        0  cn121_api.o(.text.CN121_Init)
    [Anonymous Symbol]                       0x00001068   Section        0  cn121_api.o(.text.CN121_LOD_Detect)
    [Anonymous Symbol]                       0x00001094   Section        0  cn121_api.o(.text.CN121_LOD_ON_Init)
    __arm_cp.23_0                            0x000010ac   Number         4  cn121_api.o(.text.CN121_LOD_ON_Init)
    [Anonymous Symbol]                       0x000010b0   Section        0  cn121_api.o(.text.CN121_Parameter_Init)
    __arm_cp.0_0                             0x000010d4   Number         4  cn121_api.o(.text.CN121_Parameter_Init)
    [Anonymous Symbol]                       0x000010d8   Section        0  cn121_api.o(.text.CN121_PowerOn)
    [Anonymous Symbol]                       0x00001124   Section        0  cn121_api.o(.text.CN121_Reset)
    __arm_cp.14_0                            0x00001138   Number         4  cn121_api.o(.text.CN121_Reset)
    [Anonymous Symbol]                       0x0000113c   Section        0  cn121_api.o(.text.CN121_Set_Bandwidth)
    [Anonymous Symbol]                       0x00001190   Section        0  cn121_api.o(.text.CN121_Set_Gain)
    [Anonymous Symbol]                       0x000011e0   Section        0  cn121_api.o(.text.CN121_StandbyOff)
    __arm_cp.6_0                             0x0000122c   Number         4  cn121_api.o(.text.CN121_StandbyOff)
    [Anonymous Symbol]                       0x00001230   Section        0  cn121_ecg_filter.o(.text.CN121_ecg_filter)
    [Anonymous Symbol]                       0x00001258   Section        0  cn121_api.o(.text.CN121_heart_Rate)
    [Anonymous Symbol]                       0x00001260   Section        0  cn121_utils.o(.text.CN1xx_SPI_ReadWrite)
    [Anonymous Symbol]                       0x00001264   Section        0  cn121_utils.o(.text.CN1xx_delay_us)
    [Anonymous Symbol]                       0x0000126c   Section        0  cn121_utils.o(.text.DB_CSB_RESET)
    [Anonymous Symbol]                       0x00001278   Section        0  cn121_utils.o(.text.DB_CSB_SET)
    [Anonymous Symbol]                       0x00001284   Section        0  cn121_utils.o(.text.DB_HR_PULSE_RESET)
    [Anonymous Symbol]                       0x00001290   Section        0  cn121_utils.o(.text.DB_HR_PULSE_SET)
    [Anonymous Symbol]                       0x0000129c   Section        0  cn121_utils.o(.text.DB_LOD1_LOW)
    [Anonymous Symbol]                       0x000012ac   Section        0  cn121_utils.o(.text.DB_MISO_HIGH)
    [Anonymous Symbol]                       0x000012be   Section        0  cn121_utils.o(.text.DB_MOSI_RESET)
    [Anonymous Symbol]                       0x000012ca   Section        0  cn121_utils.o(.text.DB_MOSI_SET)
    [Anonymous Symbol]                       0x000012d6   Section        0  cn121_utils.o(.text.DB_SCLK_RESET)
    [Anonymous Symbol]                       0x000012e2   Section        0  cn121_utils.o(.text.DB_SCLK_SET)
    [Anonymous Symbol]                       0x000012ee   Section        0  interrupts_hc32l13x.o(.text.DMAC_IRQHandler)
    [Anonymous Symbol]                       0x000012f8   Section        0  interrupts_hc32l13x.o(.text.EnableNvic)
    __arm_cp.0_0                             0x0000136c   Number         4  interrupts_hc32l13x.o(.text.EnableNvic)
    __arm_cp.0_1                             0x00001370   Number         4  interrupts_hc32l13x.o(.text.EnableNvic)
    __arm_cp.0_2                             0x00001374   Number         4  interrupts_hc32l13x.o(.text.EnableNvic)
    __arm_cp.0_3                             0x00001378   Number         4  interrupts_hc32l13x.o(.text.EnableNvic)
    __arm_cp.0_4                             0x0000137c   Number         4  interrupts_hc32l13x.o(.text.EnableNvic)
    [Anonymous Symbol]                       0x00001380   Section        0  cn121_api.o(.text.FIFO_Pop)
    [Anonymous Symbol]                       0x000013c0   Section        0  cn121_api.o(.text.FIFO_Push)
    __arm_cp.15_0                            0x00001400   Number         4  cn121_api.o(.text.FIFO_Push)
    [Anonymous Symbol]                       0x00001404   Section        0  interrupts_hc32l13x.o(.text.FLASH_RAM_IRQHandler)
    [Anonymous Symbol]                       0x00001410   Section        0  flash.o(.text.Flash_WaitCycle)
    __arm_cp.12_0                            0x00001438   Number         4  flash.o(.text.Flash_WaitCycle)
    __arm_cp.12_1                            0x0000143c   Number         4  flash.o(.text.Flash_WaitCycle)
    __arm_cp.12_2                            0x00001440   Number         4  flash.o(.text.Flash_WaitCycle)
    [Anonymous Symbol]                       0x00001444   Section        0  cn121_utils.o(.text.GPIO_HR_PULSE_Init)
    [Anonymous Symbol]                       0x00001470   Section        0  cn121_utils.o(.text.GPIO_LOD_Init)
    [Anonymous Symbol]                       0x0000149c   Section        0  cn121_utils.o(.text.GPIO_SPI_Init)
    __arm_cp.5_0                             0x00001508   Number         4  cn121_utils.o(.text.GPIO_SPI_Init)
    __arm_cp.5_1                             0x0000150c   Number         4  cn121_utils.o(.text.GPIO_SPI_Init)
    [Anonymous Symbol]                       0x00001510   Section        0  ddl.o(.text.GetBit)
    [Anonymous Symbol]                       0x0000151c   Section        0  gpio.o(.text.Gpio_ClrIO)
    __arm_cp.8_0                             0x0000152c   Number         4  gpio.o(.text.Gpio_ClrIO)
    [Anonymous Symbol]                       0x00001530   Section        0  gpio.o(.text.Gpio_GetInputIO)
    __arm_cp.1_0                             0x0000153c   Number         4  gpio.o(.text.Gpio_GetInputIO)
    [Anonymous Symbol]                       0x00001540   Section        0  gpio.o(.text.Gpio_Init)
    __arm_cp.0_0                             0x000015bc   Number         4  gpio.o(.text.Gpio_Init)
    __arm_cp.0_1                             0x000015c0   Number         4  gpio.o(.text.Gpio_Init)
    __arm_cp.0_3                             0x000015c4   Number         4  gpio.o(.text.Gpio_Init)
    [Anonymous Symbol]                       0x000015c8   Section        0  gpio.o(.text.Gpio_SetAfMode)
    __arm_cp.11_0                            0x000015d4   Number         4  gpio.o(.text.Gpio_SetAfMode)
    [Anonymous Symbol]                       0x000015d8   Section        0  gpio.o(.text.Gpio_SetAnalogMode)
    __arm_cp.10_0                            0x000015e8   Number         4  gpio.o(.text.Gpio_SetAnalogMode)
    [Anonymous Symbol]                       0x000015ec   Section        0  gpio.o(.text.Gpio_SetIO)
    __arm_cp.6_0                             0x000015fc   Number         4  gpio.o(.text.Gpio_SetIO)
    [Anonymous Symbol]                       0x00001600   Section        0  gpio.o(.text.Gpio_WriteOutputIO)
    __arm_cp.3_0                             0x00001610   Number         4  gpio.o(.text.Gpio_WriteOutputIO)
    [Anonymous Symbol]                       0x00001614   Section        0  interrupts_hc32l13x.o(.text.HardFault_Handler)
    [Anonymous Symbol]                       0x00001624   Section        0  interrupts_hc32l13x.o(.text.I2C0_IRQHandler)
    [Anonymous Symbol]                       0x0000162c   Section        0  interrupts_hc32l13x.o(.text.I2C1_IRQHandler)
    [Anonymous Symbol]                       0x00001634   Section        0  interrupts_hc32l13x.o(.text.LCD_IRQHandler)
    [Anonymous Symbol]                       0x0000163c   Section        0  interrupts_hc32l13x.o(.text.LPTIM_IRQHandler)
    [Anonymous Symbol]                       0x00001644   Section        0  interrupts_hc32l13x.o(.text.LPUART0_IRQHandler)
    [Anonymous Symbol]                       0x0000164c   Section        0  interrupts_hc32l13x.o(.text.LPUART1_IRQHandler)
    [Anonymous Symbol]                       0x00001654   Section        0  interrupts_hc32l13x.o(.text.LVD_IRQHandler)
    [Anonymous Symbol]                       0x0000165c   Section        0  interrupts_hc32l13x.o(.text.PCA_IRQHandler)
    [Anonymous Symbol]                       0x00001664   Section        0  interrupts_hc32l13x.o(.text.PCNT_IRQHandler)
    [Anonymous Symbol]                       0x0000166c   Section        0  interrupts_hc32l13x.o(.text.PORTA_IRQHandler)
    [Anonymous Symbol]                       0x00001674   Section        0  interrupts_hc32l13x.o(.text.PORTB_IRQHandler)
    [Anonymous Symbol]                       0x0000167c   Section        0  interrupts_hc32l13x.o(.text.PORTC_IRQHandler)
    [Anonymous Symbol]                       0x00001684   Section        0  interrupts_hc32l13x.o(.text.PORTD_IRQHandler)
    [Anonymous Symbol]                       0x0000168c   Section        0  cn121_qrs_det.o(.text.QRSDet_V2)
    __arm_cp.3_2                             0x0000185c   Number         4  cn121_qrs_det.o(.text.QRSDet_V2)
    [Anonymous Symbol]                       0x00001860   Section        0  cn121_qrs_det.o(.text.QRSDet_V2_init)
    __arm_cp.0_0                             0x00001894   Number         4  cn121_qrs_det.o(.text.QRSDet_V2_init)
    __arm_cp.0_1                             0x00001898   Number         4  cn121_qrs_det.o(.text.QRSDet_V2_init)
    __arm_cp.0_2                             0x0000189c   Number         4  cn121_qrs_det.o(.text.QRSDet_V2_init)
    [Anonymous Symbol]                       0x000018a0   Section        0  interrupts_hc32l13x.o(.text.RTC_IRQHandler)
    [Anonymous Symbol]                       0x000018a8   Section        0  interrupts_hc32l13x.o(.text.SPI0_IRQHandler)
    [Anonymous Symbol]                       0x000018b0   Section        0  interrupts_hc32l13x.o(.text.SPI1_IRQHandler)
    [Anonymous Symbol]                       0x000018b8   Section        0  cn121_api.o(.text.SPI_ReadWrite)
    [Anonymous Symbol]                       0x00001950   Section        0  ddl.o(.text.SetBit)
    [Anonymous Symbol]                       0x00001966   Section        0  interrupts_hc32l13x.o(.text.SysTick_Handler)
    [Anonymous Symbol]                       0x00001970   Section        0  sysctrl.o(.text.Sysctrl_ClkSourceEnable)
    __arm_cp.0_3                             0x00001a78   Number         4  sysctrl.o(.text.Sysctrl_ClkSourceEnable)
    __arm_cp.0_4                             0x00001a7c   Number         4  sysctrl.o(.text.Sysctrl_ClkSourceEnable)
    [Anonymous Symbol]                       0x00001a80   Section        0  sysctrl.o(.text.Sysctrl_GetHClkFreq)
    __arm_cp.8_4                             0x00001b5c   Number         4  sysctrl.o(.text.Sysctrl_GetHClkFreq)
    __arm_cp.8_5                             0x00001b60   Number         4  sysctrl.o(.text.Sysctrl_GetHClkFreq)
    __arm_cp.8_6                             0x00001b64   Number         4  sysctrl.o(.text.Sysctrl_GetHClkFreq)
    __arm_cp.8_7                             0x00001b68   Number         4  sysctrl.o(.text.Sysctrl_GetHClkFreq)
    __arm_cp.8_8                             0x00001b6c   Number         4  sysctrl.o(.text.Sysctrl_GetHClkFreq)
    [Anonymous Symbol]                       0x00001b70   Section        0  sysctrl.o(.text.Sysctrl_GetPClkFreq)
    [Anonymous Symbol]                       0x00001b84   Section        0  sysctrl.o(.text.Sysctrl_SetPLLFreq)
    __arm_cp.16_0                            0x00001c28   Number         4  sysctrl.o(.text.Sysctrl_SetPLLFreq)
    __arm_cp.16_1                            0x00001c2c   Number         4  sysctrl.o(.text.Sysctrl_SetPLLFreq)
    __arm_cp.16_2                            0x00001c30   Number         4  sysctrl.o(.text.Sysctrl_SetPLLFreq)
    [Anonymous Symbol]                       0x00001c34   Section        0  sysctrl.o(.text.Sysctrl_SetPLLStableTime)
    __arm_cp.6_0                             0x00001c4c   Number         4  sysctrl.o(.text.Sysctrl_SetPLLStableTime)
    [Anonymous Symbol]                       0x00001c50   Section        0  sysctrl.o(.text.Sysctrl_SetPeripheralGate)
    __arm_cp.18_0                            0x00001c60   Number         4  sysctrl.o(.text.Sysctrl_SetPeripheralGate)
    [Anonymous Symbol]                       0x00001c64   Section        0  sysctrl.o(.text.Sysctrl_SysClkSwitch)
    __arm_cp.7_0                             0x00001c88   Number         4  sysctrl.o(.text.Sysctrl_SysClkSwitch)
    __arm_cp.7_1                             0x00001c8c   Number         4  sysctrl.o(.text.Sysctrl_SysClkSwitch)
    __arm_cp.7_2                             0x00001c90   Number         4  sysctrl.o(.text.Sysctrl_SysClkSwitch)
    [Anonymous Symbol]                       0x00001c94   Section        0  system_hc32l13x.o(.text.SystemCoreClockUpdate)
    __arm_cp.0_0                             0x00001ca0   Number         4  system_hc32l13x.o(.text.SystemCoreClockUpdate)
    [Anonymous Symbol]                       0x00001ca4   Section        0  system_hc32l13x.o(.text.SystemInit)
    __arm_cp.1_0                             0x00001ce0   Number         4  system_hc32l13x.o(.text.SystemInit)
    __arm_cp.1_1                             0x00001ce4   Number         4  system_hc32l13x.o(.text.SystemInit)
    __arm_cp.1_2                             0x00001ce8   Number         4  system_hc32l13x.o(.text.SystemInit)
    __arm_cp.1_3                             0x00001cec   Number         4  system_hc32l13x.o(.text.SystemInit)
    __arm_cp.1_4                             0x00001cf0   Number         4  system_hc32l13x.o(.text.SystemInit)
    __arm_cp.1_5                             0x00001cf4   Number         4  system_hc32l13x.o(.text.SystemInit)
    [Anonymous Symbol]                       0x00001cf8   Section        0  interrupts_hc32l13x.o(.text.TIM0_IRQHandler)
    [Anonymous Symbol]                       0x00001d00   Section        0  interrupts_hc32l13x.o(.text.TIM1_IRQHandler)
    [Anonymous Symbol]                       0x00001d08   Section        0  interrupts_hc32l13x.o(.text.TIM2_IRQHandler)
    [Anonymous Symbol]                       0x00001d10   Section        0  interrupts_hc32l13x.o(.text.TIM3_IRQHandler)
    [Anonymous Symbol]                       0x00001d18   Section        0  interrupts_hc32l13x.o(.text.TIM4_IRQHandler)
    [Anonymous Symbol]                       0x00001d20   Section        0  interrupts_hc32l13x.o(.text.TIM5_IRQHandler)
    [Anonymous Symbol]                       0x00001d28   Section        0  interrupts_hc32l13x.o(.text.TIM6_IRQHandler)
    [Anonymous Symbol]                       0x00001d30   Section        0  main.o(.text.Tim0_IRQHandler)
    [Anonymous Symbol]                       0x00001d70   Section        0  timer3.o(.text.Tim3_ClearIntFlag)
    __arm_cp.1_0                             0x00001d80   Number         4  timer3.o(.text.Tim3_ClearIntFlag)
    [Anonymous Symbol]                       0x00001d84   Section        0  timer3.o(.text.Tim3_GetIntFlag)
    __arm_cp.0_0                             0x00001d90   Number         4  timer3.o(.text.Tim3_GetIntFlag)
    [Anonymous Symbol]                       0x00001d94   Section        0  main.o(.text.Tim3_IRQHandler)
    __arm_cp.4_0                             0x00001de0   Number         4  main.o(.text.Tim3_IRQHandler)
    [Anonymous Symbol]                       0x00001de4   Section        0  timer3.o(.text.Tim3_M1_Cnt16Get)
    [Anonymous Symbol]                       0x00001dec   Section        0  timer3.o(.text.Tim3_M1_Cnt16Set)
    __arm_cp.24_0                            0x00001dfc   Number         4  timer3.o(.text.Tim3_M1_Cnt16Set)
    __arm_cp.24_1                            0x00001e00   Number         4  timer3.o(.text.Tim3_M1_Cnt16Set)
    [Anonymous Symbol]                       0x00001e04   Section        0  timer3.o(.text.Tim3_M1_Input_Cfg)
    __arm_cp.20_0                            0x00001e7c   Number         4  timer3.o(.text.Tim3_M1_Input_Cfg)
    [Anonymous Symbol]                       0x00001e80   Section        0  timer3.o(.text.Tim3_M1_PWC_CapValueGet)
    __arm_cp.26_0                            0x00001e88   Number         4  timer3.o(.text.Tim3_M1_PWC_CapValueGet)
    [Anonymous Symbol]                       0x00001e8c   Section        0  timer3.o(.text.Tim3_M1_PWC_Edge_Sel)
    [Anonymous Symbol]                       0x00001edc   Section        0  timer3.o(.text.Tim3_M1_Run)
    [Anonymous Symbol]                       0x00001eec   Section        0  timer3.o(.text.Tim3_Mode1_EnableIrq)
    [Anonymous Symbol]                       0x00001f10   Section        0  timer3.o(.text.Tim3_Mode1_Init)
    __arm_cp.19_0                            0x00001f5c   Number         4  timer3.o(.text.Tim3_Mode1_Init)
    [Anonymous Symbol]                       0x00001f60   Section        0  interrupts_hc32l13x.o(.text.UART0_IRQHandler)
    [Anonymous Symbol]                       0x00001f68   Section        0  interrupts_hc32l13x.o(.text.UART1_IRQHandler)
    [Anonymous Symbol]                       0x00001f70   Section        0  uart.o(.text.Uart_ClrStatus)
    [Anonymous Symbol]                       0x00001f80   Section        0  uart.o(.text.Uart_EnableFunc)
    [Anonymous Symbol]                       0x00001f8e   Section        0  uart.o(.text.Uart_EnableIrq)
    [Anonymous Symbol]                       0x00001f9c   Section        0  uart.o(.text.Uart_Init)
    [Anonymous Symbol]                       0x0000200c   Section        0  uart.o(.text.Uart_SendDataPoll)
    [Anonymous Symbol]                       0x00002044   Section        0  interrupts_hc32l13x.o(.text.VC0_IRQHandler)
    [Anonymous Symbol]                       0x0000204c   Section        0  interrupts_hc32l13x.o(.text.VC1_IRQHandler)
    [Anonymous Symbol]                       0x00002054   Section        0  interrupts_hc32l13x.o(.text.WDT_IRQHandler)
    compar                                   0x0000205d   Thumb Code    12  cn121_qrs_det.o(.text.compar)
    [Anonymous Symbol]                       0x0000205c   Section        0  cn121_qrs_det.o(.text.compar)
    [Anonymous Symbol]                       0x00002068   Section        0  ddl.o(.text.ddl_memclr)
    [Anonymous Symbol]                       0x0000207c   Section        0  ddl.o(.text.delay100us)
    __arm_cp.9_3                             0x000020bc   Number         4  ddl.o(.text.delay100us)
    [Anonymous Symbol]                       0x000020c0   Section        0  ddl.o(.text.delay10us)
    __arm_cp.10_3                            0x00002100   Number         4  ddl.o(.text.delay10us)
    [Anonymous Symbol]                       0x00002104   Section        0  ddl.o(.text.delay1ms)
    __arm_cp.8_0                             0x00002144   Number         4  ddl.o(.text.delay1ms)
    __arm_cp.8_1                             0x00002148   Number         4  ddl.o(.text.delay1ms)
    __arm_cp.8_2                             0x0000214c   Number         4  ddl.o(.text.delay1ms)
    [Anonymous Symbol]                       0x00002150   Section        0  cn121_qrs_det.o(.text.diff_filt)
    __arm_cp.1_1                             0x000021c8   Number         4  cn121_qrs_det.o(.text.diff_filt)
    [Anonymous Symbol]                       0x000021cc   Section        0  cn121_qrs_det.o(.text.extreme_det)
    gen_HR_pulse                             0x0000224d   Thumb Code    96  main.o(.text.gen_HR_pulse)
    [Anonymous Symbol]                       0x0000224c   Section        0  main.o(.text.gen_HR_pulse)
    __arm_cp.1_0                             0x000022a8   Number         4  main.o(.text.gen_HR_pulse)
    [Anonymous Symbol]                       0x000022ac   Section        0  cn121_qrs_det.o(.text.get_heart_Rate)
    __arm_cp.6_0                             0x000022b4   Number         4  cn121_qrs_det.o(.text.get_heart_Rate)
    [Anonymous Symbol]                       0x000022b8   Section        0  cn121_hr_smooth.o(.text.hr_mean_filt_rr_interval)
    __arm_cp.0_0                             0x0000236c   Number         4  cn121_hr_smooth.o(.text.hr_mean_filt_rr_interval)
    __arm_cp.0_1                             0x00002370   Number         4  cn121_hr_smooth.o(.text.hr_mean_filt_rr_interval)
    __arm_cp.0_2                             0x00002374   Number         4  cn121_hr_smooth.o(.text.hr_mean_filt_rr_interval)
    __arm_cp.0_3                             0x00002378   Number         4  cn121_hr_smooth.o(.text.hr_mean_filt_rr_interval)
    __arm_cp.0_4                             0x0000237c   Number         4  cn121_hr_smooth.o(.text.hr_mean_filt_rr_interval)
    [Anonymous Symbol]                       0x00002380   Section        0  cn121_ecg_filter.o(.text.iir_filt_lp)
    __arm_cp.7_0                             0x0000242c   Number         4  cn121_ecg_filter.o(.text.iir_filt_lp)
    __arm_cp.7_2                             0x00002430   Number         4  cn121_ecg_filter.o(.text.iir_filt_lp)
    __arm_cp.7_3                             0x00002434   Number         4  cn121_ecg_filter.o(.text.iir_filt_lp)
    [Anonymous Symbol]                       0x00002438   Section        0  cn121_ecg_filter.o(.text.lp_fir_filter)
    __arm_cp.0_0                             0x000024a0   Number         4  cn121_ecg_filter.o(.text.lp_fir_filter)
    __arm_cp.0_1                             0x000024a4   Number         4  cn121_ecg_filter.o(.text.lp_fir_filter)
    __arm_cp.0_2                             0x000024a8   Number         4  cn121_ecg_filter.o(.text.lp_fir_filter)
    [Anonymous Symbol]                       0x000024ac   Section        0  main.o(.text.main)
    __arm_cp.0_0                             0x00002644   Number         4  main.o(.text.main)
    __arm_cp.0_1                             0x00002648   Number         4  main.o(.text.main)
    __arm_cp.0_2                             0x0000264c   Number         4  main.o(.text.main)
    __arm_cp.0_3                             0x00002650   Number         4  main.o(.text.main)
    __arm_cp.0_4                             0x00002654   Number         4  main.o(.text.main)
    __arm_cp.0_5                             0x00002658   Number         4  main.o(.text.main)
    __arm_cp.0_6                             0x0000265c   Number         4  main.o(.text.main)
    __arm_cp.0_7                             0x00002660   Number         4  main.o(.text.main)
    __arm_cp.0_8                             0x00002664   Number         4  main.o(.text.main)
    [Anonymous Symbol]                       0x00002668   Section        0  cn121_qrs_det.o(.text.median)
    __arm_cp.4_0                             0x00002680   Number         4  cn121_qrs_det.o(.text.median)
    [Anonymous Symbol]                       0x00002684   Section        0  cn121_ecg_filter.o(.text.median_filter)
    __arm_cp.8_0                             0x000026b8   Number         4  cn121_ecg_filter.o(.text.median_filter)
    __arm_cp.8_1                             0x000026bc   Number         4  cn121_ecg_filter.o(.text.median_filter)
    i.__ARM_clz                              0x000026c0   Section        0  depilogue.o(i.__ARM_clz)
    i.__scatterload_copy                     0x000026ee   Section       14  handlers.o(i.__scatterload_copy)
    i.__scatterload_null                     0x000026fc   Section        2  handlers.o(i.__scatterload_null)
    i.__scatterload_zeroinit                 0x000026fe   Section       14  handlers.o(i.__scatterload_zeroinit)
    DIFF_firCoeffs                           0x0000270c   Data           8  cn121_qrs_det.o(.rodata.cst8)
    lp_fir_coeffs                            0x00002714   Data         228  cn121_ecg_filter.o(.rodata.lp_fir_coeffs)
    [Anonymous Symbol]                       0x00002714   Section        0  cn121_ecg_filter.o(.rodata.lp_fir_coeffs)
    [Anonymous Symbol]                       0x20000000   Section        0  main.o(.data..L_MergedGlobals)
    [Anonymous Symbol]                       0x20000008   Section        0  cn121_ecg_filter.o(.data..L_MergedGlobals)
    [Anonymous Symbol]                       0x20000080   Section        0  cn121_api.o(.data..L_MergedGlobals)
    VREF_T                                   0x20000084   Data           4  cn121_api.o(.data..L_MergedGlobals)
    VCM_T                                    0x20000088   Data           4  cn121_api.o(.data..L_MergedGlobals)
    MS298                                    0x200000b8   Data           1  cn121_qrs_det.o(.bss..L_MergedGlobals)
    [Anonymous Symbol]                       0x200000b8   Section        0  cn121_qrs_det.o(.bss..L_MergedGlobals)
    ecg_m_siz                                0x200000bc   Data           1  cn121_qrs_det.o(.bss..L_MergedGlobals)
    extreme_det.DIFF_MAX_cur_pnt             0x200000bd   Data           1  cn121_qrs_det.o(.bss..L_MergedGlobals)
    extreme_det.last_datum                   0x200000c0   Data           2  cn121_qrs_det.o(.bss..L_MergedGlobals)
    extreme_det.max_datum                    0x200000c2   Data           2  cn121_qrs_det.o(.bss..L_MergedGlobals)
    in_index                                 0x200000c4   Data           4  cn121_qrs_det.o(.bss..L_MergedGlobals)
    ecg_m_pnt                                0x200000c8   Data           4  cn121_qrs_det.o(.bss..L_MergedGlobals)
    qrs_i_num                                0x200000cc   Data           4  cn121_qrs_det.o(.bss..L_MergedGlobals)
    QRSDet_V2.THR_ECG_M                      0x200000d0   Data           4  cn121_qrs_det.o(.bss..L_MergedGlobals)
    QRSDet_V2.THR_ECG_M_max                  0x200000d4   Data           4  cn121_qrs_det.o(.bss..L_MergedGlobals)
    QRSDet_V2.last_rec_index                 0x200000d8   Data           4  cn121_qrs_det.o(.bss..L_MergedGlobals)
    QRSDet_V2.last_rec_k_sum                 0x200000dc   Data           4  cn121_qrs_det.o(.bss..L_MergedGlobals)
    QRSDet_V2.last_r_index                   0x200000e0   Data           4  cn121_qrs_det.o(.bss..L_MergedGlobals)
    diff_filt.ptr                            0x200000e4   Data           4  cn121_qrs_det.o(.bss..L_MergedGlobals)
    extreme_det.maxima_sig_diff              0x200000e8   Data           4  cn121_qrs_det.o(.bss..L_MergedGlobals)
    ecg_m_r_pnt                              0x200000ec   Data           4  cn121_qrs_det.o(.bss..L_MergedGlobals)
    ecg_m_r                                  0x200000f0   Data           8  cn121_qrs_det.o(.bss..L_MergedGlobals)
    diff_filt.DIFF_firState                  0x200000f8   Data          16  cn121_qrs_det.o(.bss..L_MergedGlobals)
    detNoise.result                          0x20000108   Data           1  cn121_hr_smooth.o(.bss..L_MergedGlobals)
    [Anonymous Symbol]                       0x20000108   Section        0  cn121_hr_smooth.o(.bss..L_MergedGlobals)
    det_LeadOn.lead_on_soft                  0x20000109   Data           1  cn121_hr_smooth.o(.bss..L_MergedGlobals)
    hr_mean_filt_rr_interval.sum_RR          0x2000010a   Data           2  cn121_hr_smooth.o(.bss..L_MergedGlobals)
    hr_mean_filt_rr_interval.hr_mean_value   0x2000010c   Data           2  cn121_hr_smooth.o(.bss..L_MergedGlobals)
    hr_mean_filt_rr_interval.fastIndex       0x2000010e   Data           2  cn121_hr_smooth.o(.bss..L_MergedGlobals)
    hr_mean_filt_rr_interval.slowIndex       0x20000110   Data           2  cn121_hr_smooth.o(.bss..L_MergedGlobals)
    hr_mean_filt_rr_interval.rr_num          0x20000112   Data           2  cn121_hr_smooth.o(.bss..L_MergedGlobals)
    hr_mean_filt_hr_input.hr_pnt             0x20000114   Data           2  cn121_hr_smooth.o(.bss..L_MergedGlobals)
    hr_mean_filt_hr_input.hr_num             0x20000116   Data           2  cn121_hr_smooth.o(.bss..L_MergedGlobals)
    hr_mean_filt_hr_input.hr_mean_value      0x20000118   Data           2  cn121_hr_smooth.o(.bss..L_MergedGlobals)
    det_LeadOn.ecg_count                     0x2000011a   Data           2  cn121_hr_smooth.o(.bss..L_MergedGlobals)
    hr_mean_filt_hr_input.sum_HR             0x2000011c   Data           4  cn121_hr_smooth.o(.bss..L_MergedGlobals)
    detNoise.increase                        0x20000120   Data           4  cn121_hr_smooth.o(.bss..L_MergedGlobals)
    det_LeadOn.sum_diff                      0x20000124   Data           4  cn121_hr_smooth.o(.bss..L_MergedGlobals)
    [Anonymous Symbol]                       0x20000128   Section        0  main.o(.bss..L_MergedGlobals.1)
    Tim0_IRQHandler.i                        0x2000012b   Data           1  main.o(.bss..L_MergedGlobals.1)
    gen_HR_pulse.pulse_high                  0x2000012e   Data           1  main.o(.bss..L_MergedGlobals.1)
    Tim3_IRQHandler.u16TIM3_OverFlowCnt      0x20000132   Data           2  main.o(.bss..L_MergedGlobals.1)
    gen_HR_pulse.pre_heartRate               0x20000136   Data           2  main.o(.bss..L_MergedGlobals.1)
    gen_HR_pulse.RRi                         0x20000138   Data           2  main.o(.bss..L_MergedGlobals.1)
    gen_HR_pulse.time_count                  0x2000013a   Data           2  main.o(.bss..L_MergedGlobals.1)
    [Anonymous Symbol]                       0x20000148   Section        0  cn121_ecg_filter.o(.bss..L_MergedGlobals.1)
    apply_savgol_filter_singleNum.buffer_index 0x2000014c   Data           4  cn121_ecg_filter.o(.bss..L_MergedGlobals.1)
    iir_filt_hp.index                        0x20000150   Data           4  cn121_ecg_filter.o(.bss..L_MergedGlobals.1)
    iir_filt_lp.index                        0x20000154   Data           4  cn121_ecg_filter.o(.bss..L_MergedGlobals.1)
    median_filter.in_index                   0x20000158   Data           4  cn121_ecg_filter.o(.bss..L_MergedGlobals.1)
    median_filter.x_buffer                   0x2000015c   Data          20  cn121_ecg_filter.o(.bss..L_MergedGlobals.1)
    iir_filt_hp.input_buff                   0x20000170   Data          32  cn121_ecg_filter.o(.bss..L_MergedGlobals.1)
    iir_filt_hp.output_buff                  0x20000190   Data          32  cn121_ecg_filter.o(.bss..L_MergedGlobals.1)
    [Anonymous Symbol]                       0x200001b0   Section        0  cn121_api.o(.bss..L_MergedGlobals.1)
    resolution_tmp                           0x200001b4   Data           1  cn121_api.o(.bss..L_MergedGlobals.1)
    config_reg                               0x200001b5   Data           1  cn121_api.o(.bss..L_MergedGlobals.1)
    ch_set_reg                               0x200001b6   Data           1  cn121_api.o(.bss..L_MergedGlobals.1)
    autofr_force                             0x200001b7   Data           1  cn121_api.o(.bss..L_MergedGlobals.1)
    autofr_keep_cnt                          0x200001b8   Data           2  cn121_api.o(.bss..L_MergedGlobals.1)
    leadon_judge_cnt                         0x200001ba   Data           2  cn121_api.o(.bss..L_MergedGlobals.1)
    iir_filt_lp.input_buff                   0x200001c0   Data          32  cn121_ecg_filter.o(.bss..L_MergedGlobals.2)
    [Anonymous Symbol]                       0x200001c0   Section        0  cn121_ecg_filter.o(.bss..L_MergedGlobals.2)
    iir_filt_lp.output_buff                  0x200001e0   Data          32  cn121_ecg_filter.o(.bss..L_MergedGlobals.2)
    apply_savgol_filter_singleNum.input_buffer 0x20000200   Data          60  cn121_ecg_filter.o(.bss..L_MergedGlobals.2)
    autofr_trig_cnt                          0x2000023c   Data           2  cn121_api.o(.bss.autofr_trig_cnt)
    [Anonymous Symbol]                       0x2000023c   Section        0  cn121_api.o(.bss.autofr_trig_cnt)
    ecg_m                                    0x20000240   Data        3000  cn121_qrs_det.o(.bss.ecg_m)
    [Anonymous Symbol]                       0x20000240   Section        0  cn121_qrs_det.o(.bss.ecg_m)
    hr_mean_filt_rr_interval.hr_filt_State   0x20000f00   Data         600  cn121_hr_smooth.o(.bss.hr_mean_filt_rr_interval.hr_filt_State)
    [Anonymous Symbol]                       0x20000f00   Section        0  cn121_hr_smooth.o(.bss.hr_mean_filt_rr_interval.hr_filt_State)
    STACK                                    0x20001240   Section      512  startup_hc32l13x.o(STACK)

    Global Symbols

    Symbol Name                              Value     Ov Type        Size  Object(Section)

    BuildAttributes$$THM_ISAv3M$S$PE$A:L22$X:L11$S22$IEEE1$IW$~IW$USESV6$~STKCKD$USESV7$WCHAR32$ENUMINT$~SHL$OTIME$ROPI$EBA8$MICROLIB$REQ8$PRES8$EABIv2 0x00000000   Number         0  anon$$obj.o ABSOLUTE
    __Vectors                                0x00000000   Data           0  startup_hc32l13x.o(RESET)
    ClkTrim_IRQHandler                        - Undefined Weak Reference
    Dmac_IRQHandler                           - Undefined Weak Reference
    Flash_IRQHandler                          - Undefined Weak Reference
    I2c0_IRQHandler                           - Undefined Weak Reference
    I2c1_IRQHandler                           - Undefined Weak Reference
    Lcd_IRQHandler                            - Undefined Weak Reference
    LpTim_IRQHandler                          - Undefined Weak Reference
    LpUart0_IRQHandler                        - Undefined Weak Reference
    LpUart1_IRQHandler                        - Undefined Weak Reference
    Lvd_IRQHandler                            - Undefined Weak Reference
    Pca_IRQHandler                            - Undefined Weak Reference
    Pcnt_IRQHandler                           - Undefined Weak Reference
    PortA_IRQHandler                          - Undefined Weak Reference
    PortB_IRQHandler                          - Undefined Weak Reference
    PortC_IRQHandler                          - Undefined Weak Reference
    PortD_IRQHandler                          - Undefined Weak Reference
    Ram_IRQHandler                            - Undefined Weak Reference
    Rtc_IRQHandler                            - Undefined Weak Reference
    Spi0_IRQHandler                           - Undefined Weak Reference
    Spi1_IRQHandler                           - Undefined Weak Reference
    SysTick_IRQHandler                        - Undefined Weak Reference
    Tim1_IRQHandler                           - Undefined Weak Reference
    Tim2_IRQHandler                           - Undefined Weak Reference
    Tim4_IRQHandler                           - Undefined Weak Reference
    Tim5_IRQHandler                           - Undefined Weak Reference
    Tim6_IRQHandler                           - Undefined Weak Reference
    Uart0_IRQHandler                          - Undefined Weak Reference
    Uart1_IRQHandler                          - Undefined Weak Reference
    Vc0_IRQHandler                            - Undefined Weak Reference
    Vc1_IRQHandler                            - Undefined Weak Reference
    Wdt_IRQHandler                            - Undefined Weak Reference
    __cpp_initialize__aeabi_                  - Undefined Weak Reference
    __cxa_finalize                            - Undefined Weak Reference
    __decompress                              - Undefined Weak Reference
    _clock_init                               - Undefined Weak Reference
    _microlib_exit                            - Undefined Weak Reference
    __Vectors_End                            0x000000c0   Data           0  startup_hc32l13x.o(RESET)
    __Vectors_Size                           0x000000c0   Number         0  startup_hc32l13x.o ABSOLUTE
    __main                                   0x000000c1   Thumb Code     0  entry.o(.ARM.Collect$$$$00000000)
    _main_stk                                0x000000c1   Thumb Code     0  entry2.o(.ARM.Collect$$$$00000001)
    _main_scatterload                        0x000000c5   Thumb Code     0  entry5.o(.ARM.Collect$$$$00000004)
    __main_after_scatterload                 0x000000c9   Thumb Code     0  entry5.o(.ARM.Collect$$$$00000004)
    _main_clock                              0x000000c9   Thumb Code     0  entry7b.o(.ARM.Collect$$$$00000008)
    _main_cpp_init                           0x000000c9   Thumb Code     0  entry8b.o(.ARM.Collect$$$$0000000A)
    _main_init                               0x000000c9   Thumb Code     0  entry9a.o(.ARM.Collect$$$$0000000B)
    __rt_final_cpp                           0x000000d1   Thumb Code     0  entry10a.o(.ARM.Collect$$$$0000000D)
    __rt_final_exit                          0x000000d1   Thumb Code     0  entry11a.o(.ARM.Collect$$$$0000000F)
    Reset_Handler                            0x000000d5   Thumb Code    26  startup_hc32l13x.o(.text)
    NMI_Handler                              0x000000ef   Thumb Code     2  startup_hc32l13x.o(.text)
    SVC_Handler                              0x000000f3   Thumb Code     2  startup_hc32l13x.o(.text)
    PendSV_Handler                           0x000000f5   Thumb Code     2  startup_hc32l13x.o(.text)
    __aeabi_uidiv                            0x00000111   Thumb Code     0  uidiv.o(.text)
    __aeabi_uidivmod                         0x00000111   Thumb Code    44  uidiv.o(.text)
    __aeabi_idiv                             0x0000013d   Thumb Code     0  idiv.o(.text)
    __aeabi_idivmod                          0x0000013d   Thumb Code    40  idiv.o(.text)
    qsort                                    0x00000165   Thumb Code   162  qsort.o(.text)
    __aeabi_memset                           0x00000207   Thumb Code    14  memseta.o(.text)
    __aeabi_memset4                          0x00000207   Thumb Code     0  memseta.o(.text)
    __aeabi_memset8                          0x00000207   Thumb Code     0  memseta.o(.text)
    __aeabi_memclr                           0x00000215   Thumb Code     4  memseta.o(.text)
    __aeabi_memclr4                          0x00000215   Thumb Code     0  memseta.o(.text)
    __aeabi_memclr8                          0x00000215   Thumb Code     0  memseta.o(.text)
    _memset$wrapper                          0x00000219   Thumb Code    18  memseta.o(.text)
    __aeabi_fadd                             0x0000022b   Thumb Code   162  fadd.o(.text)
    __aeabi_fsub                             0x000002cd   Thumb Code     8  fadd.o(.text)
    __aeabi_frsub                            0x000002d5   Thumb Code     8  fadd.o(.text)
    __aeabi_fmul                             0x000002dd   Thumb Code   122  fmul.o(.text)
    __aeabi_fdiv                             0x00000357   Thumb Code   124  fdiv.o(.text)
    __aeabi_dadd                             0x000003d5   Thumb Code   328  dadd.o(.text)
    __aeabi_dsub                             0x0000051d   Thumb Code    12  dadd.o(.text)
    __aeabi_drsub                            0x00000529   Thumb Code    12  dadd.o(.text)
    __aeabi_dmul                             0x00000539   Thumb Code   202  dmul.o(.text)
    __aeabi_fcmplt                           0x00000609   Thumb Code    28  fcmplt.o(.text)
    __aeabi_fcmpgt                           0x00000625   Thumb Code    28  fcmpgt.o(.text)
    __aeabi_ui2f                             0x00000641   Thumb Code    14  ffltui.o(.text)
    __aeabi_f2iz                             0x0000064f   Thumb Code    50  ffixi.o(.text)
    __aeabi_f2d                              0x00000681   Thumb Code    40  f2d.o(.text)
    __aeabi_d2f                              0x000006a9   Thumb Code    56  d2f.o(.text)
    __aeabi_llsl                             0x000006e1   Thumb Code    32  llshl.o(.text)
    _ll_shift_l                              0x000006e1   Thumb Code     0  llshl.o(.text)
    __aeabi_lasr                             0x00000701   Thumb Code    38  llsshr.o(.text)
    _ll_sshift_r                             0x00000701   Thumb Code     0  llsshr.o(.text)
    __I$use$fp                               0x00000727   Thumb Code     0  iusefp.o(.text)
    _float_round                             0x00000727   Thumb Code    16  fepilogue.o(.text)
    _float_epilogue                          0x00000737   Thumb Code   114  fepilogue.o(.text)
    _double_round                            0x000007a9   Thumb Code    26  depilogue.o(.text)
    _double_epilogue                         0x000007c3   Thumb Code   164  depilogue.o(.text)
    __scatterload                            0x00000869   Thumb Code    28  init.o(.text)
    __scatterload_rt2                        0x00000869   Thumb Code     0  init.o(.text)
    __aeabi_llsr                             0x0000088d   Thumb Code    34  llushr.o(.text)
    _ll_ushift_r                             0x0000088d   Thumb Code     0  llushr.o(.text)
    main                                     0x000008af   Thumb Code    14  system_hc32l13x.o(.text.$Sub$$main)
    ADC2Voltage                              0x000008bd   Thumb Code    48  cn121_api.o(.text.ADC2Voltage)
    ADC_IRQHandler                           0x000008ed   Thumb Code     8  interrupts_hc32l13x.o(.text.ADC_IRQHandler)
    Adc_CfgSglChannel                        0x000008f5   Thumb Code    24  adc.o(.text.Adc_CfgSglChannel)
    Adc_ClrIrqStatus                         0x0000090d   Thumb Code    16  adc.o(.text.Adc_ClrIrqStatus)
    Adc_EnableIrq                            0x0000091d   Thumb Code    16  adc.o(.text.Adc_EnableIrq)
    Adc_GetIrqStatus                         0x0000092d   Thumb Code    20  adc.o(.text.Adc_GetIrqStatus)
    Adc_GetSglResult                         0x00000941   Thumb Code    12  adc.o(.text.Adc_GetSglResult)
    Adc_IRQHandler                           0x0000094d   Thumb Code    42  main.o(.text.Adc_IRQHandler)
    Adc_Init                                 0x00000979   Thumb Code    88  adc.o(.text.Adc_Init)
    Adc_SGL_Start                            0x000009d1   Thumb Code     8  adc.o(.text.Adc_SGL_Start)
    Adc_SGL_Stop                             0x000009d9   Thumb Code    12  adc.o(.text.Adc_SGL_Stop)
    App_AdcInit                              0x000009e5   Thumb Code    64  cn121_utils.o(.text.App_AdcInit)
    App_AdcPortInit                          0x00000a25   Thumb Code    20  cn121_utils.o(.text.App_AdcPortInit)
    App_AdcSglCfg                            0x00000a39   Thumb Code    24  cn121_utils.o(.text.App_AdcSglCfg)
    App_ClockCfg                             0x00000a51   Thumb Code    64  cn121_utils.o(.text.App_ClockCfg)
    App_LEDPortCfg                           0x00000a91   Thumb Code    54  cn121_utils.o(.text.App_LEDPortCfg)
    App_Timer0Cfg                            0x00000ac7   Thumb Code    98  cn121_utils.o(.text.App_Timer0Cfg)
    App_Timer3Cfg                            0x00000b29   Thumb Code   120  5p3k_receiver.o(.text.App_Timer3Cfg)
    App_Timer3PortCfg                        0x00000ba1   Thumb Code    56  5p3k_receiver.o(.text.App_Timer3PortCfg)
    App_UartCfg                              0x00000bd9   Thumb Code   184  cn121_utils.o(.text.App_UartCfg)
    Bgr_BgrEnable                            0x00000c91   Thumb Code    24  bgr.o(.text.Bgr_BgrEnable)
    Bt_ClearIntFlag                          0x00000ca9   Thumb Code    20  bt.o(.text.Bt_ClearIntFlag)
    Bt_GetIntFlag                            0x00000cbd   Thumb Code    20  bt.o(.text.Bt_GetIntFlag)
    Bt_M0_ARRSet                             0x00000cd1   Thumb Code    24  bt.o(.text.Bt_M0_ARRSet)
    Bt_M0_Cnt16Set                           0x00000ce9   Thumb Code    28  bt.o(.text.Bt_M0_Cnt16Set)
    Bt_M0_Run                                0x00000d05   Thumb Code    16  bt.o(.text.Bt_M0_Run)
    Bt_Mode0_EnableIrq                       0x00000d15   Thumb Code    20  bt.o(.text.Bt_Mode0_EnableIrq)
    Bt_Mode0_Init                            0x00000d29   Thumb Code   132  bt.o(.text.Bt_Mode0_Init)
    CLKTRIM_IRQHandler                       0x00000dad   Thumb Code     8  interrupts_hc32l13x.o(.text.CLKTRIM_IRQHandler)
    CN121_AutoFR                             0x00000db5   Thumb Code    92  cn121_api.o(.text.CN121_AutoFR)
    CN121_AutoFR_Trig                        0x00000e11   Thumb Code    68  cn121_api.o(.text.CN121_AutoFR_Trig)
    CN121_Data_Proc                          0x00000e55   Thumb Code   284  cn121_api.o(.text.CN121_Data_Proc)
    CN121_FR_Off                             0x00000f71   Thumb Code    76  cn121_api.o(.text.CN121_FR_Off)
    CN121_FR_On                              0x00000fbd   Thumb Code    76  cn121_api.o(.text.CN121_FR_On)
    CN121_Init                               0x00001009   Thumb Code    96  cn121_api.o(.text.CN121_Init)
    CN121_LOD_Detect                         0x00001069   Thumb Code    44  cn121_api.o(.text.CN121_LOD_Detect)
    CN121_LOD_ON_Init                        0x00001095   Thumb Code    28  cn121_api.o(.text.CN121_LOD_ON_Init)
    CN121_Parameter_Init                     0x000010b1   Thumb Code    40  cn121_api.o(.text.CN121_Parameter_Init)
    CN121_PowerOn                            0x000010d9   Thumb Code    76  cn121_api.o(.text.CN121_PowerOn)
    CN121_Reset                              0x00001125   Thumb Code    24  cn121_api.o(.text.CN121_Reset)
    CN121_Set_Bandwidth                      0x0000113d   Thumb Code    84  cn121_api.o(.text.CN121_Set_Bandwidth)
    CN121_Set_Gain                           0x00001191   Thumb Code    80  cn121_api.o(.text.CN121_Set_Gain)
    CN121_StandbyOff                         0x000011e1   Thumb Code    80  cn121_api.o(.text.CN121_StandbyOff)
    CN121_ecg_filter                         0x00001231   Thumb Code    40  cn121_ecg_filter.o(.text.CN121_ecg_filter)
    CN121_heart_Rate                         0x00001259   Thumb Code     8  cn121_api.o(.text.CN121_heart_Rate)
    CN1xx_SPI_ReadWrite                      0x00001261   Thumb Code     4  cn121_utils.o(.text.CN1xx_SPI_ReadWrite)
    CN1xx_delay_us                           0x00001265   Thumb Code     8  cn121_utils.o(.text.CN1xx_delay_us)
    DB_CSB_RESET                             0x0000126d   Thumb Code    12  cn121_utils.o(.text.DB_CSB_RESET)
    DB_CSB_SET                               0x00001279   Thumb Code    12  cn121_utils.o(.text.DB_CSB_SET)
    DB_HR_PULSE_RESET                        0x00001285   Thumb Code    12  cn121_utils.o(.text.DB_HR_PULSE_RESET)
    DB_HR_PULSE_SET                          0x00001291   Thumb Code    12  cn121_utils.o(.text.DB_HR_PULSE_SET)
    DB_LOD1_LOW                              0x0000129d   Thumb Code    16  cn121_utils.o(.text.DB_LOD1_LOW)
    DB_MISO_HIGH                             0x000012ad   Thumb Code    18  cn121_utils.o(.text.DB_MISO_HIGH)
    DB_MOSI_RESET                            0x000012bf   Thumb Code    12  cn121_utils.o(.text.DB_MOSI_RESET)
    DB_MOSI_SET                              0x000012cb   Thumb Code    12  cn121_utils.o(.text.DB_MOSI_SET)
    DB_SCLK_RESET                            0x000012d7   Thumb Code    12  cn121_utils.o(.text.DB_SCLK_RESET)
    DB_SCLK_SET                              0x000012e3   Thumb Code    12  cn121_utils.o(.text.DB_SCLK_SET)
    DMAC_IRQHandler                          0x000012ef   Thumb Code     8  interrupts_hc32l13x.o(.text.DMAC_IRQHandler)
    EnableNvic                               0x000012f9   Thumb Code   136  interrupts_hc32l13x.o(.text.EnableNvic)
    FIFO_Pop                                 0x00001381   Thumb Code    64  cn121_api.o(.text.FIFO_Pop)
    FIFO_Push                                0x000013c1   Thumb Code    68  cn121_api.o(.text.FIFO_Push)
    FLASH_RAM_IRQHandler                     0x00001405   Thumb Code    12  interrupts_hc32l13x.o(.text.FLASH_RAM_IRQHandler)
    Flash_WaitCycle                          0x00001411   Thumb Code    52  flash.o(.text.Flash_WaitCycle)
    GPIO_HR_PULSE_Init                       0x00001445   Thumb Code    44  cn121_utils.o(.text.GPIO_HR_PULSE_Init)
    GPIO_LOD_Init                            0x00001471   Thumb Code    42  cn121_utils.o(.text.GPIO_LOD_Init)
    GPIO_SPI_Init                            0x0000149d   Thumb Code   116  cn121_utils.o(.text.GPIO_SPI_Init)
    GetBit                                   0x00001511   Thumb Code    10  ddl.o(.text.GetBit)
    Gpio_ClrIO                               0x0000151d   Thumb Code    20  gpio.o(.text.Gpio_ClrIO)
    Gpio_GetInputIO                          0x00001531   Thumb Code    16  gpio.o(.text.Gpio_GetInputIO)
    Gpio_Init                                0x00001541   Thumb Code   136  gpio.o(.text.Gpio_Init)
    Gpio_SetAfMode                           0x000015c9   Thumb Code    16  gpio.o(.text.Gpio_SetAfMode)
    Gpio_SetAnalogMode                       0x000015d9   Thumb Code    20  gpio.o(.text.Gpio_SetAnalogMode)
    Gpio_SetIO                               0x000015ed   Thumb Code    20  gpio.o(.text.Gpio_SetIO)
    Gpio_WriteOutputIO                       0x00001601   Thumb Code    20  gpio.o(.text.Gpio_WriteOutputIO)
    HardFault_Handler                        0x00001615   Thumb Code    16  interrupts_hc32l13x.o(.text.HardFault_Handler)
    I2C0_IRQHandler                          0x00001625   Thumb Code     8  interrupts_hc32l13x.o(.text.I2C0_IRQHandler)
    I2C1_IRQHandler                          0x0000162d   Thumb Code     8  interrupts_hc32l13x.o(.text.I2C1_IRQHandler)
    LCD_IRQHandler                           0x00001635   Thumb Code     8  interrupts_hc32l13x.o(.text.LCD_IRQHandler)
    LPTIM_IRQHandler                         0x0000163d   Thumb Code     8  interrupts_hc32l13x.o(.text.LPTIM_IRQHandler)
    LPUART0_IRQHandler                       0x00001645   Thumb Code     8  interrupts_hc32l13x.o(.text.LPUART0_IRQHandler)
    LPUART1_IRQHandler                       0x0000164d   Thumb Code     8  interrupts_hc32l13x.o(.text.LPUART1_IRQHandler)
    LVD_IRQHandler                           0x00001655   Thumb Code     8  interrupts_hc32l13x.o(.text.LVD_IRQHandler)
    PCA_IRQHandler                           0x0000165d   Thumb Code     8  interrupts_hc32l13x.o(.text.PCA_IRQHandler)
    PCNT_IRQHandler                          0x00001665   Thumb Code     8  interrupts_hc32l13x.o(.text.PCNT_IRQHandler)
    PORTA_IRQHandler                         0x0000166d   Thumb Code     8  interrupts_hc32l13x.o(.text.PORTA_IRQHandler)
    PORTB_IRQHandler                         0x00001675   Thumb Code     8  interrupts_hc32l13x.o(.text.PORTB_IRQHandler)
    PORTC_IRQHandler                         0x0000167d   Thumb Code     8  interrupts_hc32l13x.o(.text.PORTC_IRQHandler)
    PORTD_IRQHandler                         0x00001685   Thumb Code     8  interrupts_hc32l13x.o(.text.PORTD_IRQHandler)
    QRSDet_V2                                0x0000168d   Thumb Code   468  cn121_qrs_det.o(.text.QRSDet_V2)
    QRSDet_V2_init                           0x00001861   Thumb Code    64  cn121_qrs_det.o(.text.QRSDet_V2_init)
    RTC_IRQHandler                           0x000018a1   Thumb Code     8  interrupts_hc32l13x.o(.text.RTC_IRQHandler)
    SPI0_IRQHandler                          0x000018a9   Thumb Code     8  interrupts_hc32l13x.o(.text.SPI0_IRQHandler)
    SPI1_IRQHandler                          0x000018b1   Thumb Code     8  interrupts_hc32l13x.o(.text.SPI1_IRQHandler)
    SPI_ReadWrite                            0x000018b9   Thumb Code   152  cn121_api.o(.text.SPI_ReadWrite)
    SetBit                                   0x00001951   Thumb Code    22  ddl.o(.text.SetBit)
    SysTick_Handler                          0x00001967   Thumb Code     8  interrupts_hc32l13x.o(.text.SysTick_Handler)
    Sysctrl_ClkSourceEnable                  0x00001971   Thumb Code   272  sysctrl.o(.text.Sysctrl_ClkSourceEnable)
    Sysctrl_GetHClkFreq                      0x00001a81   Thumb Code   240  sysctrl.o(.text.Sysctrl_GetHClkFreq)
    Sysctrl_GetPClkFreq                      0x00001b71   Thumb Code    20  sysctrl.o(.text.Sysctrl_GetPClkFreq)
    Sysctrl_SetPLLFreq                       0x00001b85   Thumb Code   176  sysctrl.o(.text.Sysctrl_SetPLLFreq)
    Sysctrl_SetPLLStableTime                 0x00001c35   Thumb Code    28  sysctrl.o(.text.Sysctrl_SetPLLStableTime)
    Sysctrl_SetPeripheralGate                0x00001c51   Thumb Code    20  sysctrl.o(.text.Sysctrl_SetPeripheralGate)
    Sysctrl_SysClkSwitch                     0x00001c65   Thumb Code    48  sysctrl.o(.text.Sysctrl_SysClkSwitch)
    SystemCoreClockUpdate                    0x00001c95   Thumb Code    16  system_hc32l13x.o(.text.SystemCoreClockUpdate)
    SystemInit                               0x00001ca5   Thumb Code    84  system_hc32l13x.o(.text.SystemInit)
    TIM0_IRQHandler                          0x00001cf9   Thumb Code     8  interrupts_hc32l13x.o(.text.TIM0_IRQHandler)
    TIM1_IRQHandler                          0x00001d01   Thumb Code     8  interrupts_hc32l13x.o(.text.TIM1_IRQHandler)
    TIM2_IRQHandler                          0x00001d09   Thumb Code     8  interrupts_hc32l13x.o(.text.TIM2_IRQHandler)
    TIM3_IRQHandler                          0x00001d11   Thumb Code     8  interrupts_hc32l13x.o(.text.TIM3_IRQHandler)
    TIM4_IRQHandler                          0x00001d19   Thumb Code     8  interrupts_hc32l13x.o(.text.TIM4_IRQHandler)
    TIM5_IRQHandler                          0x00001d21   Thumb Code     8  interrupts_hc32l13x.o(.text.TIM5_IRQHandler)
    TIM6_IRQHandler                          0x00001d29   Thumb Code     8  interrupts_hc32l13x.o(.text.TIM6_IRQHandler)
    Tim0_IRQHandler                          0x00001d31   Thumb Code    64  main.o(.text.Tim0_IRQHandler)
    Tim3_ClearIntFlag                        0x00001d71   Thumb Code    20  timer3.o(.text.Tim3_ClearIntFlag)
    Tim3_GetIntFlag                          0x00001d85   Thumb Code    16  timer3.o(.text.Tim3_GetIntFlag)
    Tim3_IRQHandler                          0x00001d95   Thumb Code    80  main.o(.text.Tim3_IRQHandler)
    Tim3_M1_Cnt16Get                         0x00001de5   Thumb Code     8  timer3.o(.text.Tim3_M1_Cnt16Get)
    Tim3_M1_Cnt16Set                         0x00001ded   Thumb Code    24  timer3.o(.text.Tim3_M1_Cnt16Set)
    Tim3_M1_Input_Cfg                        0x00001e05   Thumb Code   124  timer3.o(.text.Tim3_M1_Input_Cfg)
    Tim3_M1_PWC_CapValueGet                  0x00001e81   Thumb Code    12  timer3.o(.text.Tim3_M1_PWC_CapValueGet)
    Tim3_M1_PWC_Edge_Sel                     0x00001e8d   Thumb Code    80  timer3.o(.text.Tim3_M1_PWC_Edge_Sel)
    Tim3_M1_Run                              0x00001edd   Thumb Code    16  timer3.o(.text.Tim3_M1_Run)
    Tim3_Mode1_EnableIrq                     0x00001eed   Thumb Code    36  timer3.o(.text.Tim3_Mode1_EnableIrq)
    Tim3_Mode1_Init                          0x00001f11   Thumb Code    80  timer3.o(.text.Tim3_Mode1_Init)
    UART0_IRQHandler                         0x00001f61   Thumb Code     8  interrupts_hc32l13x.o(.text.UART0_IRQHandler)
    UART1_IRQHandler                         0x00001f69   Thumb Code     8  interrupts_hc32l13x.o(.text.UART1_IRQHandler)
    Uart_ClrStatus                           0x00001f71   Thumb Code    16  uart.o(.text.Uart_ClrStatus)
    Uart_EnableFunc                          0x00001f81   Thumb Code    14  uart.o(.text.Uart_EnableFunc)
    Uart_EnableIrq                           0x00001f8f   Thumb Code    14  uart.o(.text.Uart_EnableIrq)
    Uart_Init                                0x00001f9d   Thumb Code   112  uart.o(.text.Uart_Init)
    Uart_SendDataPoll                        0x0000200d   Thumb Code    56  uart.o(.text.Uart_SendDataPoll)
    VC0_IRQHandler                           0x00002045   Thumb Code     8  interrupts_hc32l13x.o(.text.VC0_IRQHandler)
    VC1_IRQHandler                           0x0000204d   Thumb Code     8  interrupts_hc32l13x.o(.text.VC1_IRQHandler)
    WDT_IRQHandler                           0x00002055   Thumb Code     8  interrupts_hc32l13x.o(.text.WDT_IRQHandler)
    ddl_memclr                               0x00002069   Thumb Code    20  ddl.o(.text.ddl_memclr)
    delay100us                               0x0000207d   Thumb Code    68  ddl.o(.text.delay100us)
    delay10us                                0x000020c1   Thumb Code    68  ddl.o(.text.delay10us)
    delay1ms                                 0x00002105   Thumb Code    76  ddl.o(.text.delay1ms)
    diff_filt                                0x00002151   Thumb Code   124  cn121_qrs_det.o(.text.diff_filt)
    extreme_det                              0x000021cd   Thumb Code   128  cn121_qrs_det.o(.text.extreme_det)
    get_heart_Rate                           0x000022ad   Thumb Code    12  cn121_qrs_det.o(.text.get_heart_Rate)
    hr_mean_filt_rr_interval                 0x000022b9   Thumb Code   200  cn121_hr_smooth.o(.text.hr_mean_filt_rr_interval)
    iir_filt_lp                              0x00002381   Thumb Code   184  cn121_ecg_filter.o(.text.iir_filt_lp)
    lp_fir_filter                            0x00002439   Thumb Code   116  cn121_ecg_filter.o(.text.lp_fir_filter)
    $Super$$main                             0x000024ad   Thumb Code   444  main.o(.text.main)
    median                                   0x00002669   Thumb Code    28  cn121_qrs_det.o(.text.median)
    median_filter                            0x00002685   Thumb Code    60  cn121_ecg_filter.o(.text.median_filter)
    __ARM_clz                                0x000026c1   Thumb Code    46  depilogue.o(i.__ARM_clz)
    __scatterload_copy                       0x000026ef   Thumb Code    14  handlers.o(i.__scatterload_copy)
    __scatterload_null                       0x000026fd   Thumb Code     2  handlers.o(i.__scatterload_null)
    __scatterload_zeroinit                   0x000026ff   Thumb Code    14  handlers.o(i.__scatterload_zeroinit)
    Region$$Table$$Base                      0x000027f8   Number         0  anon$$obj.o(Region$$Table)
    Region$$Table$$Limit                     0x00002818   Number         0  anon$$obj.o(Region$$Table)
    hand_heart_rate_first                    0x20000000   Data           1  main.o(.data..L_MergedGlobals)
    u8TxData                                 0x20000001   Data           4  main.o(.data..L_MergedGlobals)
    a                                        0x20000008   Data          40  cn121_ecg_filter.o(.data..L_MergedGlobals)
    b                                        0x20000030   Data          40  cn121_ecg_filter.o(.data..L_MergedGlobals)
    a_lp                                     0x20000058   Data          40  cn121_ecg_filter.o(.data..L_MergedGlobals)
    gain                                     0x20000080   Data           2  cn121_api.o(.data..L_MergedGlobals)
    SystemCoreClock                          0x2000008c   Data           4  system_hc32l13x.o(.data.SystemCoreClock)
    b_lp                                     0x20000090   Data          40  cn121_ecg_filter.o(.data.b_lp)
    heart_Rate                               0x200000be   Data           2  cn121_qrs_det.o(.bss..L_MergedGlobals)
    flag_time0_pulse                         0x20000128   Data           1  main.o(.bss..L_MergedGlobals.1)
    flag_time3_Uev                           0x20000129   Data           1  main.o(.bss..L_MergedGlobals.1)
    flag_time3_Cap                           0x2000012a   Data           1  main.o(.bss..L_MergedGlobals.1)
    signal_5p3k_valid                        0x2000012c   Data           1  main.o(.bss..L_MergedGlobals.1)
    signal_5p3k_cnt                          0x2000012d   Data           1  main.o(.bss..L_MergedGlobals.1)
    HR_5p3k_received                         0x20000130   Data           2  main.o(.bss..L_MergedGlobals.1)
    u16TIM3_CntValue                         0x20000134   Data           2  main.o(.bss..L_MergedGlobals.1)
    HR_5p3k_cnt                              0x2000013c   Data           4  main.o(.bss..L_MergedGlobals.1)
    RRi_5p3k_cnt                             0x20000140   Data           4  main.o(.bss..L_MergedGlobals.1)
    u32PwcCapValue                           0x20000144   Data           4  main.o(.bss..L_MergedGlobals.1)
    comb_notch_50Hz_cur_pnt                  0x20000148   Data           2  cn121_ecg_filter.o(.bss..L_MergedGlobals.1)
    lod_status                               0x200001b0   Data           1  cn121_api.o(.bss..L_MergedGlobals.1)
    standard_signal                          0x200001b1   Data           1  cn121_api.o(.bss..L_MergedGlobals.1)
    adc_vol                                  0x200001bc   Data           4  cn121_api.o(.bss..L_MergedGlobals.1)
    fifo                                     0x20000df8   Data         264  cn121_api.o(.bss.fifo)
    lp_fir_cur_pnt                           0x20001158   Data           2  cn121_ecg_filter.o(.bss.lp_fir_cur_pnt)
    lp_fir_state                             0x2000115c   Data         228  cn121_ecg_filter.o(.bss.lp_fir_state)
    __initial_sp                             0x20001440   Data           0  startup_hc32l13x.o(STACK)



==============================================================================

Memory Map of the image

  Image Entry point : 0x000000c1

  Load Region LR_IROM1 (Base: 0x00000000, Size: 0x000028d0, Max: 0x00010000, ABSOLUTE)

    Execution Region ER_IROM1 (Exec base: 0x00000000, Load base: 0x00000000, Size: 0x00002818, Max: 0x00010000, ABSOLUTE)

    Exec Addr    Load Addr    Size         Type   Attr      Idx    E Section Name        Object

    0x00000000   0x00000000   0x000000c0   Data   RO            3    RESET               startup_hc32l13x.o
    0x000000c0   0x000000c0   0x00000000   Code   RO          941  * .ARM.Collect$$$$00000000  mc_p.l(entry.o)
    0x000000c0   0x000000c0   0x00000004   Code   RO          974    .ARM.Collect$$$$00000001  mc_p.l(entry2.o)
    0x000000c4   0x000000c4   0x00000004   Code   RO          977    .ARM.Collect$$$$00000004  mc_p.l(entry5.o)
    0x000000c8   0x000000c8   0x00000000   Code   RO          979    .ARM.Collect$$$$00000008  mc_p.l(entry7b.o)
    0x000000c8   0x000000c8   0x00000000   Code   RO          981    .ARM.Collect$$$$0000000A  mc_p.l(entry8b.o)
    0x000000c8   0x000000c8   0x00000008   Code   RO          982    .ARM.Collect$$$$0000000B  mc_p.l(entry9a.o)
    0x000000d0   0x000000d0   0x00000000   Code   RO          984    .ARM.Collect$$$$0000000D  mc_p.l(entry10a.o)
    0x000000d0   0x000000d0   0x00000000   Code   RO          986    .ARM.Collect$$$$0000000F  mc_p.l(entry11a.o)
    0x000000d0   0x000000d0   0x00000004   Code   RO          975    .ARM.Collect$$$$00002712  mc_p.l(entry2.o)
    0x000000d4   0x000000d4   0x0000003c   Code   RO            4    .text               startup_hc32l13x.o
    0x00000110   0x00000110   0x0000002c   Code   RO          944    .text               mc_p.l(uidiv.o)
    0x0000013c   0x0000013c   0x00000028   Code   RO          946    .text               mc_p.l(idiv.o)
    0x00000164   0x00000164   0x000000a2   Code   RO          948    .text               mc_p.l(qsort.o)
    0x00000206   0x00000206   0x00000024   Code   RO          950    .text               mc_p.l(memseta.o)
    0x0000022a   0x0000022a   0x000000b2   Code   RO          952    .text               mf_p.l(fadd.o)
    0x000002dc   0x000002dc   0x0000007a   Code   RO          954    .text               mf_p.l(fmul.o)
    0x00000356   0x00000356   0x0000007c   Code   RO          956    .text               mf_p.l(fdiv.o)
    0x000003d2   0x000003d2   0x00000002   PAD
    0x000003d4   0x000003d4   0x00000164   Code   RO          958    .text               mf_p.l(dadd.o)
    0x00000538   0x00000538   0x000000d0   Code   RO          960    .text               mf_p.l(dmul.o)
    0x00000608   0x00000608   0x0000001c   Code   RO          962    .text               mf_p.l(fcmplt.o)
    0x00000624   0x00000624   0x0000001c   Code   RO          964    .text               mf_p.l(fcmpgt.o)
    0x00000640   0x00000640   0x0000000e   Code   RO          966    .text               mf_p.l(ffltui.o)
    0x0000064e   0x0000064e   0x00000032   Code   RO          968    .text               mf_p.l(ffixi.o)
    0x00000680   0x00000680   0x00000028   Code   RO          970    .text               mf_p.l(f2d.o)
    0x000006a8   0x000006a8   0x00000038   Code   RO          972    .text               mf_p.l(d2f.o)
    0x000006e0   0x000006e0   0x00000020   Code   RO          988    .text               mc_p.l(llshl.o)
    0x00000700   0x00000700   0x00000026   Code   RO          990    .text               mc_p.l(llsshr.o)
    0x00000726   0x00000726   0x00000000   Code   RO          992    .text               mc_p.l(iusefp.o)
    0x00000726   0x00000726   0x00000082   Code   RO          993    .text               mf_p.l(fepilogue.o)
    0x000007a8   0x000007a8   0x000000be   Code   RO          995    .text               mf_p.l(depilogue.o)
    0x00000866   0x00000866   0x00000002   PAD
    0x00000868   0x00000868   0x00000024   Code   RO          999    .text               mc_p.l(init.o)
    0x0000088c   0x0000088c   0x00000022   Code   RO         1001    .text               mc_p.l(llushr.o)
    0x000008ae   0x000008ae   0x0000000e   Code   RO           93    .text.$Sub$$main    system_hc32l13x.o
    0x000008bc   0x000008bc   0x00000030   Code   RO          879    .text.ADC2Voltage   cn121_api.o
    0x000008ec   0x000008ec   0x00000008   Code   RO           65    .text.ADC_IRQHandler  interrupts_hc32l13x.o
    0x000008f4   0x000008f4   0x00000018   Code   RO          249    .text.Adc_CfgSglChannel  adc.o
    0x0000090c   0x0000090c   0x00000010   Code   RO          215    .text.Adc_ClrIrqStatus  adc.o
    0x0000091c   0x0000091c   0x00000010   Code   RO          217    .text.Adc_EnableIrq  adc.o
    0x0000092c   0x0000092c   0x00000014   Code   RO          213    .text.Adc_GetIrqStatus  adc.o
    0x00000940   0x00000940   0x0000000c   Code   RO          255    .text.Adc_GetSglResult  adc.o
    0x0000094c   0x0000094c   0x0000002a   Code   RO          110    .text.Adc_IRQHandler  main.o
    0x00000976   0x00000976   0x00000002   PAD
    0x00000978   0x00000978   0x00000058   Code   RO          221    .text.Adc_Init      adc.o
    0x000009d0   0x000009d0   0x00000008   Code   RO          229    .text.Adc_SGL_Start  adc.o
    0x000009d8   0x000009d8   0x0000000c   Code   RO          231    .text.Adc_SGL_Stop  adc.o
    0x000009e4   0x000009e4   0x00000040   Code   RO          755    .text.App_AdcInit   cn121_utils.o
    0x00000a24   0x00000a24   0x00000014   Code   RO          753    .text.App_AdcPortInit  cn121_utils.o
    0x00000a38   0x00000a38   0x00000018   Code   RO          757    .text.App_AdcSglCfg  cn121_utils.o
    0x00000a50   0x00000a50   0x00000040   Code   RO          759    .text.App_ClockCfg  cn121_utils.o
    0x00000a90   0x00000a90   0x00000036   Code   RO          761    .text.App_LEDPortCfg  cn121_utils.o
    0x00000ac6   0x00000ac6   0x00000062   Code   RO          763    .text.App_Timer0Cfg  cn121_utils.o
    0x00000b28   0x00000b28   0x00000078   Code   RO          777    .text.App_Timer3Cfg  5p3k_receiver.o
    0x00000ba0   0x00000ba0   0x00000038   Code   RO          775    .text.App_Timer3PortCfg  5p3k_receiver.o
    0x00000bd8   0x00000bd8   0x000000b8   Code   RO          765    .text.App_UartCfg   cn121_utils.o
    0x00000c90   0x00000c90   0x00000018   Code   RO          335    .text.Bgr_BgrEnable  bgr.o
    0x00000ca8   0x00000ca8   0x00000014   Code   RO          564    .text.Bt_ClearIntFlag  bt.o
    0x00000cbc   0x00000cbc   0x00000014   Code   RO          562    .text.Bt_GetIntFlag  bt.o
    0x00000cd0   0x00000cd0   0x00000018   Code   RO          594    .text.Bt_M0_ARRSet  bt.o
    0x00000ce8   0x00000ce8   0x0000001c   Code   RO          590    .text.Bt_M0_Cnt16Set  bt.o
    0x00000d04   0x00000d04   0x00000010   Code   RO          582    .text.Bt_M0_Run     bt.o
    0x00000d14   0x00000d14   0x00000014   Code   RO          568    .text.Bt_Mode0_EnableIrq  bt.o
    0x00000d28   0x00000d28   0x00000084   Code   RO          580    .text.Bt_Mode0_Init  bt.o
    0x00000dac   0x00000dac   0x00000008   Code   RO           79    .text.CLKTRIM_IRQHandler  interrupts_hc32l13x.o
    0x00000db4   0x00000db4   0x0000005c   Code   RO          899    .text.CN121_AutoFR  cn121_api.o
    0x00000e10   0x00000e10   0x00000044   Code   RO          897    .text.CN121_AutoFR_Trig  cn121_api.o
    0x00000e54   0x00000e54   0x0000011c   Code   RO          923    .text.CN121_Data_Proc  cn121_api.o
    0x00000f70   0x00000f70   0x0000004c   Code   RO          891    .text.CN121_FR_Off  cn121_api.o
    0x00000fbc   0x00000fbc   0x0000004c   Code   RO          889    .text.CN121_FR_On   cn121_api.o
    0x00001008   0x00001008   0x00000060   Code   RO          915    .text.CN121_Init    cn121_api.o
    0x00001068   0x00001068   0x0000002c   Code   RO          901    .text.CN121_LOD_Detect  cn121_api.o
    0x00001094   0x00001094   0x0000001c   Code   RO          921    .text.CN121_LOD_ON_Init  cn121_api.o
    0x000010b0   0x000010b0   0x00000028   Code   RO          875    .text.CN121_Parameter_Init  cn121_api.o
    0x000010d8   0x000010d8   0x0000004c   Code   RO          881    .text.CN121_PowerOn  cn121_api.o
    0x00001124   0x00001124   0x00000018   Code   RO          903    .text.CN121_Reset   cn121_api.o
    0x0000113c   0x0000113c   0x00000054   Code   RO          895    .text.CN121_Set_Bandwidth  cn121_api.o
    0x00001190   0x00001190   0x00000050   Code   RO          893    .text.CN121_Set_Gain  cn121_api.o
    0x000011e0   0x000011e0   0x00000050   Code   RO          887    .text.CN121_StandbyOff  cn121_api.o
    0x00001230   0x00001230   0x00000028   Code   RO          854    .text.CN121_ecg_filter  cn121_ecg_filter.o
    0x00001258   0x00001258   0x00000008   Code   RO          927    .text.CN121_heart_Rate  cn121_api.o
    0x00001260   0x00001260   0x00000004   Code   RO          713    .text.CN1xx_SPI_ReadWrite  cn121_utils.o
    0x00001264   0x00001264   0x00000008   Code   RO          711    .text.CN1xx_delay_us  cn121_utils.o
    0x0000126c   0x0000126c   0x0000000c   Code   RO          737    .text.DB_CSB_RESET  cn121_utils.o
    0x00001278   0x00001278   0x0000000c   Code   RO          735    .text.DB_CSB_SET    cn121_utils.o
    0x00001284   0x00001284   0x0000000c   Code   RO          749    .text.DB_HR_PULSE_RESET  cn121_utils.o
    0x00001290   0x00001290   0x0000000c   Code   RO          747    .text.DB_HR_PULSE_SET  cn121_utils.o
    0x0000129c   0x0000129c   0x00000010   Code   RO          723    .text.DB_LOD1_LOW   cn121_utils.o
    0x000012ac   0x000012ac   0x00000012   Code   RO          727    .text.DB_MISO_HIGH  cn121_utils.o
    0x000012be   0x000012be   0x0000000c   Code   RO          745    .text.DB_MOSI_RESET  cn121_utils.o
    0x000012ca   0x000012ca   0x0000000c   Code   RO          743    .text.DB_MOSI_SET   cn121_utils.o
    0x000012d6   0x000012d6   0x0000000c   Code   RO          741    .text.DB_SCLK_RESET  cn121_utils.o
    0x000012e2   0x000012e2   0x0000000c   Code   RO          739    .text.DB_SCLK_SET   cn121_utils.o
    0x000012ee   0x000012ee   0x00000008   Code   RO           25    .text.DMAC_IRQHandler  interrupts_hc32l13x.o
    0x000012f6   0x000012f6   0x00000002   PAD
    0x000012f8   0x000012f8   0x00000088   Code   RO           11    .text.EnableNvic    interrupts_hc32l13x.o
    0x00001380   0x00001380   0x00000040   Code   RO          907    .text.FIFO_Pop      cn121_api.o
    0x000013c0   0x000013c0   0x00000044   Code   RO          905    .text.FIFO_Push     cn121_api.o
    0x00001404   0x00001404   0x0000000c   Code   RO           77    .text.FLASH_RAM_IRQHandler  interrupts_hc32l13x.o
    0x00001410   0x00001410   0x00000034   Code   RO          698    .text.Flash_WaitCycle  flash.o
    0x00001444   0x00001444   0x0000002c   Code   RO          751    .text.GPIO_HR_PULSE_Init  cn121_utils.o
    0x00001470   0x00001470   0x0000002a   Code   RO          715    .text.GPIO_LOD_Init  cn121_utils.o
    0x0000149a   0x0000149a   0x00000002   PAD
    0x0000149c   0x0000149c   0x00000074   Code   RO          721    .text.GPIO_SPI_Init  cn121_utils.o
    0x00001510   0x00001510   0x0000000a   Code   RO          151    .text.GetBit        ddl.o
    0x0000151a   0x0000151a   0x00000002   PAD
    0x0000151c   0x0000151c   0x00000014   Code   RO          291    .text.Gpio_ClrIO    gpio.o
    0x00001530   0x00001530   0x00000010   Code   RO          277    .text.Gpio_GetInputIO  gpio.o
    0x00001540   0x00001540   0x00000088   Code   RO          275    .text.Gpio_Init     gpio.o
    0x000015c8   0x000015c8   0x00000010   Code   RO          297    .text.Gpio_SetAfMode  gpio.o
    0x000015d8   0x000015d8   0x00000014   Code   RO          295    .text.Gpio_SetAnalogMode  gpio.o
    0x000015ec   0x000015ec   0x00000014   Code   RO          287    .text.Gpio_SetIO    gpio.o
    0x00001600   0x00001600   0x00000014   Code   RO          281    .text.Gpio_WriteOutputIO  gpio.o
    0x00001614   0x00001614   0x00000010   Code   RO           13    .text.HardFault_Handler  interrupts_hc32l13x.o
    0x00001624   0x00001624   0x00000008   Code   RO           41    .text.I2C0_IRQHandler  interrupts_hc32l13x.o
    0x0000162c   0x0000162c   0x00000008   Code   RO           43    .text.I2C1_IRQHandler  interrupts_hc32l13x.o
    0x00001634   0x00001634   0x00000008   Code   RO           75    .text.LCD_IRQHandler  interrupts_hc32l13x.o
    0x0000163c   0x0000163c   0x00000008   Code   RO           51    .text.LPTIM_IRQHandler  interrupts_hc32l13x.o
    0x00001644   0x00001644   0x00000008   Code   RO           33    .text.LPUART0_IRQHandler  interrupts_hc32l13x.o
    0x0000164c   0x0000164c   0x00000008   Code   RO           35    .text.LPUART1_IRQHandler  interrupts_hc32l13x.o
    0x00001654   0x00001654   0x00000008   Code   RO           73    .text.LVD_IRQHandler  interrupts_hc32l13x.o
    0x0000165c   0x0000165c   0x00000008   Code   RO           59    .text.PCA_IRQHandler  interrupts_hc32l13x.o
    0x00001664   0x00001664   0x00000008   Code   RO           67    .text.PCNT_IRQHandler  interrupts_hc32l13x.o
    0x0000166c   0x0000166c   0x00000008   Code   RO           17    .text.PORTA_IRQHandler  interrupts_hc32l13x.o
    0x00001674   0x00001674   0x00000008   Code   RO           19    .text.PORTB_IRQHandler  interrupts_hc32l13x.o
    0x0000167c   0x0000167c   0x00000008   Code   RO           21    .text.PORTC_IRQHandler  interrupts_hc32l13x.o
    0x00001684   0x00001684   0x00000008   Code   RO           23    .text.PORTD_IRQHandler  interrupts_hc32l13x.o
    0x0000168c   0x0000168c   0x000001d4   Code   RO          793    .text.QRSDet_V2     cn121_qrs_det.o
    0x00001860   0x00001860   0x00000040   Code   RO          787    .text.QRSDet_V2_init  cn121_qrs_det.o
    0x000018a0   0x000018a0   0x00000008   Code   RO           63    .text.RTC_IRQHandler  interrupts_hc32l13x.o
    0x000018a8   0x000018a8   0x00000008   Code   RO           37    .text.SPI0_IRQHandler  interrupts_hc32l13x.o
    0x000018b0   0x000018b0   0x00000008   Code   RO           39    .text.SPI1_IRQHandler  interrupts_hc32l13x.o
    0x000018b8   0x000018b8   0x00000098   Code   RO          877    .text.SPI_ReadWrite  cn121_api.o
    0x00001950   0x00001950   0x00000016   Code   RO          149    .text.SetBit        ddl.o
    0x00001966   0x00001966   0x00000008   Code   RO           15    .text.SysTick_Handler  interrupts_hc32l13x.o
    0x0000196e   0x0000196e   0x00000002   PAD
    0x00001970   0x00001970   0x00000110   Code   RO          161    .text.Sysctrl_ClkSourceEnable  sysctrl.o
    0x00001a80   0x00001a80   0x000000f0   Code   RO          177    .text.Sysctrl_GetHClkFreq  sysctrl.o
    0x00001b70   0x00001b70   0x00000014   Code   RO          179    .text.Sysctrl_GetPClkFreq  sysctrl.o
    0x00001b84   0x00001b84   0x000000b0   Code   RO          193    .text.Sysctrl_SetPLLFreq  sysctrl.o
    0x00001c34   0x00001c34   0x0000001c   Code   RO          173    .text.Sysctrl_SetPLLStableTime  sysctrl.o
    0x00001c50   0x00001c50   0x00000014   Code   RO          197    .text.Sysctrl_SetPeripheralGate  sysctrl.o
    0x00001c64   0x00001c64   0x00000030   Code   RO          175    .text.Sysctrl_SysClkSwitch  sysctrl.o
    0x00001c94   0x00001c94   0x00000010   Code   RO           89    .text.SystemCoreClockUpdate  system_hc32l13x.o
    0x00001ca4   0x00001ca4   0x00000054   Code   RO           91    .text.SystemInit    system_hc32l13x.o
    0x00001cf8   0x00001cf8   0x00000008   Code   RO           45    .text.TIM0_IRQHandler  interrupts_hc32l13x.o
    0x00001d00   0x00001d00   0x00000008   Code   RO           47    .text.TIM1_IRQHandler  interrupts_hc32l13x.o
    0x00001d08   0x00001d08   0x00000008   Code   RO           49    .text.TIM2_IRQHandler  interrupts_hc32l13x.o
    0x00001d10   0x00001d10   0x00000008   Code   RO           27    .text.TIM3_IRQHandler  interrupts_hc32l13x.o
    0x00001d18   0x00001d18   0x00000008   Code   RO           53    .text.TIM4_IRQHandler  interrupts_hc32l13x.o
    0x00001d20   0x00001d20   0x00000008   Code   RO           55    .text.TIM5_IRQHandler  interrupts_hc32l13x.o
    0x00001d28   0x00001d28   0x00000008   Code   RO           57    .text.TIM6_IRQHandler  interrupts_hc32l13x.o
    0x00001d30   0x00001d30   0x00000040   Code   RO          108    .text.Tim0_IRQHandler  main.o
    0x00001d70   0x00001d70   0x00000014   Code   RO          452    .text.Tim3_ClearIntFlag  timer3.o
    0x00001d84   0x00001d84   0x00000010   Code   RO          450    .text.Tim3_GetIntFlag  timer3.o
    0x00001d94   0x00001d94   0x00000050   Code   RO          112    .text.Tim3_IRQHandler  main.o
    0x00001de4   0x00001de4   0x00000008   Code   RO          500    .text.Tim3_M1_Cnt16Get  timer3.o
    0x00001dec   0x00001dec   0x00000018   Code   RO          498    .text.Tim3_M1_Cnt16Set  timer3.o
    0x00001e04   0x00001e04   0x0000007c   Code   RO          490    .text.Tim3_M1_Input_Cfg  timer3.o
    0x00001e80   0x00001e80   0x0000000c   Code   RO          502    .text.Tim3_M1_PWC_CapValueGet  timer3.o
    0x00001e8c   0x00001e8c   0x00000050   Code   RO          492    .text.Tim3_M1_PWC_Edge_Sel  timer3.o
    0x00001edc   0x00001edc   0x00000010   Code   RO          494    .text.Tim3_M1_Run   timer3.o
    0x00001eec   0x00001eec   0x00000024   Code   RO          460    .text.Tim3_Mode1_EnableIrq  timer3.o
    0x00001f10   0x00001f10   0x00000050   Code   RO          488    .text.Tim3_Mode1_Init  timer3.o
    0x00001f60   0x00001f60   0x00000008   Code   RO           29    .text.UART0_IRQHandler  interrupts_hc32l13x.o
    0x00001f68   0x00001f68   0x00000008   Code   RO           31    .text.UART1_IRQHandler  interrupts_hc32l13x.o
    0x00001f70   0x00001f70   0x00000010   Code   RO          372    .text.Uart_ClrStatus  uart.o
    0x00001f80   0x00001f80   0x0000000e   Code   RO          362    .text.Uart_EnableFunc  uart.o
    0x00001f8e   0x00001f8e   0x0000000e   Code   RO          350    .text.Uart_EnableIrq  uart.o
    0x00001f9c   0x00001f9c   0x00000070   Code   RO          382    .text.Uart_Init     uart.o
    0x0000200c   0x0000200c   0x00000038   Code   RO          374    .text.Uart_SendDataPoll  uart.o
    0x00002044   0x00002044   0x00000008   Code   RO           69    .text.VC0_IRQHandler  interrupts_hc32l13x.o
    0x0000204c   0x0000204c   0x00000008   Code   RO           71    .text.VC1_IRQHandler  interrupts_hc32l13x.o
    0x00002054   0x00002054   0x00000008   Code   RO           61    .text.WDT_IRQHandler  interrupts_hc32l13x.o
    0x0000205c   0x0000205c   0x0000000c   Code   RO          797    .text.compar        cn121_qrs_det.o
    0x00002068   0x00002068   0x00000014   Code   RO          129    .text.ddl_memclr    ddl.o
    0x0000207c   0x0000207c   0x00000044   Code   RO          145    .text.delay100us    ddl.o
    0x000020c0   0x000020c0   0x00000044   Code   RO          147    .text.delay10us     ddl.o
    0x00002104   0x00002104   0x0000004c   Code   RO          143    .text.delay1ms      ddl.o
    0x00002150   0x00002150   0x0000007c   Code   RO          789    .text.diff_filt     cn121_qrs_det.o
    0x000021cc   0x000021cc   0x00000080   Code   RO          791    .text.extreme_det   cn121_qrs_det.o
    0x0000224c   0x0000224c   0x00000060   Code   RO          106    .text.gen_HR_pulse  main.o
    0x000022ac   0x000022ac   0x0000000c   Code   RO          799    .text.get_heart_Rate  cn121_qrs_det.o
    0x000022b8   0x000022b8   0x000000c8   Code   RO          812    .text.hr_mean_filt_rr_interval  cn121_hr_smooth.o
    0x00002380   0x00002380   0x000000b8   Code   RO          850    .text.iir_filt_lp   cn121_ecg_filter.o
    0x00002438   0x00002438   0x00000074   Code   RO          836    .text.lp_fir_filter  cn121_ecg_filter.o
    0x000024ac   0x000024ac   0x000001bc   Code   RO          104    .text.main          main.o
    0x00002668   0x00002668   0x0000001c   Code   RO          795    .text.median        cn121_qrs_det.o
    0x00002684   0x00002684   0x0000003c   Code   RO          852    .text.median_filter  cn121_ecg_filter.o
    0x000026c0   0x000026c0   0x0000002e   Code   RO          997    i.__ARM_clz         mf_p.l(depilogue.o)
    0x000026ee   0x000026ee   0x0000000e   Code   RO         1005    i.__scatterload_copy  mc_p.l(handlers.o)
    0x000026fc   0x000026fc   0x00000002   Code   RO         1006    i.__scatterload_null  mc_p.l(handlers.o)
    0x000026fe   0x000026fe   0x0000000e   Code   RO         1007    i.__scatterload_zeroinit  mc_p.l(handlers.o)
    0x0000270c   0x0000270c   0x00000008   Data   RO          802    .rodata.cst8        cn121_qrs_det.o
    0x00002714   0x00002714   0x000000e4   Data   RO          860    .rodata.lp_fir_coeffs  cn121_ecg_filter.o
    0x000027f8   0x000027f8   0x00000020   Data   RO         1004    Region$$Table       anon$$obj.o


    Execution Region RW_IRAM1 (Exec base: 0x20000000, Load base: 0x00002818, Size: 0x00001440, Max: 0x00002000, ABSOLUTE)

    Exec Addr    Load Addr    Size         Type   Attr      Idx    E Section Name        Object

    0x20000000   0x00002818   0x00000005   Data   RW          117    .data..L_MergedGlobals  main.o
    0x20000005   0x0000281d   0x00000003   PAD
    0x20000008   0x00002820   0x00000078   Data   RW          864    .data..L_MergedGlobals  cn121_ecg_filter.o
    0x20000080   0x00002898   0x0000000c   Data   RW          932    .data..L_MergedGlobals  cn121_api.o
    0x2000008c   0x000028a4   0x00000004   Data   RW           95    .data.SystemCoreClock  system_hc32l13x.o
    0x20000090   0x000028a8   0x00000028   Data   RW          863    .data.b_lp          cn121_ecg_filter.o
    0x200000b8        -       0x00000050   Zero   RW          803    .bss..L_MergedGlobals  cn121_qrs_det.o
    0x20000108        -       0x00000020   Zero   RW          827    .bss..L_MergedGlobals  cn121_hr_smooth.o
    0x20000128        -       0x00000020   Zero   RW          118    .bss..L_MergedGlobals.1  main.o
    0x20000148        -       0x00000068   Zero   RW          865    .bss..L_MergedGlobals.1  cn121_ecg_filter.o
    0x200001b0        -       0x00000010   Zero   RW          933    .bss..L_MergedGlobals.1  cn121_api.o
    0x200001c0        -       0x0000007c   Zero   RW          866    .bss..L_MergedGlobals.2  cn121_ecg_filter.o
    0x2000023c        -       0x00000002   Zero   RW          931    .bss.autofr_trig_cnt  cn121_api.o
    0x2000023e   0x000028d0   0x00000002   PAD
    0x20000240        -       0x00000bb8   Zero   RW          801    .bss.ecg_m          cn121_qrs_det.o
    0x20000df8        -       0x00000108   Zero   RW          930    .bss.fifo           cn121_api.o
    0x20000f00        -       0x00000258   Zero   RW          824    .bss.hr_mean_filt_rr_interval.hr_filt_State  cn121_hr_smooth.o
    0x20001158        -       0x00000002   Zero   RW          857    .bss.lp_fir_cur_pnt  cn121_ecg_filter.o
    0x2000115a   0x000028d0   0x00000002   PAD
    0x2000115c        -       0x000000e4   Zero   RW          858    .bss.lp_fir_state   cn121_ecg_filter.o
    0x20001240        -       0x00000200   Zero   RW            1    STACK               startup_hc32l13x.o


==============================================================================

Image component sizes


      Code (inc. data)   RO Data    RW Data    ZI Data      Debug   Object Name

       176          4          0          0          0      11718   5p3k_receiver.o
       196         20          0          0          0      17529   adc.o
        24          4          0          0          0       1143   bgr.o
       260         24          0          0          0      27999   bt.o
      1488         48          0         12        282       9510   cn121_api.o
       400         32        228        160        458       5844   cn121_ecg_filter.o
       200         20          0          0        632       3301   cn121_hr_smooth.o
       836         28          8          0       3080       5674   cn121_qrs_det.o
       852         12          0          0          0      14511   cn121_utils.o
       264         20          0          0          0       3461   ddl.o
        52         12          0          0          0       7818   flash.o
       248         36          0          0          0      44268   gpio.o
       420         20          0          0          0       6294   interrupts_hc32l13x.o
       726         44          0          5         32       6606   main.o
        60         22        192          0        512        608   startup_hc32l13x.o
       804         72          0          0          0      50057   sysctrl.o
       114         28          0          4          0       4232   system_hc32l13x.o
       416         32          0          0          0      27848   timer3.o
       212          8          0          0          0       8659   uart.o

    ----------------------------------------------------------------------
      7758        486        460        184       5000     257080   Object Totals
         0          0         32          0          0          0   (incl. Generated)
        10          0          0          3          4          0   (incl. Padding)

    ----------------------------------------------------------------------

      Code (inc. data)   RO Data    RW Data    ZI Data      Debug   Library Member Name

         0          0          0          0          0          0   entry.o
         0          0          0          0          0          0   entry10a.o
         0          0          0          0          0          0   entry11a.o
         8          4          0          0          0          0   entry2.o
         4          0          0          0          0          0   entry5.o
         0          0          0          0          0          0   entry7b.o
         0          0          0          0          0          0   entry8b.o
         8          4          0          0          0          0   entry9a.o
        30          0          0          0          0          0   handlers.o
        40          0          0          0          0         72   idiv.o
        36          8          0          0          0         68   init.o
         0          0          0          0          0          0   iusefp.o
        32          0          0          0          0         68   llshl.o
        38          0          0          0          0         68   llsshr.o
        34          0          0          0          0         68   llushr.o
        36          0          0          0          0        100   memseta.o
       162          0          0          0          0         80   qsort.o
        44          0          0          0          0         72   uidiv.o
        56          0          0          0          0         68   d2f.o
       356          4          0          0          0        140   dadd.o
       236          0          0          0          0        216   depilogue.o
       208          6          0          0          0         88   dmul.o
        40          0          0          0          0         60   f2d.o
       178          0          0          0          0        108   fadd.o
        28          0          0          0          0         60   fcmpgt.o
        28          0          0          0          0         60   fcmplt.o
       124          0          0          0          0         72   fdiv.o
       130          0          0          0          0        144   fepilogue.o
        50          0          0          0          0         60   ffixi.o
        14          0          0          0          0         68   ffltui.o
       122          0          0          0          0         72   fmul.o

    ----------------------------------------------------------------------
      2046         26          0          0          0       1812   Library Totals
         4          0          0          0          0          0   (incl. Padding)

    ----------------------------------------------------------------------

      Code (inc. data)   RO Data    RW Data    ZI Data      Debug   Library Name

       472         16          0          0          0        596   mc_p.l
      1570         10          0          0          0       1216   mf_p.l

    ----------------------------------------------------------------------
      2046         26          0          0          0       1812   Library Totals

    ----------------------------------------------------------------------

==============================================================================


      Code (inc. data)   RO Data    RW Data    ZI Data      Debug   

      9804        512        460        184       5000     257936   Grand Totals
      9804        512        460        184       5000     257936   ELF Image Totals
      9804        512        460        184          0          0   ROM Totals

==============================================================================

    Total RO  Size (Code + RO Data)                10264 (  10.02kB)
    Total RW  Size (RW Data + ZI Data)              5184 (   5.06kB)
    Total ROM Size (Code + RO Data + RW Data)      10448 (  10.20kB)

==============================================================================

