Component: ARM Compiler 6.14 Tool: armlink [5db06800]

==============================================================================

Image Symbol Table

    Local Symbols

    Symbol Name                              Value     Ov Type        Size  Object(Section)

    ../clib/microlib/division.c              0x00000000   Number         0  uidiv.o ABSOLUTE
    ../clib/microlib/division.c              0x00000000   Number         0  idiv.o ABSOLUTE
    ../clib/microlib/init/entry.s            0x00000000   Number         0  entry.o ABSOLUTE
    ../clib/microlib/init/entry.s            0x00000000   Number         0  entry2.o ABSOLUTE
    ../clib/microlib/init/entry.s            0x00000000   Number         0  entry5.o ABSOLUTE
    ../clib/microlib/init/entry.s            0x00000000   Number         0  entry7a.o ABSOLUTE
    ../clib/microlib/init/entry.s            0x00000000   Number         0  entry7b.o ABSOLUTE
    ../clib/microlib/init/entry.s            0x00000000   Number         0  entry8a.o ABSOLUTE
    ../clib/microlib/init/entry.s            0x00000000   Number         0  entry8b.o ABSOLUTE
    ../clib/microlib/init/entry.s            0x00000000   Number         0  entry9a.o ABSOLUTE
    ../clib/microlib/init/entry.s            0x00000000   Number         0  entry9b.o ABSOLUTE
    ../clib/microlib/init/entry.s            0x00000000   Number         0  entry10a.o ABSOLUTE
    ../clib/microlib/init/entry.s            0x00000000   Number         0  entry10b.o ABSOLUTE
    ../clib/microlib/init/entry.s            0x00000000   Number         0  entry11a.o ABSOLUTE
    ../clib/microlib/init/entry.s            0x00000000   Number         0  entry11b.o ABSOLUTE
    ../clib/microlib/longlong.c              0x00000000   Number         0  llshl.o ABSOLUTE
    ../clib/microlib/longlong.c              0x00000000   Number         0  llsshr.o ABSOLUTE
    ../clib/microlib/longlong.c              0x00000000   Number         0  llushr.o ABSOLUTE
    ../clib/microlib/stdlib/qsort.c          0x00000000   Number         0  qsort.o ABSOLUTE
    ../clib/microlib/string/memset.c         0x00000000   Number         0  memseta.o ABSOLUTE
    ../clib/microlib/stubs.s                 0x00000000   Number         0  iusefp.o ABSOLUTE
    ../fplib/microlib/d2f.c                  0x00000000   Number         0  d2f.o ABSOLUTE
    ../fplib/microlib/f2d.c                  0x00000000   Number         0  f2d.o ABSOLUTE
    ../fplib/microlib/fpadd.c                0x00000000   Number         0  fadd.o ABSOLUTE
    ../fplib/microlib/fpadd.c                0x00000000   Number         0  dadd.o ABSOLUTE
    ../fplib/microlib/fpcmp.c                0x00000000   Number         0  fcmplt.o ABSOLUTE
    ../fplib/microlib/fpcmp.c                0x00000000   Number         0  fcmpgt.o ABSOLUTE
    ../fplib/microlib/fpdiv.c                0x00000000   Number         0  fdiv.o ABSOLUTE
    ../fplib/microlib/fpepilogue.c           0x00000000   Number         0  fepilogue.o ABSOLUTE
    ../fplib/microlib/fpepilogue.c           0x00000000   Number         0  depilogue.o ABSOLUTE
    ../fplib/microlib/fpfix.c                0x00000000   Number         0  ffixi.o ABSOLUTE
    ../fplib/microlib/fpflt.c                0x00000000   Number         0  ffltui.o ABSOLUTE
    ../fplib/microlib/fpmul.c                0x00000000   Number         0  fmul.o ABSOLUTE
    ../fplib/microlib/fpmul.c                0x00000000   Number         0  dmul.o ABSOLUTE
    CN121_API.c                              0x00000000   Number         0  cn121_api.o ABSOLUTE
    CN121_ECG_Filter.c                       0x00000000   Number         0  cn121_ecg_filter.o ABSOLUTE
    CN121_HR_smooth.c                        0x00000000   Number         0  cn121_hr_smooth.o ABSOLUTE
    CN121_qrs_Det.c                          0x00000000   Number         0  cn121_qrs_det.o ABSOLUTE
    CN121_utils.c                            0x00000000   Number         0  cn121_utils.o ABSOLUTE
    adc.c                                    0x00000000   Number         0  adc.o ABSOLUTE
    bgr.c                                    0x00000000   Number         0  bgr.o ABSOLUTE
    bt.c                                     0x00000000   Number         0  bt.o ABSOLUTE
    dc.s                                     0x00000000   Number         0  dc.o ABSOLUTE
    ddl.c                                    0x00000000   Number         0  ddl.o ABSOLUTE
    dmac.c                                   0x00000000   Number         0  dmac.o ABSOLUTE
    flash.c                                  0x00000000   Number         0  flash.o ABSOLUTE
    gpio.c                                   0x00000000   Number         0  gpio.o ABSOLUTE
    handlers.s                               0x00000000   Number         0  handlers.o ABSOLUTE
    init.s                                   0x00000000   Number         0  init.o ABSOLUTE
    interrupts_hc32l13x.c                    0x00000000   Number         0  interrupts_hc32l13x.o ABSOLUTE
    main.c                                   0x00000000   Number         0  main.o ABSOLUTE
    startup_hc32l13x.s                       0x00000000   Number         0  startup_hc32l13x.o ABSOLUTE
    sysctrl.c                                0x00000000   Number         0  sysctrl.o ABSOLUTE
    system_hc32l13x.c                        0x00000000   Number         0  system_hc32l13x.o ABSOLUTE
    timer3.c                                 0x00000000   Number         0  timer3.o ABSOLUTE
    uart.c                                   0x00000000   Number         0  uart.o ABSOLUTE
    RESET                                    0x00000000   Section      192  startup_hc32l13x.o(RESET)
    .ARM.Collect$$$$00000000                 0x000000c0   Section        0  entry.o(.ARM.Collect$$$$00000000)
    .ARM.Collect$$$$00000001                 0x000000c0   Section        4  entry2.o(.ARM.Collect$$$$00000001)
    .ARM.Collect$$$$00000004                 0x000000c4   Section        4  entry5.o(.ARM.Collect$$$$00000004)
    .ARM.Collect$$$$00000008                 0x000000c8   Section        0  entry7b.o(.ARM.Collect$$$$00000008)
    .ARM.Collect$$$$0000000A                 0x000000c8   Section        0  entry8b.o(.ARM.Collect$$$$0000000A)
    .ARM.Collect$$$$0000000B                 0x000000c8   Section        8  entry9a.o(.ARM.Collect$$$$0000000B)
    __lit__00000000                          0x000000d0   Data           4  entry2.o(.ARM.Collect$$$$00002712)
    .ARM.Collect$$$$0000000D                 0x000000d0   Section        0  entry10a.o(.ARM.Collect$$$$0000000D)
    .ARM.Collect$$$$0000000F                 0x000000d0   Section        0  entry11a.o(.ARM.Collect$$$$0000000F)
    .ARM.Collect$$$$00002712                 0x000000d0   Section        4  entry2.o(.ARM.Collect$$$$00002712)
    .text                                    0x000000d4   Section       60  startup_hc32l13x.o(.text)
    .text                                    0x00000110   Section        0  uidiv.o(.text)
    .text                                    0x0000013c   Section        0  qsort.o(.text)
    .text                                    0x000001de   Section        0  memseta.o(.text)
    .text                                    0x00000202   Section        0  fadd.o(.text)
    .text                                    0x000002b4   Section        0  fmul.o(.text)
    .text                                    0x0000032e   Section        0  fdiv.o(.text)
    .text                                    0x000003ac   Section        0  dadd.o(.text)
    .text                                    0x00000510   Section        0  fcmplt.o(.text)
    .text                                    0x0000052c   Section        0  fcmpgt.o(.text)
    .text                                    0x00000548   Section        0  ffltui.o(.text)
    .text                                    0x00000556   Section        0  ffixi.o(.text)
    .text                                    0x00000588   Section        0  f2d.o(.text)
    .text                                    0x000005b0   Section        0  d2f.o(.text)
    .text                                    0x000005e8   Section        0  llshl.o(.text)
    .text                                    0x00000608   Section        0  llsshr.o(.text)
    .text                                    0x0000062e   Section        0  iusefp.o(.text)
    .text                                    0x0000062e   Section        0  fepilogue.o(.text)
    .text                                    0x000006b0   Section        0  depilogue.o(.text)
    .text                                    0x00000770   Section       36  init.o(.text)
    .text                                    0x00000794   Section        0  llushr.o(.text)
    [Anonymous Symbol]                       0x000007b6   Section        0  system_hc32l13x.o(.text.$Sub$$main)
    [Anonymous Symbol]                       0x000007c4   Section        0  cn121_api.o(.text.ADC2Voltage)
    __arm_cp.2_0                             0x000007ec   Number         4  cn121_api.o(.text.ADC2Voltage)
    __arm_cp.2_1                             0x000007f0   Number         4  cn121_api.o(.text.ADC2Voltage)
    [Anonymous Symbol]                       0x000007f4   Section        0  interrupts_hc32l13x.o(.text.ADC_IRQHandler)
    [Anonymous Symbol]                       0x000007fc   Section        0  adc.o(.text.Adc_CfgSglChannel)
    [Anonymous Symbol]                       0x00000814   Section        0  adc.o(.text.Adc_ClrIrqStatus)
    __arm_cp.1_0                             0x00000820   Number         4  adc.o(.text.Adc_ClrIrqStatus)
    [Anonymous Symbol]                       0x00000824   Section        0  adc.o(.text.Adc_EnableIrq)
    [Anonymous Symbol]                       0x00000834   Section        0  adc.o(.text.Adc_GetIrqStatus)
    __arm_cp.0_0                             0x00000844   Number         4  adc.o(.text.Adc_GetIrqStatus)
    [Anonymous Symbol]                       0x00000848   Section        0  adc.o(.text.Adc_GetSglResult)
    __arm_cp.21_0                            0x00000850   Number         4  adc.o(.text.Adc_GetSglResult)
    [Anonymous Symbol]                       0x00000854   Section        0  main.o(.text.Adc_IRQHandler)
    [Anonymous Symbol]                       0x00000880   Section        0  adc.o(.text.Adc_Init)
    __arm_cp.4_0                             0x000008d4   Number         4  adc.o(.text.Adc_Init)
    [Anonymous Symbol]                       0x000008d8   Section        0  adc.o(.text.Adc_SGL_Start)
    [Anonymous Symbol]                       0x000008e0   Section        0  adc.o(.text.Adc_SGL_Stop)
    __arm_cp.9_0                             0x000008e8   Number         4  adc.o(.text.Adc_SGL_Stop)
    [Anonymous Symbol]                       0x000008ec   Section        0  cn121_utils.o(.text.App_AdcInit)
    [Anonymous Symbol]                       0x0000092c   Section        0  cn121_utils.o(.text.App_AdcPortInit)
    [Anonymous Symbol]                       0x00000940   Section        0  cn121_utils.o(.text.App_AdcSglCfg)
    [Anonymous Symbol]                       0x00000958   Section        0  cn121_utils.o(.text.App_ClockCfg)
    [Anonymous Symbol]                       0x00000998   Section        0  cn121_utils.o(.text.App_LEDPortCfg)
    [Anonymous Symbol]                       0x000009ce   Section        0  cn121_utils.o(.text.App_Timer0Cfg)
    [Anonymous Symbol]                       0x00000a30   Section        0  cn121_utils.o(.text.App_UartCfg)
    __arm_cp.27_0                            0x00000ae4   Number         4  cn121_utils.o(.text.App_UartCfg)
    [Anonymous Symbol]                       0x00000ae8   Section        0  bgr.o(.text.Bgr_BgrEnable)
    __arm_cp.0_0                             0x00000afc   Number         4  bgr.o(.text.Bgr_BgrEnable)
    [Anonymous Symbol]                       0x00000b00   Section        0  bt.o(.text.Bt_ClearIntFlag)
    __arm_cp.1_0                             0x00000b10   Number         4  bt.o(.text.Bt_ClearIntFlag)
    [Anonymous Symbol]                       0x00000b14   Section        0  bt.o(.text.Bt_GetIntFlag)
    __arm_cp.0_0                             0x00000b24   Number         4  bt.o(.text.Bt_GetIntFlag)
    [Anonymous Symbol]                       0x00000b28   Section        0  bt.o(.text.Bt_M0_ARRSet)
    __arm_cp.16_0                            0x00000b3c   Number         4  bt.o(.text.Bt_M0_ARRSet)
    [Anonymous Symbol]                       0x00000b40   Section        0  bt.o(.text.Bt_M0_Cnt16Set)
    __arm_cp.14_0                            0x00000b54   Number         4  bt.o(.text.Bt_M0_Cnt16Set)
    __arm_cp.14_1                            0x00000b58   Number         4  bt.o(.text.Bt_M0_Cnt16Set)
    [Anonymous Symbol]                       0x00000b5c   Section        0  bt.o(.text.Bt_M0_Run)
    [Anonymous Symbol]                       0x00000b6c   Section        0  bt.o(.text.Bt_Mode0_EnableIrq)
    [Anonymous Symbol]                       0x00000b80   Section        0  bt.o(.text.Bt_Mode0_Init)
    __arm_cp.9_0                             0x00000c00   Number         4  bt.o(.text.Bt_Mode0_Init)
    [Anonymous Symbol]                       0x00000c04   Section        0  interrupts_hc32l13x.o(.text.CLKTRIM_IRQHandler)
    [Anonymous Symbol]                       0x00000c0c   Section        0  cn121_api.o(.text.CN121_AutoFR)
    [Anonymous Symbol]                       0x00000c68   Section        0  cn121_api.o(.text.CN121_AutoFR_Trig)
    __arm_cp.11_0                            0x00000ca0   Number         4  cn121_api.o(.text.CN121_AutoFR_Trig)
    __arm_cp.11_1                            0x00000ca4   Number         4  cn121_api.o(.text.CN121_AutoFR_Trig)
    __arm_cp.11_2                            0x00000ca8   Number         4  cn121_api.o(.text.CN121_AutoFR_Trig)
    [Anonymous Symbol]                       0x00000cac   Section        0  cn121_api.o(.text.CN121_Data_Proc)
    __arm_cp.24_2                            0x00000dc4   Number         4  cn121_api.o(.text.CN121_Data_Proc)
    [Anonymous Symbol]                       0x00000dc8   Section        0  cn121_api.o(.text.CN121_FR_Off)
    [Anonymous Symbol]                       0x00000e14   Section        0  cn121_api.o(.text.CN121_FR_On)
    [Anonymous Symbol]                       0x00000e60   Section        0  cn121_api.o(.text.CN121_Init)
    [Anonymous Symbol]                       0x00000ec0   Section        0  cn121_api.o(.text.CN121_LOD_Detect)
    [Anonymous Symbol]                       0x00000eec   Section        0  cn121_api.o(.text.CN121_LOD_ON_Init)
    __arm_cp.23_0                            0x00000f04   Number         4  cn121_api.o(.text.CN121_LOD_ON_Init)
    [Anonymous Symbol]                       0x00000f08   Section        0  cn121_api.o(.text.CN121_Parameter_Init)
    __arm_cp.0_0                             0x00000f2c   Number         4  cn121_api.o(.text.CN121_Parameter_Init)
    [Anonymous Symbol]                       0x00000f30   Section        0  cn121_api.o(.text.CN121_PowerOn)
    [Anonymous Symbol]                       0x00000f7c   Section        0  cn121_api.o(.text.CN121_Reset)
    __arm_cp.14_0                            0x00000f90   Number         4  cn121_api.o(.text.CN121_Reset)
    [Anonymous Symbol]                       0x00000f94   Section        0  cn121_api.o(.text.CN121_Set_Bandwidth)
    [Anonymous Symbol]                       0x00000fe8   Section        0  cn121_api.o(.text.CN121_Set_Gain)
    [Anonymous Symbol]                       0x00001038   Section        0  cn121_api.o(.text.CN121_StandbyOff)
    __arm_cp.6_0                             0x00001084   Number         4  cn121_api.o(.text.CN121_StandbyOff)
    [Anonymous Symbol]                       0x00001088   Section        0  cn121_ecg_filter.o(.text.CN121_ecg_filter)
    [Anonymous Symbol]                       0x00001090   Section        0  cn121_api.o(.text.CN121_heart_Rate)
    [Anonymous Symbol]                       0x00001098   Section        0  cn121_utils.o(.text.CN1xx_SPI_ReadWrite)
    [Anonymous Symbol]                       0x0000109c   Section        0  cn121_utils.o(.text.CN1xx_delay_us)
    [Anonymous Symbol]                       0x000010a4   Section        0  cn121_utils.o(.text.DB_CSB_RESET)
    [Anonymous Symbol]                       0x000010b0   Section        0  cn121_utils.o(.text.DB_CSB_SET)
    [Anonymous Symbol]                       0x000010bc   Section        0  cn121_utils.o(.text.DB_HR_PULSE_RESET)
    [Anonymous Symbol]                       0x000010c8   Section        0  cn121_utils.o(.text.DB_HR_PULSE_SET)
    [Anonymous Symbol]                       0x000010e2   Section        0  cn121_utils.o(.text.DB_LOD1_LOW)
    [Anonymous Symbol]                       0x000010f2   Section        0  cn121_utils.o(.text.DB_MISO_HIGH)
    [Anonymous Symbol]                       0x00001104   Section        0  cn121_utils.o(.text.DB_MOSI_RESET)
    [Anonymous Symbol]                       0x00001110   Section        0  cn121_utils.o(.text.DB_MOSI_SET)
    [Anonymous Symbol]                       0x0000111c   Section        0  cn121_utils.o(.text.DB_SCLK_RESET)
    [Anonymous Symbol]                       0x00001128   Section        0  cn121_utils.o(.text.DB_SCLK_SET)
    [Anonymous Symbol]                       0x00001134   Section        0  interrupts_hc32l13x.o(.text.DMAC_IRQHandler)
    [Anonymous Symbol]                       0x0000113c   Section        0  interrupts_hc32l13x.o(.text.EnableNvic)
    __arm_cp.0_0                             0x000011b0   Number         4  interrupts_hc32l13x.o(.text.EnableNvic)
    __arm_cp.0_1                             0x000011b4   Number         4  interrupts_hc32l13x.o(.text.EnableNvic)
    __arm_cp.0_2                             0x000011b8   Number         4  interrupts_hc32l13x.o(.text.EnableNvic)
    __arm_cp.0_3                             0x000011bc   Number         4  interrupts_hc32l13x.o(.text.EnableNvic)
    __arm_cp.0_4                             0x000011c0   Number         4  interrupts_hc32l13x.o(.text.EnableNvic)
    [Anonymous Symbol]                       0x000011c4   Section        0  cn121_api.o(.text.FIFO_Pop)
    [Anonymous Symbol]                       0x00001204   Section        0  cn121_api.o(.text.FIFO_Push)
    __arm_cp.15_0                            0x00001244   Number         4  cn121_api.o(.text.FIFO_Push)
    [Anonymous Symbol]                       0x00001248   Section        0  interrupts_hc32l13x.o(.text.FLASH_RAM_IRQHandler)
    [Anonymous Symbol]                       0x00001254   Section        0  flash.o(.text.Flash_WaitCycle)
    __arm_cp.12_0                            0x0000127c   Number         4  flash.o(.text.Flash_WaitCycle)
    __arm_cp.12_1                            0x00001280   Number         4  flash.o(.text.Flash_WaitCycle)
    __arm_cp.12_2                            0x00001284   Number         4  flash.o(.text.Flash_WaitCycle)
    [Anonymous Symbol]                       0x00001288   Section        0  cn121_utils.o(.text.GPIO_HR_PULSE_Init)
    [Anonymous Symbol]                       0x000012b6   Section        0  cn121_utils.o(.text.GPIO_LOD_Init)
    [Anonymous Symbol]                       0x000012de   Section        0  cn121_utils.o(.text.GPIO_PULSE_ENABLE_Init)
    [Anonymous Symbol]                       0x00001318   Section        0  cn121_utils.o(.text.GPIO_SPI_Init)
    __arm_cp.4_0                             0x00001380   Number         4  cn121_utils.o(.text.GPIO_SPI_Init)
    __arm_cp.4_1                             0x00001384   Number         4  cn121_utils.o(.text.GPIO_SPI_Init)
    [Anonymous Symbol]                       0x00001388   Section        0  ddl.o(.text.GetBit)
    [Anonymous Symbol]                       0x00001394   Section        0  gpio.o(.text.Gpio_ClrIO)
    __arm_cp.8_0                             0x000013a4   Number         4  gpio.o(.text.Gpio_ClrIO)
    [Anonymous Symbol]                       0x000013a8   Section        0  gpio.o(.text.Gpio_GetInputIO)
    __arm_cp.1_0                             0x000013b4   Number         4  gpio.o(.text.Gpio_GetInputIO)
    [Anonymous Symbol]                       0x000013b8   Section        0  gpio.o(.text.Gpio_Init)
    __arm_cp.0_0                             0x00001434   Number         4  gpio.o(.text.Gpio_Init)
    __arm_cp.0_1                             0x00001438   Number         4  gpio.o(.text.Gpio_Init)
    __arm_cp.0_3                             0x0000143c   Number         4  gpio.o(.text.Gpio_Init)
    [Anonymous Symbol]                       0x00001440   Section        0  gpio.o(.text.Gpio_SetAfMode)
    __arm_cp.11_0                            0x0000144c   Number         4  gpio.o(.text.Gpio_SetAfMode)
    [Anonymous Symbol]                       0x00001450   Section        0  gpio.o(.text.Gpio_SetAnalogMode)
    __arm_cp.10_0                            0x00001460   Number         4  gpio.o(.text.Gpio_SetAnalogMode)
    [Anonymous Symbol]                       0x00001464   Section        0  gpio.o(.text.Gpio_SetIO)
    __arm_cp.6_0                             0x00001474   Number         4  gpio.o(.text.Gpio_SetIO)
    [Anonymous Symbol]                       0x00001478   Section        0  gpio.o(.text.Gpio_WriteOutputIO)
    __arm_cp.3_0                             0x00001488   Number         4  gpio.o(.text.Gpio_WriteOutputIO)
    [Anonymous Symbol]                       0x0000148c   Section        0  interrupts_hc32l13x.o(.text.HardFault_Handler)
    [Anonymous Symbol]                       0x0000149c   Section        0  interrupts_hc32l13x.o(.text.I2C0_IRQHandler)
    [Anonymous Symbol]                       0x000014a4   Section        0  interrupts_hc32l13x.o(.text.I2C1_IRQHandler)
    [Anonymous Symbol]                       0x000014ac   Section        0  interrupts_hc32l13x.o(.text.LCD_IRQHandler)
    [Anonymous Symbol]                       0x000014b4   Section        0  interrupts_hc32l13x.o(.text.LPTIM_IRQHandler)
    [Anonymous Symbol]                       0x000014bc   Section        0  interrupts_hc32l13x.o(.text.LPUART0_IRQHandler)
    [Anonymous Symbol]                       0x000014c4   Section        0  interrupts_hc32l13x.o(.text.LPUART1_IRQHandler)
    [Anonymous Symbol]                       0x000014cc   Section        0  interrupts_hc32l13x.o(.text.LVD_IRQHandler)
    [Anonymous Symbol]                       0x000014d4   Section        0  interrupts_hc32l13x.o(.text.PCA_IRQHandler)
    [Anonymous Symbol]                       0x000014dc   Section        0  interrupts_hc32l13x.o(.text.PCNT_IRQHandler)
    [Anonymous Symbol]                       0x000014e4   Section        0  interrupts_hc32l13x.o(.text.PORTA_IRQHandler)
    [Anonymous Symbol]                       0x000014ec   Section        0  interrupts_hc32l13x.o(.text.PORTB_IRQHandler)
    [Anonymous Symbol]                       0x000014f4   Section        0  interrupts_hc32l13x.o(.text.PORTC_IRQHandler)
    [Anonymous Symbol]                       0x000014fc   Section        0  interrupts_hc32l13x.o(.text.PORTD_IRQHandler)
    [Anonymous Symbol]                       0x00001504   Section        0  cn121_qrs_det.o(.text.QRSDet_V2)
    __arm_cp.3_1                             0x000016cc   Number         4  cn121_qrs_det.o(.text.QRSDet_V2)
    __arm_cp.3_2                             0x000016d0   Number         4  cn121_qrs_det.o(.text.QRSDet_V2)
    __arm_cp.3_4                             0x000016d4   Number         4  cn121_qrs_det.o(.text.QRSDet_V2)
    [Anonymous Symbol]                       0x000016d8   Section        0  cn121_qrs_det.o(.text.QRSDet_V2_init)
    __arm_cp.0_0                             0x0000170c   Number         4  cn121_qrs_det.o(.text.QRSDet_V2_init)
    __arm_cp.0_1                             0x00001710   Number         4  cn121_qrs_det.o(.text.QRSDet_V2_init)
    __arm_cp.0_2                             0x00001714   Number         4  cn121_qrs_det.o(.text.QRSDet_V2_init)
    [Anonymous Symbol]                       0x00001718   Section        0  interrupts_hc32l13x.o(.text.RTC_IRQHandler)
    [Anonymous Symbol]                       0x00001720   Section        0  interrupts_hc32l13x.o(.text.SPI0_IRQHandler)
    [Anonymous Symbol]                       0x00001728   Section        0  interrupts_hc32l13x.o(.text.SPI1_IRQHandler)
    [Anonymous Symbol]                       0x00001730   Section        0  cn121_api.o(.text.SPI_ReadWrite)
    [Anonymous Symbol]                       0x000017c8   Section        0  ddl.o(.text.SetBit)
    [Anonymous Symbol]                       0x000017de   Section        0  interrupts_hc32l13x.o(.text.SysTick_Handler)
    [Anonymous Symbol]                       0x000017e8   Section        0  sysctrl.o(.text.Sysctrl_ClkSourceEnable)
    __arm_cp.0_3                             0x000018f0   Number         4  sysctrl.o(.text.Sysctrl_ClkSourceEnable)
    __arm_cp.0_4                             0x000018f4   Number         4  sysctrl.o(.text.Sysctrl_ClkSourceEnable)
    [Anonymous Symbol]                       0x000018f8   Section        0  sysctrl.o(.text.Sysctrl_GetHClkFreq)
    __arm_cp.8_4                             0x000019d4   Number         4  sysctrl.o(.text.Sysctrl_GetHClkFreq)
    __arm_cp.8_5                             0x000019d8   Number         4  sysctrl.o(.text.Sysctrl_GetHClkFreq)
    __arm_cp.8_6                             0x000019dc   Number         4  sysctrl.o(.text.Sysctrl_GetHClkFreq)
    __arm_cp.8_7                             0x000019e0   Number         4  sysctrl.o(.text.Sysctrl_GetHClkFreq)
    __arm_cp.8_8                             0x000019e4   Number         4  sysctrl.o(.text.Sysctrl_GetHClkFreq)
    [Anonymous Symbol]                       0x000019e8   Section        0  sysctrl.o(.text.Sysctrl_GetPClkFreq)
    [Anonymous Symbol]                       0x000019fc   Section        0  sysctrl.o(.text.Sysctrl_SetPLLFreq)
    __arm_cp.16_0                            0x00001aa0   Number         4  sysctrl.o(.text.Sysctrl_SetPLLFreq)
    __arm_cp.16_1                            0x00001aa4   Number         4  sysctrl.o(.text.Sysctrl_SetPLLFreq)
    __arm_cp.16_2                            0x00001aa8   Number         4  sysctrl.o(.text.Sysctrl_SetPLLFreq)
    [Anonymous Symbol]                       0x00001aac   Section        0  sysctrl.o(.text.Sysctrl_SetPLLStableTime)
    __arm_cp.6_0                             0x00001ac4   Number         4  sysctrl.o(.text.Sysctrl_SetPLLStableTime)
    [Anonymous Symbol]                       0x00001ac8   Section        0  sysctrl.o(.text.Sysctrl_SetPeripheralGate)
    __arm_cp.18_0                            0x00001ad8   Number         4  sysctrl.o(.text.Sysctrl_SetPeripheralGate)
    [Anonymous Symbol]                       0x00001adc   Section        0  sysctrl.o(.text.Sysctrl_SysClkSwitch)
    __arm_cp.7_0                             0x00001b00   Number         4  sysctrl.o(.text.Sysctrl_SysClkSwitch)
    __arm_cp.7_1                             0x00001b04   Number         4  sysctrl.o(.text.Sysctrl_SysClkSwitch)
    __arm_cp.7_2                             0x00001b08   Number         4  sysctrl.o(.text.Sysctrl_SysClkSwitch)
    [Anonymous Symbol]                       0x00001b0c   Section        0  system_hc32l13x.o(.text.SystemCoreClockUpdate)
    [Anonymous Symbol]                       0x00001b18   Section        0  system_hc32l13x.o(.text.SystemInit)
    __arm_cp.1_0                             0x00001b54   Number         4  system_hc32l13x.o(.text.SystemInit)
    __arm_cp.1_1                             0x00001b58   Number         4  system_hc32l13x.o(.text.SystemInit)
    __arm_cp.1_2                             0x00001b5c   Number         4  system_hc32l13x.o(.text.SystemInit)
    __arm_cp.1_3                             0x00001b60   Number         4  system_hc32l13x.o(.text.SystemInit)
    __arm_cp.1_4                             0x00001b64   Number         4  system_hc32l13x.o(.text.SystemInit)
    __arm_cp.1_5                             0x00001b68   Number         4  system_hc32l13x.o(.text.SystemInit)
    [Anonymous Symbol]                       0x00001b6c   Section        0  interrupts_hc32l13x.o(.text.TIM0_IRQHandler)
    [Anonymous Symbol]                       0x00001b74   Section        0  interrupts_hc32l13x.o(.text.TIM1_IRQHandler)
    [Anonymous Symbol]                       0x00001b7c   Section        0  interrupts_hc32l13x.o(.text.TIM2_IRQHandler)
    [Anonymous Symbol]                       0x00001b84   Section        0  interrupts_hc32l13x.o(.text.TIM3_IRQHandler)
    [Anonymous Symbol]                       0x00001b8c   Section        0  interrupts_hc32l13x.o(.text.TIM4_IRQHandler)
    [Anonymous Symbol]                       0x00001b94   Section        0  interrupts_hc32l13x.o(.text.TIM5_IRQHandler)
    [Anonymous Symbol]                       0x00001b9c   Section        0  interrupts_hc32l13x.o(.text.TIM6_IRQHandler)
    [Anonymous Symbol]                       0x00001ba4   Section        0  main.o(.text.Tim0_IRQHandler)
    __arm_cp.1_0                             0x00001bd8   Number         4  main.o(.text.Tim0_IRQHandler)
    [Anonymous Symbol]                       0x00001bdc   Section        0  interrupts_hc32l13x.o(.text.UART0_IRQHandler)
    [Anonymous Symbol]                       0x00001be4   Section        0  interrupts_hc32l13x.o(.text.UART1_IRQHandler)
    [Anonymous Symbol]                       0x00001bec   Section        0  uart.o(.text.Uart_ClrStatus)
    [Anonymous Symbol]                       0x00001bfc   Section        0  uart.o(.text.Uart_EnableFunc)
    [Anonymous Symbol]                       0x00001c0a   Section        0  uart.o(.text.Uart_EnableIrq)
    [Anonymous Symbol]                       0x00001c18   Section        0  uart.o(.text.Uart_Init)
    [Anonymous Symbol]                       0x00001c88   Section        0  uart.o(.text.Uart_SendDataPoll)
    [Anonymous Symbol]                       0x00001cc0   Section        0  interrupts_hc32l13x.o(.text.VC0_IRQHandler)
    [Anonymous Symbol]                       0x00001cc8   Section        0  interrupts_hc32l13x.o(.text.VC1_IRQHandler)
    [Anonymous Symbol]                       0x00001cd0   Section        0  interrupts_hc32l13x.o(.text.WDT_IRQHandler)
    compar                                   0x00001cd9   Thumb Code    12  cn121_qrs_det.o(.text.compar)
    [Anonymous Symbol]                       0x00001cd8   Section        0  cn121_qrs_det.o(.text.compar)
    [Anonymous Symbol]                       0x00001ce4   Section        0  ddl.o(.text.ddl_memclr)
    [Anonymous Symbol]                       0x00001cf8   Section        0  ddl.o(.text.delay100us)
    [Anonymous Symbol]                       0x00001d38   Section        0  ddl.o(.text.delay10us)
    __arm_cp.10_3                            0x00001d78   Number         4  ddl.o(.text.delay10us)
    [Anonymous Symbol]                       0x00001d7c   Section        0  ddl.o(.text.delay1ms)
    __arm_cp.8_0                             0x00001dbc   Number         4  ddl.o(.text.delay1ms)
    __arm_cp.8_1                             0x00001dc0   Number         4  ddl.o(.text.delay1ms)
    __arm_cp.8_2                             0x00001dc4   Number         4  ddl.o(.text.delay1ms)
    [Anonymous Symbol]                       0x00001dc8   Section        0  cn121_qrs_det.o(.text.diff_filt)
    __arm_cp.1_1                             0x00001e40   Number         4  cn121_qrs_det.o(.text.diff_filt)
    [Anonymous Symbol]                       0x00001e44   Section        0  cn121_qrs_det.o(.text.extreme_det)
    [Anonymous Symbol]                       0x00001ec4   Section        0  cn121_qrs_det.o(.text.get_heart_Rate)
    __arm_cp.6_0                             0x00001ecc   Number         4  cn121_qrs_det.o(.text.get_heart_Rate)
    [Anonymous Symbol]                       0x00001ed0   Section        0  cn121_hr_smooth.o(.text.hr_mean_filt_rr_interval)
    __arm_cp.0_0                             0x00001f8c   Number         4  cn121_hr_smooth.o(.text.hr_mean_filt_rr_interval)
    __arm_cp.0_1                             0x00001f90   Number         4  cn121_hr_smooth.o(.text.hr_mean_filt_rr_interval)
    __arm_cp.0_2                             0x00001f94   Number         4  cn121_hr_smooth.o(.text.hr_mean_filt_rr_interval)
    __arm_cp.0_3                             0x00001f98   Number         4  cn121_hr_smooth.o(.text.hr_mean_filt_rr_interval)
    __arm_cp.0_4                             0x00001f9c   Number         4  cn121_hr_smooth.o(.text.hr_mean_filt_rr_interval)
    __arm_cp.0_5                             0x00001fa0   Number         4  cn121_hr_smooth.o(.text.hr_mean_filt_rr_interval)
    __arm_cp.0_6                             0x00001fa4   Number         4  cn121_hr_smooth.o(.text.hr_mean_filt_rr_interval)
    [Anonymous Symbol]                       0x00001fa8   Section        0  cn121_ecg_filter.o(.text.lp_fir_filter)
    __arm_cp.0_0                             0x00002010   Number         4  cn121_ecg_filter.o(.text.lp_fir_filter)
    __arm_cp.0_1                             0x00002014   Number         4  cn121_ecg_filter.o(.text.lp_fir_filter)
    __arm_cp.0_2                             0x00002018   Number         4  cn121_ecg_filter.o(.text.lp_fir_filter)
    [Anonymous Symbol]                       0x0000201c   Section        0  main.o(.text.main)
    __arm_cp.0_0                             0x0000217c   Number         4  main.o(.text.main)
    __arm_cp.0_1                             0x00002180   Number         4  main.o(.text.main)
    __arm_cp.0_2                             0x00002184   Number         4  main.o(.text.main)
    __arm_cp.0_3                             0x00002188   Number         4  main.o(.text.main)
    __arm_cp.0_4                             0x0000218c   Number         4  main.o(.text.main)
    __arm_cp.0_5                             0x00002190   Number         4  main.o(.text.main)
    __arm_cp.0_6                             0x00002194   Number         4  main.o(.text.main)
    __arm_cp.0_7                             0x00002198   Number         4  main.o(.text.main)
    [Anonymous Symbol]                       0x0000219c   Section        0  cn121_qrs_det.o(.text.median)
    __arm_cp.4_0                             0x000021b4   Number         4  cn121_qrs_det.o(.text.median)
    i.__ARM_clz                              0x000021b8   Section        0  depilogue.o(i.__ARM_clz)
    i.__scatterload_copy                     0x000021e6   Section       14  handlers.o(i.__scatterload_copy)
    i.__scatterload_null                     0x000021f4   Section        2  handlers.o(i.__scatterload_null)
    i.__scatterload_zeroinit                 0x000021f6   Section       14  handlers.o(i.__scatterload_zeroinit)
    DIFF_firCoeffs                           0x00002204   Data           8  cn121_qrs_det.o(.rodata.cst8)
    lp_fir_coeffs                            0x0000220c   Data         228  cn121_ecg_filter.o(.rodata.lp_fir_coeffs)
    [Anonymous Symbol]                       0x0000220c   Section        0  cn121_ecg_filter.o(.rodata.lp_fir_coeffs)
    [Anonymous Symbol]                       0x20000000   Section        0  cn121_api.o(.data..L_MergedGlobals)
    VREF_T                                   0x20000004   Data           4  cn121_api.o(.data..L_MergedGlobals)
    VCM_T                                    0x20000008   Data           4  cn121_api.o(.data..L_MergedGlobals)
    [Anonymous Symbol]                       0x20000018   Section        0  main.o(.bss..L_MergedGlobals)
    Tim0_IRQHandler.i                        0x20000019   Data           1  main.o(.bss..L_MergedGlobals)
    gen_HR_pulse.pulse_high                  0x2000001a   Data           1  main.o(.bss..L_MergedGlobals)
    gen_HR_pulse.pre_heartRate               0x2000001c   Data           2  main.o(.bss..L_MergedGlobals)
    gen_HR_pulse.RRi                         0x2000001e   Data           2  main.o(.bss..L_MergedGlobals)
    gen_HR_pulse.time_count                  0x20000020   Data           2  main.o(.bss..L_MergedGlobals)
    MS298                                    0x20000028   Data           1  cn121_qrs_det.o(.bss..L_MergedGlobals)
    [Anonymous Symbol]                       0x20000028   Section        0  cn121_qrs_det.o(.bss..L_MergedGlobals)
    ecg_m_siz                                0x2000002c   Data           1  cn121_qrs_det.o(.bss..L_MergedGlobals)
    extreme_det.DIFF_MAX_cur_pnt             0x2000002d   Data           1  cn121_qrs_det.o(.bss..L_MergedGlobals)
    extreme_det.last_datum                   0x20000030   Data           2  cn121_qrs_det.o(.bss..L_MergedGlobals)
    extreme_det.max_datum                    0x20000032   Data           2  cn121_qrs_det.o(.bss..L_MergedGlobals)
    in_index                                 0x20000034   Data           4  cn121_qrs_det.o(.bss..L_MergedGlobals)
    ecg_m_pnt                                0x20000038   Data           4  cn121_qrs_det.o(.bss..L_MergedGlobals)
    qrs_i_num                                0x2000003c   Data           4  cn121_qrs_det.o(.bss..L_MergedGlobals)
    QRSDet_V2.THR_ECG_M                      0x20000040   Data           4  cn121_qrs_det.o(.bss..L_MergedGlobals)
    QRSDet_V2.THR_ECG_M_max                  0x20000044   Data           4  cn121_qrs_det.o(.bss..L_MergedGlobals)
    QRSDet_V2.last_rec_index                 0x20000048   Data           4  cn121_qrs_det.o(.bss..L_MergedGlobals)
    QRSDet_V2.last_rec_k_sum                 0x2000004c   Data           4  cn121_qrs_det.o(.bss..L_MergedGlobals)
    QRSDet_V2.last_r_index                   0x20000050   Data           4  cn121_qrs_det.o(.bss..L_MergedGlobals)
    diff_filt.ptr                            0x20000054   Data           4  cn121_qrs_det.o(.bss..L_MergedGlobals)
    extreme_det.maxima_sig_diff              0x20000058   Data           4  cn121_qrs_det.o(.bss..L_MergedGlobals)
    ecg_m_r_pnt                              0x2000005c   Data           4  cn121_qrs_det.o(.bss..L_MergedGlobals)
    ecg_m_r                                  0x20000060   Data           8  cn121_qrs_det.o(.bss..L_MergedGlobals)
    diff_filt.DIFF_firState                  0x20000068   Data          16  cn121_qrs_det.o(.bss..L_MergedGlobals)
    detNoise.result                          0x20000078   Data           1  cn121_hr_smooth.o(.bss..L_MergedGlobals)
    [Anonymous Symbol]                       0x20000078   Section        0  cn121_hr_smooth.o(.bss..L_MergedGlobals)
    det_LeadOn.lead_on_soft                  0x20000079   Data           1  cn121_hr_smooth.o(.bss..L_MergedGlobals)
    hr_mean_filt_rr_interval.sum_RR          0x2000007a   Data           2  cn121_hr_smooth.o(.bss..L_MergedGlobals)
    hr_mean_filt_rr_interval.hr_mean_value   0x2000007c   Data           2  cn121_hr_smooth.o(.bss..L_MergedGlobals)
    hr_mean_filt_rr_interval.fastIndex       0x2000007e   Data           2  cn121_hr_smooth.o(.bss..L_MergedGlobals)
    hr_mean_filt_rr_interval.slowIndex       0x20000080   Data           2  cn121_hr_smooth.o(.bss..L_MergedGlobals)
    hr_mean_filt_rr_interval.rr_num          0x20000082   Data           2  cn121_hr_smooth.o(.bss..L_MergedGlobals)
    hr_mean_filt_hr_input.hr_pnt             0x20000084   Data           2  cn121_hr_smooth.o(.bss..L_MergedGlobals)
    hr_mean_filt_hr_input.hr_num             0x20000086   Data           2  cn121_hr_smooth.o(.bss..L_MergedGlobals)
    hr_mean_filt_hr_input.hr_mean_value      0x20000088   Data           2  cn121_hr_smooth.o(.bss..L_MergedGlobals)
    det_LeadOn.ecg_count                     0x2000008a   Data           2  cn121_hr_smooth.o(.bss..L_MergedGlobals)
    hr_mean_filt_hr_input.sum_HR             0x2000008c   Data           4  cn121_hr_smooth.o(.bss..L_MergedGlobals)
    detNoise.increase                        0x20000090   Data           4  cn121_hr_smooth.o(.bss..L_MergedGlobals)
    det_LeadOn.sum_diff                      0x20000094   Data           4  cn121_hr_smooth.o(.bss..L_MergedGlobals)
    [Anonymous Symbol]                       0x20000098   Section        0  cn121_api.o(.bss..L_MergedGlobals.1)
    resolution_tmp                           0x2000009c   Data           1  cn121_api.o(.bss..L_MergedGlobals.1)
    config_reg                               0x2000009d   Data           1  cn121_api.o(.bss..L_MergedGlobals.1)
    ch_set_reg                               0x2000009e   Data           1  cn121_api.o(.bss..L_MergedGlobals.1)
    autofr_force                             0x2000009f   Data           1  cn121_api.o(.bss..L_MergedGlobals.1)
    autofr_keep_cnt                          0x200000a0   Data           2  cn121_api.o(.bss..L_MergedGlobals.1)
    leadon_judge_cnt                         0x200000a2   Data           2  cn121_api.o(.bss..L_MergedGlobals.1)
    autofr_trig_cnt                          0x200000a8   Data           2  cn121_api.o(.bss.autofr_trig_cnt)
    [Anonymous Symbol]                       0x200000a8   Section        0  cn121_api.o(.bss.autofr_trig_cnt)
    ecg_m                                    0x200000ac   Data        3000  cn121_qrs_det.o(.bss.ecg_m)
    [Anonymous Symbol]                       0x200000ac   Section        0  cn121_qrs_det.o(.bss.ecg_m)
    hr_mean_filt_rr_interval.hr_filt_State   0x20000d6c   Data         600  cn121_hr_smooth.o(.bss.hr_mean_filt_rr_interval.hr_filt_State)
    [Anonymous Symbol]                       0x20000d6c   Section        0  cn121_hr_smooth.o(.bss.hr_mean_filt_rr_interval.hr_filt_State)
    STACK                                    0x200010b0   Section      512  startup_hc32l13x.o(STACK)

    Global Symbols

    Symbol Name                              Value     Ov Type        Size  Object(Section)

    BuildAttributes$$THM_ISAv3M$S$PE$A:L22$X:L11$S22$IEEE1$IW$~IW$USESV6$~STKCKD$USESV7$WCHAR32$ENUMINT$~SHL$OTIME$ROPI$EBA8$MICROLIB$REQ8$PRES8$EABIv2 0x00000000   Number         0  anon$$obj.o ABSOLUTE
    __Vectors                                0x00000000   Data           0  startup_hc32l13x.o(RESET)
    ClkTrim_IRQHandler                        - Undefined Weak Reference
    Dmac_IRQHandler                           - Undefined Weak Reference
    Flash_IRQHandler                          - Undefined Weak Reference
    I2c0_IRQHandler                           - Undefined Weak Reference
    I2c1_IRQHandler                           - Undefined Weak Reference
    Lcd_IRQHandler                            - Undefined Weak Reference
    LpTim_IRQHandler                          - Undefined Weak Reference
    LpUart0_IRQHandler                        - Undefined Weak Reference
    LpUart1_IRQHandler                        - Undefined Weak Reference
    Lvd_IRQHandler                            - Undefined Weak Reference
    Pca_IRQHandler                            - Undefined Weak Reference
    Pcnt_IRQHandler                           - Undefined Weak Reference
    PortA_IRQHandler                          - Undefined Weak Reference
    PortB_IRQHandler                          - Undefined Weak Reference
    PortC_IRQHandler                          - Undefined Weak Reference
    PortD_IRQHandler                          - Undefined Weak Reference
    Ram_IRQHandler                            - Undefined Weak Reference
    Rtc_IRQHandler                            - Undefined Weak Reference
    Spi0_IRQHandler                           - Undefined Weak Reference
    Spi1_IRQHandler                           - Undefined Weak Reference
    SysTick_IRQHandler                        - Undefined Weak Reference
    Tim1_IRQHandler                           - Undefined Weak Reference
    Tim2_IRQHandler                           - Undefined Weak Reference
    Tim3_IRQHandler                           - Undefined Weak Reference
    Tim4_IRQHandler                           - Undefined Weak Reference
    Tim5_IRQHandler                           - Undefined Weak Reference
    Tim6_IRQHandler                           - Undefined Weak Reference
    Uart0_IRQHandler                          - Undefined Weak Reference
    Uart1_IRQHandler                          - Undefined Weak Reference
    Vc0_IRQHandler                            - Undefined Weak Reference
    Vc1_IRQHandler                            - Undefined Weak Reference
    Wdt_IRQHandler                            - Undefined Weak Reference
    __cpp_initialize__aeabi_                  - Undefined Weak Reference
    __cxa_finalize                            - Undefined Weak Reference
    __decompress                              - Undefined Weak Reference
    _clock_init                               - Undefined Weak Reference
    _microlib_exit                            - Undefined Weak Reference
    __Vectors_End                            0x000000c0   Data           0  startup_hc32l13x.o(RESET)
    __Vectors_Size                           0x000000c0   Number         0  startup_hc32l13x.o ABSOLUTE
    __main                                   0x000000c1   Thumb Code     0  entry.o(.ARM.Collect$$$$00000000)
    _main_stk                                0x000000c1   Thumb Code     0  entry2.o(.ARM.Collect$$$$00000001)
    _main_scatterload                        0x000000c5   Thumb Code     0  entry5.o(.ARM.Collect$$$$00000004)
    __main_after_scatterload                 0x000000c9   Thumb Code     0  entry5.o(.ARM.Collect$$$$00000004)
    _main_clock                              0x000000c9   Thumb Code     0  entry7b.o(.ARM.Collect$$$$00000008)
    _main_cpp_init                           0x000000c9   Thumb Code     0  entry8b.o(.ARM.Collect$$$$0000000A)
    _main_init                               0x000000c9   Thumb Code     0  entry9a.o(.ARM.Collect$$$$0000000B)
    __rt_final_cpp                           0x000000d1   Thumb Code     0  entry10a.o(.ARM.Collect$$$$0000000D)
    __rt_final_exit                          0x000000d1   Thumb Code     0  entry11a.o(.ARM.Collect$$$$0000000F)
    Reset_Handler                            0x000000d5   Thumb Code    26  startup_hc32l13x.o(.text)
    NMI_Handler                              0x000000ef   Thumb Code     2  startup_hc32l13x.o(.text)
    SVC_Handler                              0x000000f3   Thumb Code     2  startup_hc32l13x.o(.text)
    PendSV_Handler                           0x000000f5   Thumb Code     2  startup_hc32l13x.o(.text)
    __aeabi_uidiv                            0x00000111   Thumb Code     0  uidiv.o(.text)
    __aeabi_uidivmod                         0x00000111   Thumb Code    44  uidiv.o(.text)
    qsort                                    0x0000013d   Thumb Code   162  qsort.o(.text)
    __aeabi_memset                           0x000001df   Thumb Code    14  memseta.o(.text)
    __aeabi_memset4                          0x000001df   Thumb Code     0  memseta.o(.text)
    __aeabi_memset8                          0x000001df   Thumb Code     0  memseta.o(.text)
    __aeabi_memclr                           0x000001ed   Thumb Code     4  memseta.o(.text)
    __aeabi_memclr4                          0x000001ed   Thumb Code     0  memseta.o(.text)
    __aeabi_memclr8                          0x000001ed   Thumb Code     0  memseta.o(.text)
    _memset$wrapper                          0x000001f1   Thumb Code    18  memseta.o(.text)
    __aeabi_fadd                             0x00000203   Thumb Code   162  fadd.o(.text)
    __aeabi_fsub                             0x000002a5   Thumb Code     8  fadd.o(.text)
    __aeabi_frsub                            0x000002ad   Thumb Code     8  fadd.o(.text)
    __aeabi_fmul                             0x000002b5   Thumb Code   122  fmul.o(.text)
    __aeabi_fdiv                             0x0000032f   Thumb Code   124  fdiv.o(.text)
    __aeabi_dadd                             0x000003ad   Thumb Code   328  dadd.o(.text)
    __aeabi_dsub                             0x000004f5   Thumb Code    12  dadd.o(.text)
    __aeabi_drsub                            0x00000501   Thumb Code    12  dadd.o(.text)
    __aeabi_fcmplt                           0x00000511   Thumb Code    28  fcmplt.o(.text)
    __aeabi_fcmpgt                           0x0000052d   Thumb Code    28  fcmpgt.o(.text)
    __aeabi_ui2f                             0x00000549   Thumb Code    14  ffltui.o(.text)
    __aeabi_f2iz                             0x00000557   Thumb Code    50  ffixi.o(.text)
    __aeabi_f2d                              0x00000589   Thumb Code    40  f2d.o(.text)
    __aeabi_d2f                              0x000005b1   Thumb Code    56  d2f.o(.text)
    __aeabi_llsl                             0x000005e9   Thumb Code    32  llshl.o(.text)
    _ll_shift_l                              0x000005e9   Thumb Code     0  llshl.o(.text)
    __aeabi_lasr                             0x00000609   Thumb Code    38  llsshr.o(.text)
    _ll_sshift_r                             0x00000609   Thumb Code     0  llsshr.o(.text)
    __I$use$fp                               0x0000062f   Thumb Code     0  iusefp.o(.text)
    _float_round                             0x0000062f   Thumb Code    16  fepilogue.o(.text)
    _float_epilogue                          0x0000063f   Thumb Code   114  fepilogue.o(.text)
    _double_round                            0x000006b1   Thumb Code    26  depilogue.o(.text)
    _double_epilogue                         0x000006cb   Thumb Code   164  depilogue.o(.text)
    __scatterload                            0x00000771   Thumb Code    28  init.o(.text)
    __scatterload_rt2                        0x00000771   Thumb Code     0  init.o(.text)
    __aeabi_llsr                             0x00000795   Thumb Code    34  llushr.o(.text)
    _ll_ushift_r                             0x00000795   Thumb Code     0  llushr.o(.text)
    main                                     0x000007b7   Thumb Code    14  system_hc32l13x.o(.text.$Sub$$main)
    ADC2Voltage                              0x000007c5   Thumb Code    48  cn121_api.o(.text.ADC2Voltage)
    ADC_IRQHandler                           0x000007f5   Thumb Code     8  interrupts_hc32l13x.o(.text.ADC_IRQHandler)
    Adc_CfgSglChannel                        0x000007fd   Thumb Code    24  adc.o(.text.Adc_CfgSglChannel)
    Adc_ClrIrqStatus                         0x00000815   Thumb Code    16  adc.o(.text.Adc_ClrIrqStatus)
    Adc_EnableIrq                            0x00000825   Thumb Code    16  adc.o(.text.Adc_EnableIrq)
    Adc_GetIrqStatus                         0x00000835   Thumb Code    20  adc.o(.text.Adc_GetIrqStatus)
    Adc_GetSglResult                         0x00000849   Thumb Code    12  adc.o(.text.Adc_GetSglResult)
    Adc_IRQHandler                           0x00000855   Thumb Code    42  main.o(.text.Adc_IRQHandler)
    Adc_Init                                 0x00000881   Thumb Code    88  adc.o(.text.Adc_Init)
    Adc_SGL_Start                            0x000008d9   Thumb Code     8  adc.o(.text.Adc_SGL_Start)
    Adc_SGL_Stop                             0x000008e1   Thumb Code    12  adc.o(.text.Adc_SGL_Stop)
    App_AdcInit                              0x000008ed   Thumb Code    64  cn121_utils.o(.text.App_AdcInit)
    App_AdcPortInit                          0x0000092d   Thumb Code    20  cn121_utils.o(.text.App_AdcPortInit)
    App_AdcSglCfg                            0x00000941   Thumb Code    24  cn121_utils.o(.text.App_AdcSglCfg)
    App_ClockCfg                             0x00000959   Thumb Code    64  cn121_utils.o(.text.App_ClockCfg)
    App_LEDPortCfg                           0x00000999   Thumb Code    54  cn121_utils.o(.text.App_LEDPortCfg)
    App_Timer0Cfg                            0x000009cf   Thumb Code    98  cn121_utils.o(.text.App_Timer0Cfg)
    App_UartCfg                              0x00000a31   Thumb Code   184  cn121_utils.o(.text.App_UartCfg)
    Bgr_BgrEnable                            0x00000ae9   Thumb Code    24  bgr.o(.text.Bgr_BgrEnable)
    Bt_ClearIntFlag                          0x00000b01   Thumb Code    20  bt.o(.text.Bt_ClearIntFlag)
    Bt_GetIntFlag                            0x00000b15   Thumb Code    20  bt.o(.text.Bt_GetIntFlag)
    Bt_M0_ARRSet                             0x00000b29   Thumb Code    24  bt.o(.text.Bt_M0_ARRSet)
    Bt_M0_Cnt16Set                           0x00000b41   Thumb Code    28  bt.o(.text.Bt_M0_Cnt16Set)
    Bt_M0_Run                                0x00000b5d   Thumb Code    16  bt.o(.text.Bt_M0_Run)
    Bt_Mode0_EnableIrq                       0x00000b6d   Thumb Code    20  bt.o(.text.Bt_Mode0_EnableIrq)
    Bt_Mode0_Init                            0x00000b81   Thumb Code   132  bt.o(.text.Bt_Mode0_Init)
    CLKTRIM_IRQHandler                       0x00000c05   Thumb Code     8  interrupts_hc32l13x.o(.text.CLKTRIM_IRQHandler)
    CN121_AutoFR                             0x00000c0d   Thumb Code    92  cn121_api.o(.text.CN121_AutoFR)
    CN121_AutoFR_Trig                        0x00000c69   Thumb Code    68  cn121_api.o(.text.CN121_AutoFR_Trig)
    CN121_Data_Proc                          0x00000cad   Thumb Code   284  cn121_api.o(.text.CN121_Data_Proc)
    CN121_FR_Off                             0x00000dc9   Thumb Code    76  cn121_api.o(.text.CN121_FR_Off)
    CN121_FR_On                              0x00000e15   Thumb Code    76  cn121_api.o(.text.CN121_FR_On)
    CN121_Init                               0x00000e61   Thumb Code    96  cn121_api.o(.text.CN121_Init)
    CN121_LOD_Detect                         0x00000ec1   Thumb Code    44  cn121_api.o(.text.CN121_LOD_Detect)
    CN121_LOD_ON_Init                        0x00000eed   Thumb Code    28  cn121_api.o(.text.CN121_LOD_ON_Init)
    CN121_Parameter_Init                     0x00000f09   Thumb Code    40  cn121_api.o(.text.CN121_Parameter_Init)
    CN121_PowerOn                            0x00000f31   Thumb Code    76  cn121_api.o(.text.CN121_PowerOn)
    CN121_Reset                              0x00000f7d   Thumb Code    24  cn121_api.o(.text.CN121_Reset)
    CN121_Set_Bandwidth                      0x00000f95   Thumb Code    84  cn121_api.o(.text.CN121_Set_Bandwidth)
    CN121_Set_Gain                           0x00000fe9   Thumb Code    80  cn121_api.o(.text.CN121_Set_Gain)
    CN121_StandbyOff                         0x00001039   Thumb Code    80  cn121_api.o(.text.CN121_StandbyOff)
    CN121_ecg_filter                         0x00001089   Thumb Code     8  cn121_ecg_filter.o(.text.CN121_ecg_filter)
    CN121_heart_Rate                         0x00001091   Thumb Code     8  cn121_api.o(.text.CN121_heart_Rate)
    CN1xx_SPI_ReadWrite                      0x00001099   Thumb Code     4  cn121_utils.o(.text.CN1xx_SPI_ReadWrite)
    CN1xx_delay_us                           0x0000109d   Thumb Code     8  cn121_utils.o(.text.CN1xx_delay_us)
    DB_CSB_RESET                             0x000010a5   Thumb Code    12  cn121_utils.o(.text.DB_CSB_RESET)
    DB_CSB_SET                               0x000010b1   Thumb Code    12  cn121_utils.o(.text.DB_CSB_SET)
    DB_HR_PULSE_RESET                        0x000010bd   Thumb Code    12  cn121_utils.o(.text.DB_HR_PULSE_RESET)
    DB_HR_PULSE_SET                          0x000010c9   Thumb Code    26  cn121_utils.o(.text.DB_HR_PULSE_SET)
    DB_LOD1_LOW                              0x000010e3   Thumb Code    16  cn121_utils.o(.text.DB_LOD1_LOW)
    DB_MISO_HIGH                             0x000010f3   Thumb Code    18  cn121_utils.o(.text.DB_MISO_HIGH)
    DB_MOSI_RESET                            0x00001105   Thumb Code    12  cn121_utils.o(.text.DB_MOSI_RESET)
    DB_MOSI_SET                              0x00001111   Thumb Code    12  cn121_utils.o(.text.DB_MOSI_SET)
    DB_SCLK_RESET                            0x0000111d   Thumb Code    12  cn121_utils.o(.text.DB_SCLK_RESET)
    DB_SCLK_SET                              0x00001129   Thumb Code    12  cn121_utils.o(.text.DB_SCLK_SET)
    DMAC_IRQHandler                          0x00001135   Thumb Code     8  interrupts_hc32l13x.o(.text.DMAC_IRQHandler)
    EnableNvic                               0x0000113d   Thumb Code   136  interrupts_hc32l13x.o(.text.EnableNvic)
    FIFO_Pop                                 0x000011c5   Thumb Code    64  cn121_api.o(.text.FIFO_Pop)
    FIFO_Push                                0x00001205   Thumb Code    68  cn121_api.o(.text.FIFO_Push)
    FLASH_RAM_IRQHandler                     0x00001249   Thumb Code    12  interrupts_hc32l13x.o(.text.FLASH_RAM_IRQHandler)
    Flash_WaitCycle                          0x00001255   Thumb Code    52  flash.o(.text.Flash_WaitCycle)
    GPIO_HR_PULSE_Init                       0x00001289   Thumb Code    46  cn121_utils.o(.text.GPIO_HR_PULSE_Init)
    GPIO_LOD_Init                            0x000012b7   Thumb Code    40  cn121_utils.o(.text.GPIO_LOD_Init)
    GPIO_PULSE_ENABLE_Init                   0x000012df   Thumb Code    58  cn121_utils.o(.text.GPIO_PULSE_ENABLE_Init)
    GPIO_SPI_Init                            0x00001319   Thumb Code   112  cn121_utils.o(.text.GPIO_SPI_Init)
    GetBit                                   0x00001389   Thumb Code    10  ddl.o(.text.GetBit)
    Gpio_ClrIO                               0x00001395   Thumb Code    20  gpio.o(.text.Gpio_ClrIO)
    Gpio_GetInputIO                          0x000013a9   Thumb Code    16  gpio.o(.text.Gpio_GetInputIO)
    Gpio_Init                                0x000013b9   Thumb Code   136  gpio.o(.text.Gpio_Init)
    Gpio_SetAfMode                           0x00001441   Thumb Code    16  gpio.o(.text.Gpio_SetAfMode)
    Gpio_SetAnalogMode                       0x00001451   Thumb Code    20  gpio.o(.text.Gpio_SetAnalogMode)
    Gpio_SetIO                               0x00001465   Thumb Code    20  gpio.o(.text.Gpio_SetIO)
    Gpio_WriteOutputIO                       0x00001479   Thumb Code    20  gpio.o(.text.Gpio_WriteOutputIO)
    HardFault_Handler                        0x0000148d   Thumb Code    16  interrupts_hc32l13x.o(.text.HardFault_Handler)
    I2C0_IRQHandler                          0x0000149d   Thumb Code     8  interrupts_hc32l13x.o(.text.I2C0_IRQHandler)
    I2C1_IRQHandler                          0x000014a5   Thumb Code     8  interrupts_hc32l13x.o(.text.I2C1_IRQHandler)
    LCD_IRQHandler                           0x000014ad   Thumb Code     8  interrupts_hc32l13x.o(.text.LCD_IRQHandler)
    LPTIM_IRQHandler                         0x000014b5   Thumb Code     8  interrupts_hc32l13x.o(.text.LPTIM_IRQHandler)
    LPUART0_IRQHandler                       0x000014bd   Thumb Code     8  interrupts_hc32l13x.o(.text.LPUART0_IRQHandler)
    LPUART1_IRQHandler                       0x000014c5   Thumb Code     8  interrupts_hc32l13x.o(.text.LPUART1_IRQHandler)
    LVD_IRQHandler                           0x000014cd   Thumb Code     8  interrupts_hc32l13x.o(.text.LVD_IRQHandler)
    PCA_IRQHandler                           0x000014d5   Thumb Code     8  interrupts_hc32l13x.o(.text.PCA_IRQHandler)
    PCNT_IRQHandler                          0x000014dd   Thumb Code     8  interrupts_hc32l13x.o(.text.PCNT_IRQHandler)
    PORTA_IRQHandler                         0x000014e5   Thumb Code     8  interrupts_hc32l13x.o(.text.PORTA_IRQHandler)
    PORTB_IRQHandler                         0x000014ed   Thumb Code     8  interrupts_hc32l13x.o(.text.PORTB_IRQHandler)
    PORTC_IRQHandler                         0x000014f5   Thumb Code     8  interrupts_hc32l13x.o(.text.PORTC_IRQHandler)
    PORTD_IRQHandler                         0x000014fd   Thumb Code     8  interrupts_hc32l13x.o(.text.PORTD_IRQHandler)
    QRSDet_V2                                0x00001505   Thumb Code   468  cn121_qrs_det.o(.text.QRSDet_V2)
    QRSDet_V2_init                           0x000016d9   Thumb Code    64  cn121_qrs_det.o(.text.QRSDet_V2_init)
    RTC_IRQHandler                           0x00001719   Thumb Code     8  interrupts_hc32l13x.o(.text.RTC_IRQHandler)
    SPI0_IRQHandler                          0x00001721   Thumb Code     8  interrupts_hc32l13x.o(.text.SPI0_IRQHandler)
    SPI1_IRQHandler                          0x00001729   Thumb Code     8  interrupts_hc32l13x.o(.text.SPI1_IRQHandler)
    SPI_ReadWrite                            0x00001731   Thumb Code   152  cn121_api.o(.text.SPI_ReadWrite)
    SetBit                                   0x000017c9   Thumb Code    22  ddl.o(.text.SetBit)
    SysTick_Handler                          0x000017df   Thumb Code     8  interrupts_hc32l13x.o(.text.SysTick_Handler)
    Sysctrl_ClkSourceEnable                  0x000017e9   Thumb Code   272  sysctrl.o(.text.Sysctrl_ClkSourceEnable)
    Sysctrl_GetHClkFreq                      0x000018f9   Thumb Code   240  sysctrl.o(.text.Sysctrl_GetHClkFreq)
    Sysctrl_GetPClkFreq                      0x000019e9   Thumb Code    20  sysctrl.o(.text.Sysctrl_GetPClkFreq)
    Sysctrl_SetPLLFreq                       0x000019fd   Thumb Code   176  sysctrl.o(.text.Sysctrl_SetPLLFreq)
    Sysctrl_SetPLLStableTime                 0x00001aad   Thumb Code    28  sysctrl.o(.text.Sysctrl_SetPLLStableTime)
    Sysctrl_SetPeripheralGate                0x00001ac9   Thumb Code    20  sysctrl.o(.text.Sysctrl_SetPeripheralGate)
    Sysctrl_SysClkSwitch                     0x00001add   Thumb Code    48  sysctrl.o(.text.Sysctrl_SysClkSwitch)
    SystemCoreClockUpdate                    0x00001b0d   Thumb Code    12  system_hc32l13x.o(.text.SystemCoreClockUpdate)
    SystemInit                               0x00001b19   Thumb Code    84  system_hc32l13x.o(.text.SystemInit)
    TIM0_IRQHandler                          0x00001b6d   Thumb Code     8  interrupts_hc32l13x.o(.text.TIM0_IRQHandler)
    TIM1_IRQHandler                          0x00001b75   Thumb Code     8  interrupts_hc32l13x.o(.text.TIM1_IRQHandler)
    TIM2_IRQHandler                          0x00001b7d   Thumb Code     8  interrupts_hc32l13x.o(.text.TIM2_IRQHandler)
    TIM3_IRQHandler                          0x00001b85   Thumb Code     8  interrupts_hc32l13x.o(.text.TIM3_IRQHandler)
    TIM4_IRQHandler                          0x00001b8d   Thumb Code     8  interrupts_hc32l13x.o(.text.TIM4_IRQHandler)
    TIM5_IRQHandler                          0x00001b95   Thumb Code     8  interrupts_hc32l13x.o(.text.TIM5_IRQHandler)
    TIM6_IRQHandler                          0x00001b9d   Thumb Code     8  interrupts_hc32l13x.o(.text.TIM6_IRQHandler)
    Tim0_IRQHandler                          0x00001ba5   Thumb Code    56  main.o(.text.Tim0_IRQHandler)
    UART0_IRQHandler                         0x00001bdd   Thumb Code     8  interrupts_hc32l13x.o(.text.UART0_IRQHandler)
    UART1_IRQHandler                         0x00001be5   Thumb Code     8  interrupts_hc32l13x.o(.text.UART1_IRQHandler)
    Uart_ClrStatus                           0x00001bed   Thumb Code    16  uart.o(.text.Uart_ClrStatus)
    Uart_EnableFunc                          0x00001bfd   Thumb Code    14  uart.o(.text.Uart_EnableFunc)
    Uart_EnableIrq                           0x00001c0b   Thumb Code    14  uart.o(.text.Uart_EnableIrq)
    Uart_Init                                0x00001c19   Thumb Code   112  uart.o(.text.Uart_Init)
    Uart_SendDataPoll                        0x00001c89   Thumb Code    56  uart.o(.text.Uart_SendDataPoll)
    VC0_IRQHandler                           0x00001cc1   Thumb Code     8  interrupts_hc32l13x.o(.text.VC0_IRQHandler)
    VC1_IRQHandler                           0x00001cc9   Thumb Code     8  interrupts_hc32l13x.o(.text.VC1_IRQHandler)
    WDT_IRQHandler                           0x00001cd1   Thumb Code     8  interrupts_hc32l13x.o(.text.WDT_IRQHandler)
    ddl_memclr                               0x00001ce5   Thumb Code    20  ddl.o(.text.ddl_memclr)
    delay100us                               0x00001cf9   Thumb Code    64  ddl.o(.text.delay100us)
    delay10us                                0x00001d39   Thumb Code    68  ddl.o(.text.delay10us)
    delay1ms                                 0x00001d7d   Thumb Code    76  ddl.o(.text.delay1ms)
    diff_filt                                0x00001dc9   Thumb Code   124  cn121_qrs_det.o(.text.diff_filt)
    extreme_det                              0x00001e45   Thumb Code   128  cn121_qrs_det.o(.text.extreme_det)
    get_heart_Rate                           0x00001ec5   Thumb Code    12  cn121_qrs_det.o(.text.get_heart_Rate)
    hr_mean_filt_rr_interval                 0x00001ed1   Thumb Code   216  cn121_hr_smooth.o(.text.hr_mean_filt_rr_interval)
    lp_fir_filter                            0x00001fa9   Thumb Code   116  cn121_ecg_filter.o(.text.lp_fir_filter)
    $Super$$main                             0x0000201d   Thumb Code   384  main.o(.text.main)
    median                                   0x0000219d   Thumb Code    28  cn121_qrs_det.o(.text.median)
    __ARM_clz                                0x000021b9   Thumb Code    46  depilogue.o(i.__ARM_clz)
    __scatterload_copy                       0x000021e7   Thumb Code    14  handlers.o(i.__scatterload_copy)
    __scatterload_null                       0x000021f5   Thumb Code     2  handlers.o(i.__scatterload_null)
    __scatterload_zeroinit                   0x000021f7   Thumb Code    14  handlers.o(i.__scatterload_zeroinit)
    Region$$Table$$Base                      0x000022f0   Number         0  anon$$obj.o(Region$$Table)
    Region$$Table$$Limit                     0x00002310   Number         0  anon$$obj.o(Region$$Table)
    gain                                     0x20000000   Data           2  cn121_api.o(.data..L_MergedGlobals)
    HR_pulse_high_valid                      0x2000000c   Data           1  main.o(.data.HR_pulse_high_valid)
    SystemCoreClock                          0x20000010   Data           4  system_hc32l13x.o(.data.SystemCoreClock)
    flag_time0_pulse                         0x20000018   Data           1  main.o(.bss..L_MergedGlobals)
    u8TxData                                 0x20000022   Data           6  main.o(.bss..L_MergedGlobals)
    heart_Rate                               0x2000002e   Data           2  cn121_qrs_det.o(.bss..L_MergedGlobals)
    lod_status                               0x20000098   Data           1  cn121_api.o(.bss..L_MergedGlobals.1)
    standard_signal                          0x20000099   Data           1  cn121_api.o(.bss..L_MergedGlobals.1)
    adc_vol                                  0x200000a4   Data           4  cn121_api.o(.bss..L_MergedGlobals.1)
    fifo                                     0x20000c64   Data         264  cn121_api.o(.bss.fifo)
    lp_fir_cur_pnt                           0x20000fc4   Data           2  cn121_ecg_filter.o(.bss.lp_fir_cur_pnt)
    lp_fir_state                             0x20000fc8   Data         228  cn121_ecg_filter.o(.bss.lp_fir_state)
    __initial_sp                             0x200012b0   Data           0  startup_hc32l13x.o(STACK)



==============================================================================

Memory Map of the image

  Image Entry point : 0x000000c1

  Load Region LR_IROM1 (Base: 0x00000000, Size: 0x00002328, Max: 0x00010000, ABSOLUTE)

    Execution Region ER_IROM1 (Exec base: 0x00000000, Load base: 0x00000000, Size: 0x00002310, Max: 0x00010000, ABSOLUTE)

    Exec Addr    Load Addr    Size         Type   Attr      Idx    E Section Name        Object

    0x00000000   0x00000000   0x000000c0   Data   RO            3    RESET               startup_hc32l13x.o
    0x000000c0   0x000000c0   0x00000000   Code   RO          916  * .ARM.Collect$$$$00000000  mc_p.l(entry.o)
    0x000000c0   0x000000c0   0x00000004   Code   RO          949    .ARM.Collect$$$$00000001  mc_p.l(entry2.o)
    0x000000c4   0x000000c4   0x00000004   Code   RO          952    .ARM.Collect$$$$00000004  mc_p.l(entry5.o)
    0x000000c8   0x000000c8   0x00000000   Code   RO          954    .ARM.Collect$$$$00000008  mc_p.l(entry7b.o)
    0x000000c8   0x000000c8   0x00000000   Code   RO          956    .ARM.Collect$$$$0000000A  mc_p.l(entry8b.o)
    0x000000c8   0x000000c8   0x00000008   Code   RO          957    .ARM.Collect$$$$0000000B  mc_p.l(entry9a.o)
    0x000000d0   0x000000d0   0x00000000   Code   RO          959    .ARM.Collect$$$$0000000D  mc_p.l(entry10a.o)
    0x000000d0   0x000000d0   0x00000000   Code   RO          961    .ARM.Collect$$$$0000000F  mc_p.l(entry11a.o)
    0x000000d0   0x000000d0   0x00000004   Code   RO          950    .ARM.Collect$$$$00002712  mc_p.l(entry2.o)
    0x000000d4   0x000000d4   0x0000003c   Code   RO            4    .text               startup_hc32l13x.o
    0x00000110   0x00000110   0x0000002c   Code   RO          919    .text               mc_p.l(uidiv.o)
    0x0000013c   0x0000013c   0x000000a2   Code   RO          923    .text               mc_p.l(qsort.o)
    0x000001de   0x000001de   0x00000024   Code   RO          925    .text               mc_p.l(memseta.o)
    0x00000202   0x00000202   0x000000b2   Code   RO          927    .text               mf_p.l(fadd.o)
    0x000002b4   0x000002b4   0x0000007a   Code   RO          929    .text               mf_p.l(fmul.o)
    0x0000032e   0x0000032e   0x0000007c   Code   RO          931    .text               mf_p.l(fdiv.o)
    0x000003aa   0x000003aa   0x00000002   PAD
    0x000003ac   0x000003ac   0x00000164   Code   RO          933    .text               mf_p.l(dadd.o)
    0x00000510   0x00000510   0x0000001c   Code   RO          937    .text               mf_p.l(fcmplt.o)
    0x0000052c   0x0000052c   0x0000001c   Code   RO          939    .text               mf_p.l(fcmpgt.o)
    0x00000548   0x00000548   0x0000000e   Code   RO          941    .text               mf_p.l(ffltui.o)
    0x00000556   0x00000556   0x00000032   Code   RO          943    .text               mf_p.l(ffixi.o)
    0x00000588   0x00000588   0x00000028   Code   RO          945    .text               mf_p.l(f2d.o)
    0x000005b0   0x000005b0   0x00000038   Code   RO          947    .text               mf_p.l(d2f.o)
    0x000005e8   0x000005e8   0x00000020   Code   RO          963    .text               mc_p.l(llshl.o)
    0x00000608   0x00000608   0x00000026   Code   RO          965    .text               mc_p.l(llsshr.o)
    0x0000062e   0x0000062e   0x00000000   Code   RO          967    .text               mc_p.l(iusefp.o)
    0x0000062e   0x0000062e   0x00000082   Code   RO          968    .text               mf_p.l(fepilogue.o)
    0x000006b0   0x000006b0   0x000000be   Code   RO          970    .text               mf_p.l(depilogue.o)
    0x0000076e   0x0000076e   0x00000002   PAD
    0x00000770   0x00000770   0x00000024   Code   RO          974    .text               mc_p.l(init.o)
    0x00000794   0x00000794   0x00000022   Code   RO          976    .text               mc_p.l(llushr.o)
    0x000007b6   0x000007b6   0x0000000e   Code   RO           93    .text.$Sub$$main    system_hc32l13x.o
    0x000007c4   0x000007c4   0x00000030   Code   RO          854    .text.ADC2Voltage   cn121_api.o
    0x000007f4   0x000007f4   0x00000008   Code   RO           65    .text.ADC_IRQHandler  interrupts_hc32l13x.o
    0x000007fc   0x000007fc   0x00000018   Code   RO          245    .text.Adc_CfgSglChannel  adc.o
    0x00000814   0x00000814   0x00000010   Code   RO          211    .text.Adc_ClrIrqStatus  adc.o
    0x00000824   0x00000824   0x00000010   Code   RO          213    .text.Adc_EnableIrq  adc.o
    0x00000834   0x00000834   0x00000014   Code   RO          209    .text.Adc_GetIrqStatus  adc.o
    0x00000848   0x00000848   0x0000000c   Code   RO          251    .text.Adc_GetSglResult  adc.o
    0x00000854   0x00000854   0x0000002a   Code   RO          108    .text.Adc_IRQHandler  main.o
    0x0000087e   0x0000087e   0x00000002   PAD
    0x00000880   0x00000880   0x00000058   Code   RO          217    .text.Adc_Init      adc.o
    0x000008d8   0x000008d8   0x00000008   Code   RO          225    .text.Adc_SGL_Start  adc.o
    0x000008e0   0x000008e0   0x0000000c   Code   RO          227    .text.Adc_SGL_Stop  adc.o
    0x000008ec   0x000008ec   0x00000040   Code   RO          751    .text.App_AdcInit   cn121_utils.o
    0x0000092c   0x0000092c   0x00000014   Code   RO          749    .text.App_AdcPortInit  cn121_utils.o
    0x00000940   0x00000940   0x00000018   Code   RO          753    .text.App_AdcSglCfg  cn121_utils.o
    0x00000958   0x00000958   0x00000040   Code   RO          755    .text.App_ClockCfg  cn121_utils.o
    0x00000998   0x00000998   0x00000036   Code   RO          757    .text.App_LEDPortCfg  cn121_utils.o
    0x000009ce   0x000009ce   0x00000062   Code   RO          759    .text.App_Timer0Cfg  cn121_utils.o
    0x00000a30   0x00000a30   0x000000b8   Code   RO          761    .text.App_UartCfg   cn121_utils.o
    0x00000ae8   0x00000ae8   0x00000018   Code   RO          331    .text.Bgr_BgrEnable  bgr.o
    0x00000b00   0x00000b00   0x00000014   Code   RO          560    .text.Bt_ClearIntFlag  bt.o
    0x00000b14   0x00000b14   0x00000014   Code   RO          558    .text.Bt_GetIntFlag  bt.o
    0x00000b28   0x00000b28   0x00000018   Code   RO          590    .text.Bt_M0_ARRSet  bt.o
    0x00000b40   0x00000b40   0x0000001c   Code   RO          586    .text.Bt_M0_Cnt16Set  bt.o
    0x00000b5c   0x00000b5c   0x00000010   Code   RO          578    .text.Bt_M0_Run     bt.o
    0x00000b6c   0x00000b6c   0x00000014   Code   RO          564    .text.Bt_Mode0_EnableIrq  bt.o
    0x00000b80   0x00000b80   0x00000084   Code   RO          576    .text.Bt_Mode0_Init  bt.o
    0x00000c04   0x00000c04   0x00000008   Code   RO           79    .text.CLKTRIM_IRQHandler  interrupts_hc32l13x.o
    0x00000c0c   0x00000c0c   0x0000005c   Code   RO          874    .text.CN121_AutoFR  cn121_api.o
    0x00000c68   0x00000c68   0x00000044   Code   RO          872    .text.CN121_AutoFR_Trig  cn121_api.o
    0x00000cac   0x00000cac   0x0000011c   Code   RO          898    .text.CN121_Data_Proc  cn121_api.o
    0x00000dc8   0x00000dc8   0x0000004c   Code   RO          866    .text.CN121_FR_Off  cn121_api.o
    0x00000e14   0x00000e14   0x0000004c   Code   RO          864    .text.CN121_FR_On   cn121_api.o
    0x00000e60   0x00000e60   0x00000060   Code   RO          890    .text.CN121_Init    cn121_api.o
    0x00000ec0   0x00000ec0   0x0000002c   Code   RO          876    .text.CN121_LOD_Detect  cn121_api.o
    0x00000eec   0x00000eec   0x0000001c   Code   RO          896    .text.CN121_LOD_ON_Init  cn121_api.o
    0x00000f08   0x00000f08   0x00000028   Code   RO          850    .text.CN121_Parameter_Init  cn121_api.o
    0x00000f30   0x00000f30   0x0000004c   Code   RO          856    .text.CN121_PowerOn  cn121_api.o
    0x00000f7c   0x00000f7c   0x00000018   Code   RO          878    .text.CN121_Reset   cn121_api.o
    0x00000f94   0x00000f94   0x00000054   Code   RO          870    .text.CN121_Set_Bandwidth  cn121_api.o
    0x00000fe8   0x00000fe8   0x00000050   Code   RO          868    .text.CN121_Set_Gain  cn121_api.o
    0x00001038   0x00001038   0x00000050   Code   RO          862    .text.CN121_StandbyOff  cn121_api.o
    0x00001088   0x00001088   0x00000008   Code   RO          832    .text.CN121_ecg_filter  cn121_ecg_filter.o
    0x00001090   0x00001090   0x00000008   Code   RO          902    .text.CN121_heart_Rate  cn121_api.o
    0x00001098   0x00001098   0x00000004   Code   RO          709    .text.CN1xx_SPI_ReadWrite  cn121_utils.o
    0x0000109c   0x0000109c   0x00000008   Code   RO          707    .text.CN1xx_delay_us  cn121_utils.o
    0x000010a4   0x000010a4   0x0000000c   Code   RO          731    .text.DB_CSB_RESET  cn121_utils.o
    0x000010b0   0x000010b0   0x0000000c   Code   RO          729    .text.DB_CSB_SET    cn121_utils.o
    0x000010bc   0x000010bc   0x0000000c   Code   RO          743    .text.DB_HR_PULSE_RESET  cn121_utils.o
    0x000010c8   0x000010c8   0x0000001a   Code   RO          741    .text.DB_HR_PULSE_SET  cn121_utils.o
    0x000010e2   0x000010e2   0x00000010   Code   RO          717    .text.DB_LOD1_LOW   cn121_utils.o
    0x000010f2   0x000010f2   0x00000012   Code   RO          721    .text.DB_MISO_HIGH  cn121_utils.o
    0x00001104   0x00001104   0x0000000c   Code   RO          739    .text.DB_MOSI_RESET  cn121_utils.o
    0x00001110   0x00001110   0x0000000c   Code   RO          737    .text.DB_MOSI_SET   cn121_utils.o
    0x0000111c   0x0000111c   0x0000000c   Code   RO          735    .text.DB_SCLK_RESET  cn121_utils.o
    0x00001128   0x00001128   0x0000000c   Code   RO          733    .text.DB_SCLK_SET   cn121_utils.o
    0x00001134   0x00001134   0x00000008   Code   RO           25    .text.DMAC_IRQHandler  interrupts_hc32l13x.o
    0x0000113c   0x0000113c   0x00000088   Code   RO           11    .text.EnableNvic    interrupts_hc32l13x.o
    0x000011c4   0x000011c4   0x00000040   Code   RO          882    .text.FIFO_Pop      cn121_api.o
    0x00001204   0x00001204   0x00000044   Code   RO          880    .text.FIFO_Push     cn121_api.o
    0x00001248   0x00001248   0x0000000c   Code   RO           77    .text.FLASH_RAM_IRQHandler  interrupts_hc32l13x.o
    0x00001254   0x00001254   0x00000034   Code   RO          694    .text.Flash_WaitCycle  flash.o
    0x00001288   0x00001288   0x0000002e   Code   RO          745    .text.GPIO_HR_PULSE_Init  cn121_utils.o
    0x000012b6   0x000012b6   0x00000028   Code   RO          711    .text.GPIO_LOD_Init  cn121_utils.o
    0x000012de   0x000012de   0x0000003a   Code   RO          747    .text.GPIO_PULSE_ENABLE_Init  cn121_utils.o
    0x00001318   0x00001318   0x00000070   Code   RO          715    .text.GPIO_SPI_Init  cn121_utils.o
    0x00001388   0x00001388   0x0000000a   Code   RO          147    .text.GetBit        ddl.o
    0x00001392   0x00001392   0x00000002   PAD
    0x00001394   0x00001394   0x00000014   Code   RO          287    .text.Gpio_ClrIO    gpio.o
    0x000013a8   0x000013a8   0x00000010   Code   RO          273    .text.Gpio_GetInputIO  gpio.o
    0x000013b8   0x000013b8   0x00000088   Code   RO          271    .text.Gpio_Init     gpio.o
    0x00001440   0x00001440   0x00000010   Code   RO          293    .text.Gpio_SetAfMode  gpio.o
    0x00001450   0x00001450   0x00000014   Code   RO          291    .text.Gpio_SetAnalogMode  gpio.o
    0x00001464   0x00001464   0x00000014   Code   RO          283    .text.Gpio_SetIO    gpio.o
    0x00001478   0x00001478   0x00000014   Code   RO          277    .text.Gpio_WriteOutputIO  gpio.o
    0x0000148c   0x0000148c   0x00000010   Code   RO           13    .text.HardFault_Handler  interrupts_hc32l13x.o
    0x0000149c   0x0000149c   0x00000008   Code   RO           41    .text.I2C0_IRQHandler  interrupts_hc32l13x.o
    0x000014a4   0x000014a4   0x00000008   Code   RO           43    .text.I2C1_IRQHandler  interrupts_hc32l13x.o
    0x000014ac   0x000014ac   0x00000008   Code   RO           75    .text.LCD_IRQHandler  interrupts_hc32l13x.o
    0x000014b4   0x000014b4   0x00000008   Code   RO           51    .text.LPTIM_IRQHandler  interrupts_hc32l13x.o
    0x000014bc   0x000014bc   0x00000008   Code   RO           33    .text.LPUART0_IRQHandler  interrupts_hc32l13x.o
    0x000014c4   0x000014c4   0x00000008   Code   RO           35    .text.LPUART1_IRQHandler  interrupts_hc32l13x.o
    0x000014cc   0x000014cc   0x00000008   Code   RO           73    .text.LVD_IRQHandler  interrupts_hc32l13x.o
    0x000014d4   0x000014d4   0x00000008   Code   RO           59    .text.PCA_IRQHandler  interrupts_hc32l13x.o
    0x000014dc   0x000014dc   0x00000008   Code   RO           67    .text.PCNT_IRQHandler  interrupts_hc32l13x.o
    0x000014e4   0x000014e4   0x00000008   Code   RO           17    .text.PORTA_IRQHandler  interrupts_hc32l13x.o
    0x000014ec   0x000014ec   0x00000008   Code   RO           19    .text.PORTB_IRQHandler  interrupts_hc32l13x.o
    0x000014f4   0x000014f4   0x00000008   Code   RO           21    .text.PORTC_IRQHandler  interrupts_hc32l13x.o
    0x000014fc   0x000014fc   0x00000008   Code   RO           23    .text.PORTD_IRQHandler  interrupts_hc32l13x.o
    0x00001504   0x00001504   0x000001d4   Code   RO          777    .text.QRSDet_V2     cn121_qrs_det.o
    0x000016d8   0x000016d8   0x00000040   Code   RO          771    .text.QRSDet_V2_init  cn121_qrs_det.o
    0x00001718   0x00001718   0x00000008   Code   RO           63    .text.RTC_IRQHandler  interrupts_hc32l13x.o
    0x00001720   0x00001720   0x00000008   Code   RO           37    .text.SPI0_IRQHandler  interrupts_hc32l13x.o
    0x00001728   0x00001728   0x00000008   Code   RO           39    .text.SPI1_IRQHandler  interrupts_hc32l13x.o
    0x00001730   0x00001730   0x00000098   Code   RO          852    .text.SPI_ReadWrite  cn121_api.o
    0x000017c8   0x000017c8   0x00000016   Code   RO          145    .text.SetBit        ddl.o
    0x000017de   0x000017de   0x00000008   Code   RO           15    .text.SysTick_Handler  interrupts_hc32l13x.o
    0x000017e6   0x000017e6   0x00000002   PAD
    0x000017e8   0x000017e8   0x00000110   Code   RO          157    .text.Sysctrl_ClkSourceEnable  sysctrl.o
    0x000018f8   0x000018f8   0x000000f0   Code   RO          173    .text.Sysctrl_GetHClkFreq  sysctrl.o
    0x000019e8   0x000019e8   0x00000014   Code   RO          175    .text.Sysctrl_GetPClkFreq  sysctrl.o
    0x000019fc   0x000019fc   0x000000b0   Code   RO          189    .text.Sysctrl_SetPLLFreq  sysctrl.o
    0x00001aac   0x00001aac   0x0000001c   Code   RO          169    .text.Sysctrl_SetPLLStableTime  sysctrl.o
    0x00001ac8   0x00001ac8   0x00000014   Code   RO          193    .text.Sysctrl_SetPeripheralGate  sysctrl.o
    0x00001adc   0x00001adc   0x00000030   Code   RO          171    .text.Sysctrl_SysClkSwitch  sysctrl.o
    0x00001b0c   0x00001b0c   0x0000000c   Code   RO           89    .text.SystemCoreClockUpdate  system_hc32l13x.o
    0x00001b18   0x00001b18   0x00000054   Code   RO           91    .text.SystemInit    system_hc32l13x.o
    0x00001b6c   0x00001b6c   0x00000008   Code   RO           45    .text.TIM0_IRQHandler  interrupts_hc32l13x.o
    0x00001b74   0x00001b74   0x00000008   Code   RO           47    .text.TIM1_IRQHandler  interrupts_hc32l13x.o
    0x00001b7c   0x00001b7c   0x00000008   Code   RO           49    .text.TIM2_IRQHandler  interrupts_hc32l13x.o
    0x00001b84   0x00001b84   0x00000008   Code   RO           27    .text.TIM3_IRQHandler  interrupts_hc32l13x.o
    0x00001b8c   0x00001b8c   0x00000008   Code   RO           53    .text.TIM4_IRQHandler  interrupts_hc32l13x.o
    0x00001b94   0x00001b94   0x00000008   Code   RO           55    .text.TIM5_IRQHandler  interrupts_hc32l13x.o
    0x00001b9c   0x00001b9c   0x00000008   Code   RO           57    .text.TIM6_IRQHandler  interrupts_hc32l13x.o
    0x00001ba4   0x00001ba4   0x00000038   Code   RO          106    .text.Tim0_IRQHandler  main.o
    0x00001bdc   0x00001bdc   0x00000008   Code   RO           29    .text.UART0_IRQHandler  interrupts_hc32l13x.o
    0x00001be4   0x00001be4   0x00000008   Code   RO           31    .text.UART1_IRQHandler  interrupts_hc32l13x.o
    0x00001bec   0x00001bec   0x00000010   Code   RO          368    .text.Uart_ClrStatus  uart.o
    0x00001bfc   0x00001bfc   0x0000000e   Code   RO          358    .text.Uart_EnableFunc  uart.o
    0x00001c0a   0x00001c0a   0x0000000e   Code   RO          346    .text.Uart_EnableIrq  uart.o
    0x00001c18   0x00001c18   0x00000070   Code   RO          378    .text.Uart_Init     uart.o
    0x00001c88   0x00001c88   0x00000038   Code   RO          370    .text.Uart_SendDataPoll  uart.o
    0x00001cc0   0x00001cc0   0x00000008   Code   RO           69    .text.VC0_IRQHandler  interrupts_hc32l13x.o
    0x00001cc8   0x00001cc8   0x00000008   Code   RO           71    .text.VC1_IRQHandler  interrupts_hc32l13x.o
    0x00001cd0   0x00001cd0   0x00000008   Code   RO           61    .text.WDT_IRQHandler  interrupts_hc32l13x.o
    0x00001cd8   0x00001cd8   0x0000000c   Code   RO          781    .text.compar        cn121_qrs_det.o
    0x00001ce4   0x00001ce4   0x00000014   Code   RO          125    .text.ddl_memclr    ddl.o
    0x00001cf8   0x00001cf8   0x00000040   Code   RO          141    .text.delay100us    ddl.o
    0x00001d38   0x00001d38   0x00000044   Code   RO          143    .text.delay10us     ddl.o
    0x00001d7c   0x00001d7c   0x0000004c   Code   RO          139    .text.delay1ms      ddl.o
    0x00001dc8   0x00001dc8   0x0000007c   Code   RO          773    .text.diff_filt     cn121_qrs_det.o
    0x00001e44   0x00001e44   0x00000080   Code   RO          775    .text.extreme_det   cn121_qrs_det.o
    0x00001ec4   0x00001ec4   0x0000000c   Code   RO          783    .text.get_heart_Rate  cn121_qrs_det.o
    0x00001ed0   0x00001ed0   0x000000d8   Code   RO          796    .text.hr_mean_filt_rr_interval  cn121_hr_smooth.o
    0x00001fa8   0x00001fa8   0x00000074   Code   RO          820    .text.lp_fir_filter  cn121_ecg_filter.o
    0x0000201c   0x0000201c   0x00000180   Code   RO          104    .text.main          main.o
    0x0000219c   0x0000219c   0x0000001c   Code   RO          779    .text.median        cn121_qrs_det.o
    0x000021b8   0x000021b8   0x0000002e   Code   RO          972    i.__ARM_clz         mf_p.l(depilogue.o)
    0x000021e6   0x000021e6   0x0000000e   Code   RO          980    i.__scatterload_copy  mc_p.l(handlers.o)
    0x000021f4   0x000021f4   0x00000002   Code   RO          981    i.__scatterload_null  mc_p.l(handlers.o)
    0x000021f6   0x000021f6   0x0000000e   Code   RO          982    i.__scatterload_zeroinit  mc_p.l(handlers.o)
    0x00002204   0x00002204   0x00000008   Data   RO          786    .rodata.cst8        cn121_qrs_det.o
    0x0000220c   0x0000220c   0x000000e4   Data   RO          838    .rodata.lp_fir_coeffs  cn121_ecg_filter.o
    0x000022f0   0x000022f0   0x00000020   Data   RO          979    Region$$Table       anon$$obj.o


    Execution Region RW_IRAM1 (Exec base: 0x20000000, Load base: 0x00002310, Size: 0x000012b0, Max: 0x00002000, ABSOLUTE)

    Exec Addr    Load Addr    Size         Type   Attr      Idx    E Section Name        Object

    0x20000000   0x00002310   0x0000000c   Data   RW          907    .data..L_MergedGlobals  cn121_api.o
    0x2000000c   0x0000231c   0x00000001   Data   RW          110    .data.HR_pulse_high_valid  main.o
    0x2000000d   0x0000231d   0x00000003   PAD
    0x20000010   0x00002320   0x00000004   Data   RW           95    .data.SystemCoreClock  system_hc32l13x.o
    0x20000014   0x00002324   0x00000004   PAD
    0x20000018        -       0x00000010   Zero   RW          114    .bss..L_MergedGlobals  main.o
    0x20000028        -       0x00000050   Zero   RW          787    .bss..L_MergedGlobals  cn121_qrs_det.o
    0x20000078        -       0x00000020   Zero   RW          811    .bss..L_MergedGlobals  cn121_hr_smooth.o
    0x20000098        -       0x00000010   Zero   RW          908    .bss..L_MergedGlobals.1  cn121_api.o
    0x200000a8        -       0x00000002   Zero   RW          906    .bss.autofr_trig_cnt  cn121_api.o
    0x200000aa   0x00002324   0x00000002   PAD
    0x200000ac        -       0x00000bb8   Zero   RW          785    .bss.ecg_m          cn121_qrs_det.o
    0x20000c64        -       0x00000108   Zero   RW          905    .bss.fifo           cn121_api.o
    0x20000d6c        -       0x00000258   Zero   RW          808    .bss.hr_mean_filt_rr_interval.hr_filt_State  cn121_hr_smooth.o
    0x20000fc4        -       0x00000002   Zero   RW          835    .bss.lp_fir_cur_pnt  cn121_ecg_filter.o
    0x20000fc6   0x00002324   0x00000002   PAD
    0x20000fc8        -       0x000000e4   Zero   RW          836    .bss.lp_fir_state   cn121_ecg_filter.o
    0x200010ac   0x00002324   0x00000004   PAD
    0x200010b0        -       0x00000200   Zero   RW            1    STACK               startup_hc32l13x.o


==============================================================================

Image component sizes


      Code (inc. data)   RO Data    RW Data    ZI Data      Debug   Object Name

       196         20          0          0          0      17532   adc.o
        24          4          0          0          0       1146   bgr.o
       260         24          0          0          0      28002   bt.o
      1488         48          0         12        282       9517   cn121_api.o
       124         12        228          0        230       4003   cn121_ecg_filter.o
       216         28          0          0        632       3426   cn121_hr_smooth.o
       836         36          8          0       3080       5662   cn121_qrs_det.o
       920         12          0          0          0      14664   cn121_utils.o
       260         16          0          0          0       3464   ddl.o
        52         12          0          0          0       7821   flash.o
       248         36          0          0          0      44271   gpio.o
       420         20          0          0          0       6297   interrupts_hc32l13x.o
       482         36          0          1         16       5160   main.o
        60         22        192          0        512        612   startup_hc32l13x.o
       804         72          0          0          0      50060   sysctrl.o
       110         24          0          4          0       4235   system_hc32l13x.o
       212          8          0          0          0       8662   uart.o

    ----------------------------------------------------------------------
      6718        430        460         20       4764     214534   Object Totals
         0          0         32          0          0          0   (incl. Generated)
         6          0          0          3         12          0   (incl. Padding)

    ----------------------------------------------------------------------

      Code (inc. data)   RO Data    RW Data    ZI Data      Debug   Library Member Name

         0          0          0          0          0          0   entry.o
         0          0          0          0          0          0   entry10a.o
         0          0          0          0          0          0   entry11a.o
         8          4          0          0          0          0   entry2.o
         4          0          0          0          0          0   entry5.o
         0          0          0          0          0          0   entry7b.o
         0          0          0          0          0          0   entry8b.o
         8          4          0          0          0          0   entry9a.o
        30          0          0          0          0          0   handlers.o
        36          8          0          0          0         68   init.o
         0          0          0          0          0          0   iusefp.o
        32          0          0          0          0         68   llshl.o
        38          0          0          0          0         68   llsshr.o
        34          0          0          0          0         68   llushr.o
        36          0          0          0          0        100   memseta.o
       162          0          0          0          0         80   qsort.o
        44          0          0          0          0         72   uidiv.o
        56          0          0          0          0         68   d2f.o
       356          4          0          0          0        140   dadd.o
       236          0          0          0          0        216   depilogue.o
        40          0          0          0          0         60   f2d.o
       178          0          0          0          0        108   fadd.o
        28          0          0          0          0         60   fcmpgt.o
        28          0          0          0          0         60   fcmplt.o
       124          0          0          0          0         72   fdiv.o
       130          0          0          0          0        144   fepilogue.o
        50          0          0          0          0         60   ffixi.o
        14          0          0          0          0         68   ffltui.o
       122          0          0          0          0         72   fmul.o

    ----------------------------------------------------------------------
      1798         20          0          0          0       1652   Library Totals
         4          0          0          0          0          0   (incl. Padding)

    ----------------------------------------------------------------------

      Code (inc. data)   RO Data    RW Data    ZI Data      Debug   Library Name

       432         16          0          0          0        524   mc_p.l
      1362          4          0          0          0       1128   mf_p.l

    ----------------------------------------------------------------------
      1798         20          0          0          0       1652   Library Totals

    ----------------------------------------------------------------------

==============================================================================


      Code (inc. data)   RO Data    RW Data    ZI Data      Debug   

      8516        450        460         20       4764     215350   Grand Totals
      8516        450        460         20       4764     215350   ELF Image Totals
      8516        450        460         20          0          0   ROM Totals

==============================================================================

    Total RO  Size (Code + RO Data)                 8976 (   8.77kB)
    Total RW  Size (RW Data + ZI Data)              4784 (   4.67kB)
    Total ROM Size (Code + RO Data + RW Data)       8996 (   8.79kB)

==============================================================================

