<html>
<body>
<pre>
<h1>µVision Build Log</h1>
<h2>Tool Versions:</h2>
IDE-Version: ¦ÌVision V5.31.0.0
Copyright (C) 2020 ARM Ltd and ARM Germany GmbH. All rights reserved.
License Information: ZORR LOU, ALINKE, LIC=EPPLD-8HVG4-240SS-LWQKT-3YTSJ-EBV6R
 
Tool Versions:
Toolchain:       MDK-ARM Professional  Version: 5.31.0.0
Toolchain Path:  C:\Keil_v5\ARM\ARMCLANG\Bin
C Compiler:      ArmClang.exe V6.14
Assembler:       Armasm.exe V6.14
Linker/Locator:  ArmLink.exe V6.14
Library Manager: ArmAr.exe V6.14
Hex Converter:   FromElf.exe V6.14
CPU DLL:         SARMCM3.DLL V5.31.0.0
Dialog DLL:      DARMCM1.DLL V1.19.3.0
Target DLL:      Segger\JL2CM3.dll V2.99.42.0
Dialog DLL:      TARMCM1.DLL V1.14.2.0
 
<h2>Project:</h2>
E:\19.runningM\6.hc32l136\proj\CNM8600_4.0\example\MDK\CNM8600.uvprojx
Project File Date:  02/07/2025

<h2>Output:</h2>
*** Using Compiler 'V6.14', folder: 'C:\Keil_v5\ARM\ARMCLANG\Bin'
Rebuild target 'CNM8600'
compiling bgr.c...
assembling startup_hc32l13x.s...
compiling system_hc32l13x.c...
compiling interrupts_hc32l13x.c...
compiling dmac.c...
compiling gpio.c...
compiling main.c...
compiling timer3.c...
compiling flash.c...
compiling 5p3k_receiver.c...
compiling CN121_utils.c...
compiling CN121_qrs_Det.c...
compiling CN121_HR_smooth.c...
compiling bt.c...
compiling CN121_ECG_Filter.c...
compiling CN121_API.c...
compiling ddl.c...
compiling sysctrl.c...
compiling adc.c...
compiling uart.c...
linking...
Program Size: Code=9804 RO-data=460 RW-data=184 ZI-data=5000  
FromELF: creating hex file...
".\output\release\CNM8600.axf" - 0 Error(s), 0 Warning(s).

<h2>Software Packages used:</h2>

Package Vendor: ARM
                https://www.keil.com/pack/ARM.CMSIS.6.0.0.pack
                ARM.CMSIS.6.0.0
                CMSIS (Common Microcontroller Software Interface Standard)
   * Component: CORE Version: 6.0.0

Package Vendor: HDSC
                https://raw.githubusercontent.com/hdscmcu/pack/master/HDSC.HC32L13x.1.2.0.pack
                HDSC.HC32L13x.1.2.0
                HC32L13x ARM Cortex-M0+ Device Family Pack

<h2>Collection of Component include folders:</h2>
  .\RTE\_CNM8600
  C:\Users\Cyzur123\AppData\Local\Arm\Packs\ARM\CMSIS\6.0.0\CMSIS\Core\Include
  C:\Users\Cyzur123\AppData\Local\Arm\Packs\HDSC\HC32L13x\1.2.0\Device\Include

<h2>Collection of Component Files used:</h2>

   * Component: ARM::CMSIS:CORE:6.0.0
Build Time Elapsed:  00:00:41
</pre>
</body>
</html>
